Archive member included to satisfy reference by file (symbol)

lib\screen\lcd\liblcd.a(LCD_Driver.c.obj)
                              CMakeFiles/main.dir/main.c.obj (LCD_Init)
lib\screen\lcd\liblcd.a(LCD_Touch.c.obj)
                              CMakeFiles/main.dir/main.c.obj (TP_Init)
lib\screen\font\libfont.a(Font104x60.c.obj)
                              CMakeFiles/main.dir/main.c.obj (Font104x60)
lib\screen\font\libfont.a(font20x12.c.obj)
                              CMakeFiles/main.dir/main.c.obj (Font20x12)
lib\screen\font\libfont.a(font30x17.c.obj)
                              CMakeFiles/main.dir/main.c.obj (Font30x17)
lib\screen\font\libfont.a(font68x39.c.obj)
                              CMakeFiles/main.dir/main.c.obj (Font68x39)
lib\screen\config\libconfig.a(DEV_Config.c.obj)
                              lib\screen\lcd\liblcd.a(LCD_Driver.c.obj) (DEV_Digital_Write)
c:/vsarm/armgcc/112202~1.02/bin/../lib/gcc/arm-none-eabi/11.2.1/thumb/v6-m/nofp\libgcc.a(_dvmd_tls.o)
                              CMakeFiles/main.dir/C_/VSARM/sdk/pico/pico-sdk/src/rp2_common/pico_divider/divider.S.obj (__aeabi_idiv0)
c:/vsarm/armgcc/112202~1.02/bin/../lib/gcc/arm-none-eabi/11.2.1/thumb/v6-m/nofp\libc.a(lib_a-calloc.o)
                              CMakeFiles/main.dir/C_/VSARM/sdk/pico/pico-sdk/src/rp2_common/pico_malloc/pico_malloc.c.obj (calloc)
c:/vsarm/armgcc/112202~1.02/bin/../lib/gcc/arm-none-eabi/11.2.1/thumb/v6-m/nofp\libc.a(lib_a-callocr.o)
                              c:/vsarm/armgcc/112202~1.02/bin/../lib/gcc/arm-none-eabi/11.2.1/thumb/v6-m/nofp\libc.a(lib_a-calloc.o) (_calloc_r)
c:/vsarm/armgcc/112202~1.02/bin/../lib/gcc/arm-none-eabi/11.2.1/thumb/v6-m/nofp\libc.a(lib_a-errno.o)
                              c:/vsarm/armgcc/112202~1.02/bin/../lib/gcc/arm-none-eabi/11.2.1/thumb/v6-m/nofp\libc.a(lib_a-callocr.o) (__errno)
c:/vsarm/armgcc/112202~1.02/bin/../lib/gcc/arm-none-eabi/11.2.1/thumb/v6-m/nofp\libc.a(lib_a-impure.o)
                              c:/vsarm/armgcc/112202~1.02/bin/../lib/gcc/arm-none-eabi/11.2.1/thumb/v6-m/nofp\libc.a(lib_a-calloc.o) (_impure_ptr)
c:/vsarm/armgcc/112202~1.02/bin/../lib/gcc/arm-none-eabi/11.2.1/thumb/v6-m/nofp\libc.a(lib_a-init.o)
                              c:/vsarm/armgcc/112202~1.02/bin/../lib/gcc/arm-none-eabi/11.2.1/thumb/v6-m/nofp/crt0.o (__libc_init_array)
c:/vsarm/armgcc/112202~1.02/bin/../lib/gcc/arm-none-eabi/11.2.1/thumb/v6-m/nofp\libc.a(lib_a-malloc.o)
                              CMakeFiles/main.dir/C_/VSARM/sdk/pico/pico-sdk/src/rp2_common/pico_malloc/pico_malloc.c.obj (malloc)
c:/vsarm/armgcc/112202~1.02/bin/../lib/gcc/arm-none-eabi/11.2.1/thumb/v6-m/nofp\libc.a(lib_a-mallocr.o)
                              c:/vsarm/armgcc/112202~1.02/bin/../lib/gcc/arm-none-eabi/11.2.1/thumb/v6-m/nofp\libc.a(lib_a-callocr.o) (_malloc_r)
c:/vsarm/armgcc/112202~1.02/bin/../lib/gcc/arm-none-eabi/11.2.1/thumb/v6-m/nofp\libc.a(lib_a-memmove.o)
                              CMakeFiles/main.dir/main.c.obj (memmove)
c:/vsarm/armgcc/112202~1.02/bin/../lib/gcc/arm-none-eabi/11.2.1/thumb/v6-m/nofp\libc.a(lib_a-mlock.o)
                              c:/vsarm/armgcc/112202~1.02/bin/../lib/gcc/arm-none-eabi/11.2.1/thumb/v6-m/nofp\libc.a(lib_a-mallocr.o) (__malloc_lock)
c:/vsarm/armgcc/112202~1.02/bin/../lib/gcc/arm-none-eabi/11.2.1/thumb/v6-m/nofp\libc.a(lib_a-rand.o)
                              CMakeFiles/main.dir/main.c.obj (rand)
c:/vsarm/armgcc/112202~1.02/bin/../lib/gcc/arm-none-eabi/11.2.1/thumb/v6-m/nofp\libc.a(lib_a-sbrkr.o)
                              c:/vsarm/armgcc/112202~1.02/bin/../lib/gcc/arm-none-eabi/11.2.1/thumb/v6-m/nofp\libc.a(lib_a-mallocr.o) (_sbrk_r)
c:/vsarm/armgcc/112202~1.02/bin/../lib/gcc/arm-none-eabi/11.2.1/thumb/v6-m/nofp\libc.a(lib_a-strcat.o)
                              CMakeFiles/main.dir/main.c.obj (strcat)
c:/vsarm/armgcc/112202~1.02/bin/../lib/gcc/arm-none-eabi/11.2.1/thumb/v6-m/nofp\libc.a(lib_a-strcmp.o)
                              CMakeFiles/main.dir/main.c.obj (strcmp)
c:/vsarm/armgcc/112202~1.02/bin/../lib/gcc/arm-none-eabi/11.2.1/thumb/v6-m/nofp\libc.a(lib_a-strcpy.o)
                              CMakeFiles/main.dir/main.c.obj (strcpy)
c:/vsarm/armgcc/112202~1.02/bin/../lib/gcc/arm-none-eabi/11.2.1/thumb/v6-m/nofp\libc.a(lib_a-strlen-stub.o)
                              CMakeFiles/main.dir/lib/tusb/usb_descriptors.c.obj (strlen)
c:/vsarm/armgcc/112202~1.02/bin/../lib/gcc/arm-none-eabi/11.2.1/thumb/v6-m/nofp\libc.a(lib_a-strsep.o)
                              CMakeFiles/main.dir/main.c.obj (strsep)
c:/vsarm/armgcc/112202~1.02/bin/../lib/gcc/arm-none-eabi/11.2.1/thumb/v6-m/nofp\libc.a(lib_a-strtok_r.o)
                              c:/vsarm/armgcc/112202~1.02/bin/../lib/gcc/arm-none-eabi/11.2.1/thumb/v6-m/nofp\libc.a(lib_a-strsep.o) (__strtok_r)
c:/vsarm/armgcc/112202~1.02/bin/../lib/gcc/arm-none-eabi/11.2.1/thumb/v6-m/nofp\libc.a(lib_a-strtol.o)
                              CMakeFiles/main.dir/main.c.obj (strtol)
[...]
Memory Configuration

Name             Origin             Length             Attributes
FLASH            0x10000000         0x00200000         xr
RAM              0x20000000         0x00040000         xrw
SCRATCH_X        0x20040000         0x00001000         xrw
SCRATCH_Y        0x20041000         0x00001000         xrw
*default*        0x00000000         0xffffffff

Linker script and memory map

LOAD c:/vsarm/armgcc/112202~1.02/bin/../lib/gcc/arm-none-eabi/11.2.1/thumb/v6-m/nofp/crti.o
LOAD c:/vsarm/armgcc/112202~1.02/bin/../lib/gcc/arm-none-eabi/11.2.1/thumb/v6-m/nofp/crtbegin.o
LOAD c:/vsarm/armgcc/112202~1.02/bin/../lib/gcc/arm-none-eabi/11.2.1/thumb/v6-m/nofp/crt0.o

.flash_begin    0x10000000        0x0
                0x10000000                __flash_binary_start = .

.boot2          0x10000000      0x100
                0x10000000                __boot2_start__ = .
 *(.boot2)
 .boot2         0x10000000      0x100 C:\Users\Rynhardt\AppData\Local\Temp\cc2P4h0s.o
                0x10000100                __boot2_end__ = .
                0x00000001                ASSERT (((__boot2_end__ - __boot2_start__) == 0x100), ERROR: Pico second stage bootloader must be 256 bytes in size)

.text           0x10000100     0xebb0
                0x10000100                __logical_binary_start = .
 *(.vectors)
 .vectors       0x10000100       0xd4 CMakeFiles/main.dir/C_/VSARM/sdk/pico/pico-sdk/src/rp2_common/pico_standard_link/crt0.S.obj
                0x10000100                __VECTOR_TABLE
                0x10000100                __vectors
                0x100001c0                isr_invalid
                0x100001c0                __default_isrs_start
                0x100001c2                isr_nmi
                0x100001c4                isr_hardfault
                0x100001c6                isr_svcall
                0x100001c8                isr_pendsv
                0x100001ca                isr_systick
                0x100001cc                isr_irq23
                0x100001cc                isr_irq18
                0x100001cc                isr_irq11
                0x100001cc                isr_irq28
                0x100001cc                isr_irq19
                0x100001cc                isr_irq0
                0x100001cc                isr_irq6
                0x100001cc                isr_irq5
                0x100001cc                isr_irq12
                0x100001cc                isr_irq22
                0x100001cc                isr_irq31
                0x100001cc                isr_irq17
                0x100001cc                isr_irq27
                0x100001cc                isr_irq30
                0x100001cc                isr_irq2
                0x100001cc                isr_irq10
                0x100001cc                isr_irq8
                0x100001cc                isr_irq24
                0x100001cc                isr_irq1
                0x100001cc                isr_irq7
                0x100001cc                isr_irq21
                0x100001cc                isr_irq20
                0x100001cc                isr_irq15
                0x100001cc                isr_irq25
                0x100001cc                isr_irq13
                0x100001cc                __unhandled_user_irq
                0x100001cc                isr_irq4
                0x100001cc                isr_irq16
                0x100001cc                isr_irq29
                0x100001cc                isr_irq26
                0x100001cc                __default_isrs_end
                0x100001cc                isr_irq3
                0x100001cc                isr_irq14
                0x100001cc                isr_irq9
                0x100001d2                unhandled_user_irq_num_in_r0
 *(.binary_info_header)
 .binary_info_header
                0x100001d4       0x14 CMakeFiles/main.dir/C_/VSARM/sdk/pico/pico-sdk/src/rp2_common/pico_standard_link/crt0.S.obj
                0x100001e8                __binary_info_header_end = .
 *(.reset)
 .reset         0x100001e8       0xa8 CMakeFiles/main.dir/C_/VSARM/sdk/pico/pico-sdk/src/rp2_common/pico_standard_link/crt0.S.obj
                0x100001e8                _entry_point
                0x10000266                __get_current_exception
 .reset         0x10000290       0x30 CMakeFiles/main.dir/C_/VSARM/sdk/pico/pico-sdk/src/rp2_common/pico_standard_link/binary_info.c.obj
 *(.init)
 .init          0x100002c0        0x4 c:/vsarm/armgcc/112202~1.02/bin/../lib/gcc/arm-none-eabi/11.2.1/thumb/v6-m/nofp/crti.o
                0x100002c0                _init
 *(EXCLUDE_FILE(*libm.a: *libc.a:*lib_a-mem*.o *libgcc.a:) .text*)
 .text.register_tm_clones
                0x100002c4       0x28 c:/vsarm/armgcc/112202~1.02/bin/../lib/gcc/arm-none-eabi/11.2.1/thumb/v6-m/nofp/crtbegin.o
 .text.frame_dummy
                0x100002ec       0x24 c:/vsarm/armgcc/112202~1.02/bin/../lib/gcc/arm-none-eabi/11.2.1/thumb/v6-m/nofp/crtbegin.o
 .text.stateSwitchLS0
                0x10000310       0x18 CMakeFiles/main.dir/main.c.obj
                0x10000310                stateSwitchLS0
 .text.stateSwitchLS1
                0x10000328       0x18 CMakeFiles/main.dir/main.c.obj
                0x10000328                stateSwitchLS1
 .text.stateSwitchLS2
                0x10000340       0x18 CMakeFiles/main.dir/main.c.obj
                0x10000340                stateSwitchLS2
 .text.stateSwitchRS0
                0x10000358       0x18 CMakeFiles/main.dir/main.c.obj
                0x10000358                stateSwitchRS0
 .text.stateSwitchRS1
                0x10000370       0x18 CMakeFiles/main.dir/main.c.obj
                0x10000370                stateSwitchRS1
 .text.stateSwitchRS2
                0x10000388       0x18 CMakeFiles/main.dir/main.c.obj
                0x10000388                stateSwitchRS2
 .text.midiSendUart0
                0x100003a0       0x24 CMakeFiles/main.dir/main.c.obj
                0x100003a0                midiSendUart0
 .text.midiSendUart1
                0x100003c4       0x24 CMakeFiles/main.dir/main.c.obj
                0x100003c4                midiSendUart1
 .text.pulseSync1
                0x100003e8        0xc CMakeFiles/main.dir/main.c.obj
                0x100003e8                pulseSync1
 .text.pulseSync2
                0x100003f4        0xc CMakeFiles/main.dir/main.c.obj
                0x100003f4                pulseSync2
 .text.A_FWD_HELP
                0x10000400       0x54 CMakeFiles/main.dir/main.c.obj
                0x10000400                A_FWD_HELP
 .text.A_BCK_HELP
                0x10000454       0x54 CMakeFiles/main.dir/main.c.obj
                0x10000454                A_BCK_HELP
 .text.A_SCROLL_UP_PRESET
                0x100004a8       0x18 CMakeFiles/main.dir/main.c.obj
                0x100004a8                A_SCROLL_UP_PRESET
 .text.A_SCROLL_DN_PRESET
                0x100004c0       0x14 CMakeFiles/main.dir/main.c.obj
                0x100004c0                A_SCROLL_DN_PRESET
 .text.A_LABEL_MENU_TIMEDOUT
                0x100004d4       0x30 CMakeFiles/main.dir/main.c.obj
                0x100004d4                A_LABEL_MENU_TIMEDOUT
 .text.A_BPM_HELP
                0x10000504       0x14 CMakeFiles/main.dir/main.c.obj
                0x10000504                A_BPM_HELP
 .text.A_BPM_BIG_HELP
                0x10000518       0x14 CMakeFiles/main.dir/main.c.obj
                0x10000518                A_BPM_BIG_HELP
 .text.A_LS0_HELP
                0x1000052c       0x30 CMakeFiles/main.dir/main.c.obj
                0x1000052c                A_LS0_HELP
 .text.A_LS1_HELP
                0x1000055c       0x30 CMakeFiles/main.dir/main.c.obj
                0x1000055c                A_LS1_HELP
 .text.A_LS2_HELP
                0x1000058c       0x30 CMakeFiles/main.dir/main.c.obj
                0x1000058c                A_LS2_HELP
 .text.A_RS0_HELP
                0x100005bc       0x30 CMakeFiles/main.dir/main.c.obj
                0x100005bc                A_RS0_HELP
 .text.A_RS1_HELP
                0x100005ec       0x30 CMakeFiles/main.dir/main.c.obj
                0x100005ec                A_RS1_HELP
 .text.A_RS2_HELP
                0x1000061c       0x30 CMakeFiles/main.dir/main.c.obj
                0x1000061c                A_RS2_HELP
 .text.A_BPM_PLUSONE
                0x1000064c       0x14 CMakeFiles/main.dir/main.c.obj
                0x1000064c                A_BPM_PLUSONE
 .text.A_BPM_PLUSTEN
                0x10000660       0x14 CMakeFiles/main.dir/main.c.obj
                0x10000660                A_BPM_PLUSTEN
 .text.A_BPM_MINUSONE
                0x10000674       0x14 CMakeFiles/main.dir/main.c.obj
                0x10000674                A_BPM_MINUSONE
 .text.A_BPM_MINUSTEN
                0x10000688       0x14 CMakeFiles/main.dir/main.c.obj
                0x10000688                A_BPM_MINUSTEN
 .text.initSwitchTouch
                0x1000069c        0xc CMakeFiles/main.dir/main.c.obj
                0x1000069c                initSwitchTouch
 .text.stateSwitchTouch
                0x100006a8       0x2c CMakeFiles/main.dir/main.c.obj
                0x100006a8                stateSwitchTouch
 .text.initSync1
                0x100006d4       0x14 CMakeFiles/main.dir/main.c.obj
                0x100006d4                initSync1
 .text.initSync2
                0x100006e8       0x14 CMakeFiles/main.dir/main.c.obj
                0x100006e8                initSync2
 .text.midiInitUart0
                0x100006fc       0x1c CMakeFiles/main.dir/main.c.obj
                0x100006fc                midiInitUart0
 .text.midiInitUart1
                0x10000718       0x1c CMakeFiles/main.dir/main.c.obj
                0x10000718                midiInitUart1
 .text.midiInitUsb
                0x10000734        0xc CMakeFiles/main.dir/main.c.obj
                0x10000734                midiInitUsb
 .text.midiSendUsb
                0x10000740       0x10 CMakeFiles/main.dir/main.c.obj
                0x10000740                midiSendUsb
 .text.checkButtons.constprop.1
                0x10000750       0xa8 CMakeFiles/main.dir/main.c.obj
 .text.checkButtons.constprop.2
                0x100007f8       0x80 CMakeFiles/main.dir/main.c.obj
 .text.A_LS1_SML_HELP
                0x10000878       0x30 CMakeFiles/main.dir/main.c.obj
                0x10000878                A_LS1_SML_HELP
 .text.A_RS1_SML_HELP
                0x100008a8       0x30 CMakeFiles/main.dir/main.c.obj
                0x100008a8                A_RS1_SML_HELP
 .text.A_RS2_SML_HELP
                0x100008d8       0x30 CMakeFiles/main.dir/main.c.obj
                0x100008d8                A_RS2_SML_HELP
 .text.A_LS2_SML_HELP
                0x10000908       0x30 CMakeFiles/main.dir/main.c.obj
                0x10000908                A_LS2_SML_HELP
 .text.initSwitchLS0
                0x10000938       0x24 CMakeFiles/main.dir/main.c.obj
                0x10000938                initSwitchLS0
 .text.initSwitchLS1
                0x1000095c       0x24 CMakeFiles/main.dir/main.c.obj
                0x1000095c                initSwitchLS1
 .text.initSwitchLS2
                0x10000980       0x24 CMakeFiles/main.dir/main.c.obj
                0x10000980                initSwitchLS2
 .text.initSwitchRS0
                0x100009a4       0x24 CMakeFiles/main.dir/main.c.obj
                0x100009a4                initSwitchRS0
 .text.initSwitchRS1
                0x100009c8       0x24 CMakeFiles/main.dir/main.c.obj
                0x100009c8                initSwitchRS1
 .text.initSwitchRS2
                0x100009ec       0x24 CMakeFiles/main.dir/main.c.obj
                0x100009ec                initSwitchRS2
 .text.drawStringBuffer.constprop.0
                0x10000a10      0x3f8 CMakeFiles/main.dir/main.c.obj
 .text.A_SELECT_1
                0x10000e08       0x44 CMakeFiles/main.dir/main.c.obj
                0x10000e08                A_SELECT_1
 .text.A_SELECT_2
                0x10000e4c       0x44 CMakeFiles/main.dir/main.c.obj
                0x10000e4c                A_SELECT_2
 .text.A_SELECT_3
                0x10000e90       0x44 CMakeFiles/main.dir/main.c.obj
                0x10000e90                A_SELECT_3
 .text.A_SELECT_4
                0x10000ed4       0x44 CMakeFiles/main.dir/main.c.obj
                0x10000ed4                A_SELECT_4
 .text.A_SELECT_5
                0x10000f18       0x44 CMakeFiles/main.dir/main.c.obj
                0x10000f18                A_SELECT_5
 .text.A_SELECT_6
                0x10000f5c       0x44 CMakeFiles/main.dir/main.c.obj
                0x10000f5c                A_SELECT_6
 .text.A_SELECT_7
                0x10000fa0       0x44 CMakeFiles/main.dir/main.c.obj
                0x10000fa0                A_SELECT_7
 .text.A_SELECT_8
                0x10000fe4       0x44 CMakeFiles/main.dir/main.c.obj
                0x10000fe4                A_SELECT_8
 .text.A_LABEL_MENU_RELEASEDSHORT
                0x10001028       0x48 CMakeFiles/main.dir/main.c.obj
                0x10001028                A_LABEL_MENU_RELEASEDSHORT
 .text.drawString.constprop.3
                0x10001070      0x194 CMakeFiles/main.dir/main.c.obj
 .text.drawString.constprop.2
                0x10001204      0x194 CMakeFiles/main.dir/main.c.obj
 .text.A_BCK_PRESET
                0x10001398       0x74 CMakeFiles/main.dir/main.c.obj
                0x10001398                A_BCK_PRESET
 .text.A_FWD_PRESET
                0x1000140c       0x80 CMakeFiles/main.dir/main.c.obj
                0x1000140c                A_FWD_PRESET
 .text.drawString.constprop.0
                0x1000148c      0x3ac CMakeFiles/main.dir/main.c.obj
 .text.drawString.constprop.1
                0x10001838      0x3b4 CMakeFiles/main.dir/main.c.obj
 .text.drawString.constprop.4
                0x10001bec      0x484 CMakeFiles/main.dir/main.c.obj
 .text.checkSwitchRS2
                0x10002070      0x134 CMakeFiles/main.dir/main.c.obj
                0x10002070                checkSwitchRS2
 .text.checkSwitchTouch
                0x100021a4      0x134 CMakeFiles/main.dir/main.c.obj
                0x100021a4                checkSwitchTouch
 .text.checkSwitchLS0
                0x100022d8      0x134 CMakeFiles/main.dir/main.c.obj
                0x100022d8                checkSwitchLS0
 .text.checkSwitchLS1
                0x1000240c      0x134 CMakeFiles/main.dir/main.c.obj
                0x1000240c                checkSwitchLS1
 .text.checkSwitchLS2
                0x10002540      0x134 CMakeFiles/main.dir/main.c.obj
                0x10002540                checkSwitchLS2
 .text.checkSwitchRS0
                0x10002674      0x134 CMakeFiles/main.dir/main.c.obj
                0x10002674                checkSwitchRS0
 .text.checkSwitchRS1
                0x100027a8      0x134 CMakeFiles/main.dir/main.c.obj
                0x100027a8                checkSwitchRS1
 .text.setCurrScreenIndex
                0x100028dc       0x40 CMakeFiles/main.dir/main.c.obj
                0x100028dc                setCurrScreenIndex
 .text.tud_mount_cb
                0x1000291c        0x4 CMakeFiles/main.dir/main.c.obj
                0x1000291c                tud_mount_cb
 .text.tud_umount_cb
                0x10002920        0x4 CMakeFiles/main.dir/main.c.obj
                0x10002920                tud_umount_cb
 .text.tud_suspend_cb
                0x10002924        0x4 CMakeFiles/main.dir/main.c.obj
                0x10002924                tud_suspend_cb
 .text.tud_resume_cb
                0x10002928        0x4 CMakeFiles/main.dir/main.c.obj
                0x10002928                tud_resume_cb
 .text.recvMidiSysex
                0x1000292c      0x14c CMakeFiles/main.dir/main.c.obj
                0x1000292c                recvMidiSysex
 .text.sendMidiSysex
                0x10002a78       0xc0 CMakeFiles/main.dir/main.c.obj
                0x10002a78                sendMidiSysex
 .text.parseValue
                0x10002b38      0x12c CMakeFiles/main.dir/main.c.obj
                0x10002b38                parseValue
 .text.midiClock
                0x10002c64       0x3c CMakeFiles/main.dir/main.c.obj
                0x10002c64                midiClock
 .text.parseFunction
                0x10002ca0      0x460 CMakeFiles/main.dir/main.c.obj
                0x10002ca0                parseFunction
 .text.checkSwitches
                0x10003100      0x424 CMakeFiles/main.dir/main.c.obj
                0x10003100                checkSwitches
 .text.main_core1
                0x10003524      0x378 CMakeFiles/main.dir/main.c.obj
                0x10003524                main_core1
 .text.drawRoundCorners
                0x1000389c      0x2d8 CMakeFiles/main.dir/main.c.obj
                0x1000389c                drawRoundCorners
 .text.drawRoundedRectangle
                0x10003b74      0x17c CMakeFiles/main.dir/main.c.obj
                0x10003b74                drawRoundedRectangle
 .text.drawButton
                0x10003cf0       0x9c CMakeFiles/main.dir/main.c.obj
                0x10003cf0                drawButton
 .text.S_MENU   0x10003d8c      0x1c8 CMakeFiles/main.dir/main.c.obj
                0x10003d8c                S_MENU
 .text.S_SYSTEM
                0x10003f54      0x200 CMakeFiles/main.dir/main.c.obj
                0x10003f54                S_SYSTEM
 .text.S_SNAKE  0x10004154      0x534 CMakeFiles/main.dir/main.c.obj
                0x10004154                S_SNAKE
 .text.showLogo
                0x10004688      0x370 CMakeFiles/main.dir/main.c.obj
                0x10004688                showLogo
 .text.confirmButton
                0x100049f8      0x100 CMakeFiles/main.dir/main.c.obj
                0x100049f8                confirmButton
 .text.A_SYSTEM_SYSEX_SEND
                0x10004af8       0x10 CMakeFiles/main.dir/main.c.obj
                0x10004af8                A_SYSTEM_SYSEX_SEND
 .text.A_SYSTEM_SYSEX_RECV
                0x10004b08       0x10 CMakeFiles/main.dir/main.c.obj
                0x10004b08                A_SYSTEM_SYSEX_RECV
 .text.A_SYSTEM_FACTORY_RESET
                0x10004b18       0x4c CMakeFiles/main.dir/main.c.obj
                0x10004b18                A_SYSTEM_FACTORY_RESET
 .text.A_SYSTEM_FIRMWARE_SHOW
                0x10004b64       0x10 CMakeFiles/main.dir/main.c.obj
                0x10004b64                A_SYSTEM_FIRMWARE_SHOW
 .text.breakLines
                0x10004b74       0xd8 CMakeFiles/main.dir/main.c.obj
                0x10004b74                breakLines
 .text.presetHelp
                0x10004c4c      0x1e8 CMakeFiles/main.dir/main.c.obj
                0x10004c4c                presetHelp
 .text.S_PRESET
                0x10004e34      0x580 CMakeFiles/main.dir/main.c.obj
                0x10004e34                S_PRESET
 .text.loadScreens
                0x100053b4      0x734 CMakeFiles/main.dir/main.c.obj
                0x100053b4                loadScreens
 .text.updateFactoryFlash
                0x10005ae8      0x100 CMakeFiles/main.dir/main.c.obj
                0x10005ae8                updateFactoryFlash
 .text.updateUserFlash
                0x10005be8       0x7c CMakeFiles/main.dir/main.c.obj
                0x10005be8                updateUserFlash
 .text.writeFactoryFlashToUserFlash
                0x10005c64       0xa8 CMakeFiles/main.dir/main.c.obj
                0x10005c64                writeFactoryFlashToUserFlash
 .text.A_SYSTEM_FACTORY_RESET_CONFIRM
                0x10005d0c        0x8 CMakeFiles/main.dir/main.c.obj
                0x10005d0c                A_SYSTEM_FACTORY_RESET_CONFIRM
 .text.writeSysexConfigToUserFlash
                0x10005d14      0x174 CMakeFiles/main.dir/main.c.obj
                0x10005d14                writeSysexConfigToUserFlash
 .text.A_SYSTEM_SYSEX_RECV_START
                0x10005e88        0x8 CMakeFiles/main.dir/main.c.obj
                0x10005e88                A_SYSTEM_SYSEX_RECV_START
 .text.sendSysexConfig
                0x10005e90      0x110 CMakeFiles/main.dir/main.c.obj
                0x10005e90                sendSysexConfig
 .text.A_SYSTEM_SYSEX_SEND_START
                0x10005fa0        0x8 CMakeFiles/main.dir/main.c.obj
                0x10005fa0                A_SYSTEM_SYSEX_SEND_START
 .text.loadFirmware
                0x10005fa8       0x3c CMakeFiles/main.dir/main.c.obj
                0x10005fa8                loadFirmware
 .text.A_SYSTEM_FIRMWARE_LOAD
                0x10005fe4        0x8 CMakeFiles/main.dir/main.c.obj
                0x10005fe4                A_SYSTEM_FIRMWARE_LOAD
 .text.startup.main
                0x10005fec       0x8c CMakeFiles/main.dir/main.c.obj
                0x10005fec                main
 .text.tud_descriptor_device_cb
                0x10006078        0x8 CMakeFiles/main.dir/lib/tusb/usb_descriptors.c.obj
                0x10006078                tud_descriptor_device_cb
 .text.tud_descriptor_configuration_cb
                0x10006080        0x8 CMakeFiles/main.dir/lib/tusb/usb_descriptors.c.obj
                0x10006080                tud_descriptor_configuration_cb
 .text.tud_descriptor_string_cb
                0x10006088       0x80 CMakeFiles/main.dir/lib/tusb/usb_descriptors.c.obj
                0x10006088                tud_descriptor_string_cb
 .text.dcd_rp2040_irq
                0x10006108      0x1cc CMakeFiles/main.dir/C_/VSARM/sdk/pico/pico-sdk/lib/tinyusb/src/portable/raspberrypi/rp2040/dcd_rp2040.c.obj
 .text.dcd_int_enable
                0x100062d4        0xc CMakeFiles/main.dir/C_/VSARM/sdk/pico/pico-sdk/lib/tinyusb/src/portable/raspberrypi/rp2040/dcd_rp2040.c.obj
                0x100062d4                dcd_int_enable
 .text.dcd_set_address
                0x100062e0       0x14 CMakeFiles/main.dir/C_/VSARM/sdk/pico/pico-sdk/lib/tinyusb/src/portable/raspberrypi/rp2040/dcd_rp2040.c.obj
                0x100062e0                dcd_set_address
 .text.dcd_connect
                0x100062f4       0x10 CMakeFiles/main.dir/C_/VSARM/sdk/pico/pico-sdk/lib/tinyusb/src/portable/raspberrypi/rp2040/dcd_rp2040.c.obj
                0x100062f4                dcd_connect
 .text.dcd_init
                0x10006304       0xf0 CMakeFiles/main.dir/C_/VSARM/sdk/pico/pico-sdk/lib/tinyusb/src/portable/raspberrypi/rp2040/dcd_rp2040.c.obj
                0x10006304                dcd_init
 .text.dcd_edpt0_status_complete
                0x100063f4       0x1c CMakeFiles/main.dir/C_/VSARM/sdk/pico/pico-sdk/lib/tinyusb/src/portable/raspberrypi/rp2040/dcd_rp2040.c.obj
                0x100063f4                dcd_edpt0_status_complete
 .text.dcd_edpt_open
                0x10006410       0xf0 CMakeFiles/main.dir/C_/VSARM/sdk/pico/pico-sdk/lib/tinyusb/src/portable/raspberrypi/rp2040/dcd_rp2040.c.obj
                0x10006410                dcd_edpt_open
 .text.dcd_edpt_close_all
                0x10006500       0x68 CMakeFiles/main.dir/C_/VSARM/sdk/pico/pico-sdk/lib/tinyusb/src/portable/raspberrypi/rp2040/dcd_rp2040.c.obj
                0x10006500                dcd_edpt_close_all
 .text.dcd_edpt_xfer
                0x10006568       0x24 CMakeFiles/main.dir/C_/VSARM/sdk/pico/pico-sdk/lib/tinyusb/src/portable/raspberrypi/rp2040/dcd_rp2040.c.obj
                0x10006568                dcd_edpt_xfer
 .text.dcd_edpt_stall
                0x1000658c       0x38 CMakeFiles/main.dir/C_/VSARM/sdk/pico/pico-sdk/lib/tinyusb/src/portable/raspberrypi/rp2040/dcd_rp2040.c.obj
                0x1000658c                dcd_edpt_stall
 .text.dcd_edpt_clear_stall
                0x100065c4       0x30 CMakeFiles/main.dir/C_/VSARM/sdk/pico/pico-sdk/lib/tinyusb/src/portable/raspberrypi/rp2040/dcd_rp2040.c.obj
                0x100065c4                dcd_edpt_clear_stall
 .text._hw_endpoint_buffer_control_update32.part.0.isra.0
                0x100065f4       0x1c CMakeFiles/main.dir/C_/VSARM/sdk/pico/pico-sdk/lib/tinyusb/src/portable/raspberrypi/rp2040/rp2040_usb.c.obj
 .text.rp2040_usb_init
                0x10006610       0x4c CMakeFiles/main.dir/C_/VSARM/sdk/pico/pico-sdk/lib/tinyusb/src/portable/raspberrypi/rp2040/rp2040_usb.c.obj
                0x10006610                rp2040_usb_init
 .text.hw_endpoint_reset_transfer
                0x1000665c        0xc CMakeFiles/main.dir/C_/VSARM/sdk/pico/pico-sdk/lib/tinyusb/src/portable/raspberrypi/rp2040/rp2040_usb.c.obj
                0x1000665c                hw_endpoint_reset_transfer
 .text._hw_endpoint_buffer_control_update32
                0x10006668       0x44 CMakeFiles/main.dir/C_/VSARM/sdk/pico/pico-sdk/lib/tinyusb/src/portable/raspberrypi/rp2040/rp2040_usb.c.obj
                0x10006668                _hw_endpoint_buffer_control_update32
 .text.hw_endpoint_xfer_start
                0x100066ac      0x134 CMakeFiles/main.dir/C_/VSARM/sdk/pico/pico-sdk/lib/tinyusb/src/portable/raspberrypi/rp2040/rp2040_usb.c.obj
                0x100066ac                hw_endpoint_xfer_start
 .text.hw_endpoint_xfer_continue
                0x100067e0      0x1dc CMakeFiles/main.dir/C_/VSARM/sdk/pico/pico-sdk/lib/tinyusb/src/portable/raspberrypi/rp2040/rp2040_usb.c.obj
                0x100067e0                hw_endpoint_xfer_continue
 .text.tud_inited
                0x100069bc        0xc CMakeFiles/main.dir/C_/VSARM/sdk/pico/pico-sdk/lib/tinyusb/src/device/usbd.c.obj
                0x100069bc                tud_inited
 .text.tud_init
                0x100069c8       0xd8 CMakeFiles/main.dir/C_/VSARM/sdk/pico/pico-sdk/lib/tinyusb/src/device/usbd.c.obj
                0x100069c8                tud_init
 .text.tud_task_event_ready
                0x10006aa0       0x20 CMakeFiles/main.dir/C_/VSARM/sdk/pico/pico-sdk/lib/tinyusb/src/device/usbd.c.obj
                0x10006aa0                tud_task_event_ready
 .text.tud_task
                0x10006ac0      0x93c CMakeFiles/main.dir/C_/VSARM/sdk/pico/pico-sdk/lib/tinyusb/src/device/usbd.c.obj
                0x10006ac0                tud_task
 .text.dcd_event_bus_signal
                0x100073fc      0x120 CMakeFiles/main.dir/C_/VSARM/sdk/pico/pico-sdk/lib/tinyusb/src/device/usbd.c.obj
                0x100073fc                dcd_event_bus_signal
 .text.dcd_event_bus_reset
                0x1000751c       0x54 CMakeFiles/main.dir/C_/VSARM/sdk/pico/pico-sdk/lib/tinyusb/src/device/usbd.c.obj
                0x1000751c                dcd_event_bus_reset
 .text.dcd_event_setup_received
                0x10007570       0x50 CMakeFiles/main.dir/C_/VSARM/sdk/pico/pico-sdk/lib/tinyusb/src/device/usbd.c.obj
                0x10007570                dcd_event_setup_received
 .text.dcd_event_xfer_complete
                0x100075c0       0x68 CMakeFiles/main.dir/C_/VSARM/sdk/pico/pico-sdk/lib/tinyusb/src/device/usbd.c.obj
                0x100075c0                dcd_event_xfer_complete
 .text.usbd_edpt_open
                0x10007628       0x30 CMakeFiles/main.dir/C_/VSARM/sdk/pico/pico-sdk/lib/tinyusb/src/device/usbd.c.obj
                0x10007628                usbd_edpt_open
 .text.usbd_edpt_claim
                0x10007658       0x64 CMakeFiles/main.dir/C_/VSARM/sdk/pico/pico-sdk/lib/tinyusb/src/device/usbd.c.obj
                0x10007658                usbd_edpt_claim
 .text.usbd_edpt_release
                0x100076bc       0x4c CMakeFiles/main.dir/C_/VSARM/sdk/pico/pico-sdk/lib/tinyusb/src/device/usbd.c.obj
                0x100076bc                usbd_edpt_release
 .text.usbd_edpt_xfer
                0x10007708       0x48 CMakeFiles/main.dir/C_/VSARM/sdk/pico/pico-sdk/lib/tinyusb/src/device/usbd.c.obj
                0x10007708                usbd_edpt_xfer
 .text.tud_control_status
                0x10007750       0x2c CMakeFiles/main.dir/C_/VSARM/sdk/pico/pico-sdk/lib/tinyusb/src/device/usbd_control.c.obj
                0x10007750                tud_control_status
 .text.tud_control_xfer
                0x1000777c       0xac CMakeFiles/main.dir/C_/VSARM/sdk/pico/pico-sdk/lib/tinyusb/src/device/usbd_control.c.obj
                0x1000777c                tud_control_xfer
 .text.usbd_control_reset
                0x10007828       0x14 CMakeFiles/main.dir/C_/VSARM/sdk/pico/pico-sdk/lib/tinyusb/src/device/usbd_control.c.obj
                0x10007828                usbd_control_reset
 .text.usbd_control_set_complete_callback
                0x1000783c        0xc CMakeFiles/main.dir/C_/VSARM/sdk/pico/pico-sdk/lib/tinyusb/src/device/usbd_control.c.obj
                0x1000783c                usbd_control_set_complete_callback
 .text.usbd_control_set_request
                0x10007848       0x1c CMakeFiles/main.dir/C_/VSARM/sdk/pico/pico-sdk/lib/tinyusb/src/device/usbd_control.c.obj
                0x10007848                usbd_control_set_request
 .text.usbd_control_xfer_cb
                0x10007864       0xf4 CMakeFiles/main.dir/C_/VSARM/sdk/pico/pico-sdk/lib/tinyusb/src/device/usbd_control.c.obj
                0x10007864                usbd_control_xfer_cb
 .text.tud_midi_n_available
                0x10007958       0x24 CMakeFiles/main.dir/C_/VSARM/sdk/pico/pico-sdk/lib/tinyusb/src/class/midi/midi_device.c.obj
                0x10007958                tud_midi_n_available
 .text.tud_midi_n_packet_read
                0x1000797c       0x7c CMakeFiles/main.dir/C_/VSARM/sdk/pico/pico-sdk/lib/tinyusb/src/class/midi/midi_device.c.obj
                0x1000797c                tud_midi_n_packet_read
 .text.tud_midi_n_stream_write
                0x100079f8      0x1b0 CMakeFiles/main.dir/C_/VSARM/sdk/pico/pico-sdk/lib/tinyusb/src/class/midi/midi_device.c.obj
                0x100079f8                tud_midi_n_stream_write
 .text.midid_init
                0x10007ba8       0x5c CMakeFiles/main.dir/C_/VSARM/sdk/pico/pico-sdk/lib/tinyusb/src/class/midi/midi_device.c.obj
                0x10007ba8                midid_init
 .text.midid_reset
                0x10007c04       0x24 CMakeFiles/main.dir/C_/VSARM/sdk/pico/pico-sdk/lib/tinyusb/src/class/midi/midi_device.c.obj
                0x10007c04                midid_reset
 .text.midid_open
                0x10007c28      0x128 CMakeFiles/main.dir/C_/VSARM/sdk/pico/pico-sdk/lib/tinyusb/src/class/midi/midi_device.c.obj
                0x10007c28                midid_open
 .text.midid_control_xfer_cb
                0x10007d50        0x4 CMakeFiles/main.dir/C_/VSARM/sdk/pico/pico-sdk/lib/tinyusb/src/class/midi/midi_device.c.obj
                0x10007d50                midid_control_xfer_cb
 .text.midid_xfer_cb
                0x10007d54      0x108 CMakeFiles/main.dir/C_/VSARM/sdk/pico/pico-sdk/lib/tinyusb/src/class/midi/midi_device.c.obj
                0x10007d54                midid_xfer_cb
 .text.tusb_init
                0x10007e5c        0xc CMakeFiles/main.dir/C_/VSARM/sdk/pico/pico-sdk/lib/tinyusb/src/tusb.c.obj
                0x10007e5c                tusb_init
 .text.tusb_inited
                0x10007e68        0x8 CMakeFiles/main.dir/C_/VSARM/sdk/pico/pico-sdk/lib/tinyusb/src/tusb.c.obj
                0x10007e68                tusb_inited
 .text.tu_edpt_validate
                0x10007e70       0x78 CMakeFiles/main.dir/C_/VSARM/sdk/pico/pico-sdk/lib/tinyusb/src/tusb.c.obj
                0x10007e70                tu_edpt_validate
 .text.tu_edpt_bind_driver
                0x10007ee8       0x2c CMakeFiles/main.dir/C_/VSARM/sdk/pico/pico-sdk/lib/tinyusb/src/tusb.c.obj
                0x10007ee8                tu_edpt_bind_driver
 .text.tu_fifo_config
                0x10007f14       0x78 CMakeFiles/main.dir/C_/VSARM/sdk/pico/pico-sdk/lib/tinyusb/src/common/tusb_fifo.c.obj
                0x10007f14                tu_fifo_config
 .text.tu_fifo_count
                0x10007f8c       0x20 CMakeFiles/main.dir/C_/VSARM/sdk/pico/pico-sdk/lib/tinyusb/src/common/tusb_fifo.c.obj
                0x10007f8c                tu_fifo_count
 .text.tu_fifo_empty
                0x10007fac       0x10 CMakeFiles/main.dir/C_/VSARM/sdk/pico/pico-sdk/lib/tinyusb/src/common/tusb_fifo.c.obj
                0x10007fac                tu_fifo_empty
 .text.tu_fifo_remaining
                0x10007fbc       0x1c CMakeFiles/main.dir/C_/VSARM/sdk/pico/pico-sdk/lib/tinyusb/src/common/tusb_fifo.c.obj
                0x10007fbc                tu_fifo_remaining
 .text.tu_fifo_read
                0x10007fd8       0x9c CMakeFiles/main.dir/C_/VSARM/sdk/pico/pico-sdk/lib/tinyusb/src/common/tusb_fifo.c.obj
                0x10007fd8                tu_fifo_read
 .text.tu_fifo_read_n
                0x10008074       0xfc CMakeFiles/main.dir/C_/VSARM/sdk/pico/pico-sdk/lib/tinyusb/src/common/tusb_fifo.c.obj
                0x10008074                tu_fifo_read_n
 .text.tu_fifo_write
                0x10008170       0x7c CMakeFiles/main.dir/C_/VSARM/sdk/pico/pico-sdk/lib/tinyusb/src/common/tusb_fifo.c.obj
                0x10008170                tu_fifo_write
 .text.tu_fifo_write_n
                0x100081ec      0x100 CMakeFiles/main.dir/C_/VSARM/sdk/pico/pico-sdk/lib/tinyusb/src/common/tusb_fifo.c.obj
                0x100081ec                tu_fifo_write_n
 .text.tu_fifo_clear
                0x100082ec       0x4c CMakeFiles/main.dir/C_/VSARM/sdk/pico/pico-sdk/lib/tinyusb/src/common/tusb_fifo.c.obj
                0x100082ec                tu_fifo_clear
 .text.irq_set_enabled
                0x10008338       0x24 CMakeFiles/main.dir/C_/VSARM/sdk/pico/pico-sdk/src/rp2_common/hardware_irq/irq.c.obj
                0x10008338                irq_set_enabled
 .text.irq_is_enabled
                0x1000835c       0x18 CMakeFiles/main.dir/C_/VSARM/sdk/pico/pico-sdk/src/rp2_common/hardware_irq/irq.c.obj
                0x1000835c                irq_is_enabled
 .text.irq_get_vtable_handler
                0x10008374       0x10 CMakeFiles/main.dir/C_/VSARM/sdk/pico/pico-sdk/src/rp2_common/hardware_irq/irq.c.obj
                0x10008374                irq_get_vtable_handler
 .text.irq_set_exclusive_handler
                0x10008384       0x54 CMakeFiles/main.dir/C_/VSARM/sdk/pico/pico-sdk/src/rp2_common/hardware_irq/irq.c.obj
                0x10008384                irq_set_exclusive_handler
 .text.irq_remove_handler
                0x100083d8      0x1b4 CMakeFiles/main.dir/C_/VSARM/sdk/pico/pico-sdk/src/rp2_common/hardware_irq/irq.c.obj
                0x100083d8                irq_remove_handler
 .text.irq_add_tail_to_free_list
                0x1000858c       0xb4 CMakeFiles/main.dir/C_/VSARM/sdk/pico/pico-sdk/src/rp2_common/hardware_irq/irq.c.obj
                0x1000858c                irq_add_tail_to_free_list
 .text.irq_init_priorities
                0x10008640       0x24 CMakeFiles/main.dir/C_/VSARM/sdk/pico/pico-sdk/src/rp2_common/hardware_irq/irq.c.obj
                0x10008640                irq_init_priorities
 .text.hw_claim_or_assert
                0x10008664       0x44 CMakeFiles/main.dir/C_/VSARM/sdk/pico/pico-sdk/src/rp2_common/hardware_claim/claim.c.obj
                0x10008664                hw_claim_or_assert
 .text.hw_claim_unused_from_range
                0x100086a8       0x9c CMakeFiles/main.dir/C_/VSARM/sdk/pico/pico-sdk/src/rp2_common/hardware_claim/claim.c.obj
                0x100086a8                hw_claim_unused_from_range
 .text.running_on_fpga
                0x10008744       0x10 CMakeFiles/main.dir/C_/VSARM/sdk/pico/pico-sdk/src/rp2_common/pico_platform/platform.c.obj
                0x10008744                running_on_fpga
 .text.spin_locks_reset
                0x10008754       0x1c CMakeFiles/main.dir/C_/VSARM/sdk/pico/pico-sdk/src/rp2_common/hardware_sync/sync.c.obj
                0x10008754                spin_locks_reset
 .text.next_striped_spin_lock_num
                0x10008770       0x18 CMakeFiles/main.dir/C_/VSARM/sdk/pico/pico-sdk/src/rp2_common/hardware_sync/sync.c.obj
                0x10008770                next_striped_spin_lock_num
 .text.spin_lock_claim_unused
                0x10008788       0x24 CMakeFiles/main.dir/C_/VSARM/sdk/pico/pico-sdk/src/rp2_common/hardware_sync/sync.c.obj
                0x10008788                spin_lock_claim_unused
 .text.lock_init
                0x100087ac       0x10 CMakeFiles/main.dir/C_/VSARM/sdk/pico/pico-sdk/src/common/pico_sync/lock_core.c.obj
                0x100087ac                lock_init
 .text.timer_pool_entry_comparator
                0x100087bc       0x34 CMakeFiles/main.dir/C_/VSARM/sdk/pico/pico-sdk/src/common/pico_time/time.c.obj
                0x100087bc                timer_pool_entry_comparator
 .text.repeating_timer_callback
                0x100087f0       0x1c CMakeFiles/main.dir/C_/VSARM/sdk/pico/pico-sdk/src/common/pico_time/time.c.obj
 .text.sleep_until_callback
                0x1000880c       0x30 CMakeFiles/main.dir/C_/VSARM/sdk/pico/pico-sdk/src/common/pico_time/time.c.obj
 .text.add_alarm_under_lock.isra.0
                0x1000883c      0x104 CMakeFiles/main.dir/C_/VSARM/sdk/pico/pico-sdk/src/common/pico_time/time.c.obj
 .text.alarm_pool_alarm_callback
                0x10008940      0x1c8 CMakeFiles/main.dir/C_/VSARM/sdk/pico/pico-sdk/src/common/pico_time/time.c.obj
 .text.alarm_pool_add_alarm_at.constprop.0
                0x10008b08      0x11c CMakeFiles/main.dir/C_/VSARM/sdk/pico/pico-sdk/src/common/pico_time/time.c.obj
 .text.alarm_pool_init_default
                0x10008c24       0x64 CMakeFiles/main.dir/C_/VSARM/sdk/pico/pico-sdk/src/common/pico_time/time.c.obj
                0x10008c24                alarm_pool_init_default
 .text.alarm_pool_get_default
                0x10008c88        0x8 CMakeFiles/main.dir/C_/VSARM/sdk/pico/pico-sdk/src/common/pico_time/time.c.obj
                0x10008c88                alarm_pool_get_default
 .text.alarm_pool_add_repeating_timer_us
                0x10008c90      0x22c CMakeFiles/main.dir/C_/VSARM/sdk/pico/pico-sdk/src/common/pico_time/time.c.obj
                0x10008c90                alarm_pool_add_repeating_timer_us
 .text.cancel_repeating_timer
                0x10008ebc       0x98 CMakeFiles/main.dir/C_/VSARM/sdk/pico/pico-sdk/src/common/pico_time/time.c.obj
                0x10008ebc                cancel_repeating_timer
 .text.sleep_until
                0x10008f54       0xac CMakeFiles/main.dir/C_/VSARM/sdk/pico/pico-sdk/src/common/pico_time/time.c.obj
                0x10008f54                sleep_until
 .text.sleep_ms
                0x10009000       0x38 CMakeFiles/main.dir/C_/VSARM/sdk/pico/pico-sdk/src/common/pico_time/time.c.obj
                0x10009000                sleep_ms
 .text.best_effort_wfe_or_timeout
                0x10009038       0xc0 CMakeFiles/main.dir/C_/VSARM/sdk/pico/pico-sdk/src/common/pico_time/time.c.obj
                0x10009038                best_effort_wfe_or_timeout
 .text.hardware_alarm_irq_handler
                0x100090f8       0xb8 CMakeFiles/main.dir/C_/VSARM/sdk/pico/pico-sdk/src/rp2_common/hardware_timer/timer.c.obj
 .text.hardware_alarm_claim
                0x100091b0       0x18 CMakeFiles/main.dir/C_/VSARM/sdk/pico/pico-sdk/src/rp2_common/hardware_timer/timer.c.obj
                0x100091b0                hardware_alarm_claim
 .text.time_us_64
                0x100091c8       0x14 CMakeFiles/main.dir/C_/VSARM/sdk/pico/pico-sdk/src/rp2_common/hardware_timer/timer.c.obj
                0x100091c8                time_us_64
 .text.busy_wait_ms
                0x100091dc       0x88 CMakeFiles/main.dir/C_/VSARM/sdk/pico/pico-sdk/src/rp2_common/hardware_timer/timer.c.obj
                0x100091dc                busy_wait_ms
 .text.busy_wait_until
                0x10009264       0x20 CMakeFiles/main.dir/C_/VSARM/sdk/pico/pico-sdk/src/rp2_common/hardware_timer/timer.c.obj
                0x10009264                busy_wait_until
 .text.hardware_alarm_set_callback
                0x10009284       0x8c CMakeFiles/main.dir/C_/VSARM/sdk/pico/pico-sdk/src/rp2_common/hardware_timer/timer.c.obj
                0x10009284                hardware_alarm_set_callback
 .text.hardware_alarm_set_target
                0x10009310       0xe0 CMakeFiles/main.dir/C_/VSARM/sdk/pico/pico-sdk/src/rp2_common/hardware_timer/timer.c.obj
                0x10009310                hardware_alarm_set_target
 .text.hardware_alarm_cancel
                0x100093f0       0x3c CMakeFiles/main.dir/C_/VSARM/sdk/pico/pico-sdk/src/rp2_common/hardware_timer/timer.c.obj
                0x100093f0                hardware_alarm_cancel
 .text.ph_merge_nodes
                0x1000942c       0x68 CMakeFiles/main.dir/C_/VSARM/sdk/pico/pico-sdk/src/common/pico_util/pheap.c.obj
 .text.ph_post_alloc_init
                0x10009494       0x3c CMakeFiles/main.dir/C_/VSARM/sdk/pico/pico-sdk/src/common/pico_util/pheap.c.obj
                0x10009494                ph_post_alloc_init
 .text.ph_merge_two_pass
                0x100094d0       0x9c CMakeFiles/main.dir/C_/VSARM/sdk/pico/pico-sdk/src/common/pico_util/pheap.c.obj
                0x100094d0                ph_merge_two_pass
 .text.ph_remove_any_head
                0x1000956c       0xf8 CMakeFiles/main.dir/C_/VSARM/sdk/pico/pico-sdk/src/common/pico_util/pheap.c.obj
 .text.ph_remove_head
                0x10009664       0xfc CMakeFiles/main.dir/C_/VSARM/sdk/pico/pico-sdk/src/common/pico_util/pheap.c.obj
                0x10009664                ph_remove_head
 .text.ph_remove_and_free_node
                0x10009760       0x7c CMakeFiles/main.dir/C_/VSARM/sdk/pico/pico-sdk/src/common/pico_util/pheap.c.obj
                0x10009760                ph_remove_and_free_node
 .text.mutex_init
                0x100097dc       0x1c CMakeFiles/main.dir/C_/VSARM/sdk/pico/pico-sdk/src/common/pico_sync/mutex.c.obj
                0x100097dc                mutex_init
 .text.recursive_mutex_init
                0x100097f8       0x1c CMakeFiles/main.dir/C_/VSARM/sdk/pico/pico-sdk/src/common/pico_sync/mutex.c.obj
                0x100097f8                recursive_mutex_init
 .text.critical_section_init
                0x10009814       0x20 CMakeFiles/main.dir/C_/VSARM/sdk/pico/pico-sdk/src/common/pico_sync/critical_section.c.obj
                0x10009814                critical_section_init
 .text.board_init
                0x10009834       0x30 CMakeFiles/main.dir/C_/VSARM/sdk/pico/pico-sdk/lib/tinyusb/hw/bsp/rp2040/family.c.obj
                0x10009834                board_init
 .text.gpio_set_function
                0x10009864       0x30 CMakeFiles/main.dir/C_/VSARM/sdk/pico/pico-sdk/src/rp2_common/hardware_gpio/gpio.c.obj
                0x10009864                gpio_set_function
 .text.gpio_set_pulls
                0x10009894       0x24 CMakeFiles/main.dir/C_/VSARM/sdk/pico/pico-sdk/src/rp2_common/hardware_gpio/gpio.c.obj
                0x10009894                gpio_set_pulls
 .text.gpio_init
                0x100098b8       0x3c CMakeFiles/main.dir/C_/VSARM/sdk/pico/pico-sdk/src/rp2_common/hardware_gpio/gpio.c.obj
                0x100098b8                gpio_init
 .text.uart_init
                0x100098f4       0xe0 CMakeFiles/main.dir/C_/VSARM/sdk/pico/pico-sdk/src/rp2_common/hardware_uart/uart.c.obj
                0x100098f4                uart_init
 .text.runtime_init
                0x100099d4       0xf0 CMakeFiles/main.dir/C_/VSARM/sdk/pico/pico-sdk/src/rp2_common/pico_runtime/runtime.c.obj
                0x100099d4                runtime_init
 .text.exit     0x10009ac4        0x4 CMakeFiles/main.dir/C_/VSARM/sdk/pico/pico-sdk/src/rp2_common/pico_runtime/runtime.c.obj
                0x10009ac4                exit
 .text.panic    0x10009ac8       0x30 CMakeFiles/main.dir/C_/VSARM/sdk/pico/pico-sdk/src/rp2_common/pico_runtime/runtime.c.obj
                0x10009ac8                panic
 .text.hard_assertion_failure
                0x10009af8        0xc CMakeFiles/main.dir/C_/VSARM/sdk/pico/pico-sdk/src/rp2_common/pico_runtime/runtime.c.obj
                0x10009af8                hard_assertion_failure
 .text.clocks_init
                0x10009b04      0x2b0 CMakeFiles/main.dir/C_/VSARM/sdk/pico/pico-sdk/src/rp2_common/hardware_clocks/clocks.c.obj
                0x10009b04                clocks_init
 .text.clock_get_hz
                0x10009db4        0xc CMakeFiles/main.dir/C_/VSARM/sdk/pico/pico-sdk/src/rp2_common/hardware_clocks/clocks.c.obj
                0x10009db4                clock_get_hz
 .text.pll_init
                0x10009dc0       0xa0 CMakeFiles/main.dir/C_/VSARM/sdk/pico/pico-sdk/src/rp2_common/hardware_pll/pll.c.obj
                0x10009dc0                pll_init
 .text.watchdog_start_tick
                0x10009e60       0x10 CMakeFiles/main.dir/C_/VSARM/sdk/pico/pico-sdk/src/rp2_common/hardware_watchdog/watchdog.c.obj
                0x10009e60                watchdog_start_tick
 .text.watchdog_update
                0x10009e70       0x14 CMakeFiles/main.dir/C_/VSARM/sdk/pico/pico-sdk/src/rp2_common/hardware_watchdog/watchdog.c.obj
                0x10009e70                watchdog_update
 .text.watchdog_enable
                0x10009e84       0x88 CMakeFiles/main.dir/C_/VSARM/sdk/pico/pico-sdk/src/rp2_common/hardware_watchdog/watchdog.c.obj
                0x10009e84                watchdog_enable
 .text.watchdog_reboot
                0x10009f0c       0x9c CMakeFiles/main.dir/C_/VSARM/sdk/pico/pico-sdk/src/rp2_common/hardware_watchdog/watchdog.c.obj
                0x10009f0c                watchdog_reboot
 .text.watchdog_enable_caused_reboot
                0x10009fa8       0x24 CMakeFiles/main.dir/C_/VSARM/sdk/pico/pico-sdk/src/rp2_common/hardware_watchdog/watchdog.c.obj
                0x10009fa8                watchdog_enable_caused_reboot
 .text.xosc_init
                0x10009fcc       0x28 CMakeFiles/main.dir/C_/VSARM/sdk/pico/pico-sdk/src/rp2_common/hardware_xosc/xosc.c.obj
                0x10009fcc                xosc_init
 .text._out_buffer
                0x10009ff4        0x8 CMakeFiles/main.dir/C_/VSARM/sdk/pico/pico-sdk/src/rp2_common/pico_printf/printf.c.obj
 .text._out_null
                0x10009ffc        0x4 CMakeFiles/main.dir/C_/VSARM/sdk/pico/pico-sdk/src/rp2_common/pico_printf/printf.c.obj
 .text._out_rev
                0x1000a000       0x90 CMakeFiles/main.dir/C_/VSARM/sdk/pico/pico-sdk/src/rp2_common/pico_printf/printf.c.obj
 .text._ntoa_format
                0x1000a090      0x1cc CMakeFiles/main.dir/C_/VSARM/sdk/pico/pico-sdk/src/rp2_common/pico_printf/printf.c.obj
 .text._out_char
                0x1000a25c       0x10 CMakeFiles/main.dir/C_/VSARM/sdk/pico/pico-sdk/src/rp2_common/pico_printf/printf.c.obj
 .text._etoa    0x1000a26c      0x44c CMakeFiles/main.dir/C_/VSARM/sdk/pico/pico-sdk/src/rp2_common/pico_printf/printf.c.obj
 .text._ftoa    0x1000a6b8      0x3d0 CMakeFiles/main.dir/C_/VSARM/sdk/pico/pico-sdk/src/rp2_common/pico_printf/printf.c.obj
 .text._vsnprintf
                0x1000aa88      0xabc CMakeFiles/main.dir/C_/VSARM/sdk/pico/pico-sdk/src/rp2_common/pico_printf/printf.c.obj
 .text.__wrap_sprintf
                0x1000b544       0x2c CMakeFiles/main.dir/C_/VSARM/sdk/pico/pico-sdk/src/rp2_common/pico_printf/printf.c.obj
                0x1000b544                __wrap_sprintf
 .text.weak_raw_vprintf
                0x1000b570       0x30 CMakeFiles/main.dir/C_/VSARM/sdk/pico/pico-sdk/src/rp2_common/pico_printf/printf.c.obj
                0x1000b570                weak_raw_vprintf
 .text          0x1000b5a0       0x10 CMakeFiles/main.dir/C_/VSARM/sdk/pico/pico-sdk/src/rp2_common/pico_bit_ops/bit_ops_aeabi.S.obj
 .text.rom_func_lookup
                0x1000b5b0       0x10 CMakeFiles/main.dir/C_/VSARM/sdk/pico/pico-sdk/src/rp2_common/pico_bootrom/bootrom.c.obj
                0x1000b5b0                rom_func_lookup
 .text.rom_data_lookup
                0x1000b5c0       0x10 CMakeFiles/main.dir/C_/VSARM/sdk/pico/pico-sdk/src/rp2_common/pico_bootrom/bootrom.c.obj
                0x1000b5c0                rom_data_lookup
 .text.rom_funcs_lookup
                0x1000b5d0       0x44 CMakeFiles/main.dir/C_/VSARM/sdk/pico/pico-sdk/src/rp2_common/pico_bootrom/bootrom.c.obj
                0x1000b5d0                rom_funcs_lookup
 .text.__wrap___aeabi_idiv
                0x1000b614       0x50 CMakeFiles/main.dir/C_/VSARM/sdk/pico/pico-sdk/src/rp2_common/pico_divider/divider.S.obj
                0x1000b614                __wrap___aeabi_idivmod
                0x1000b614                divmod_s32s32
                0x1000b614                div_s32s32
                0x1000b614                __wrap___aeabi_idiv
                0x1000b61c                divmod_s32s32_unsafe
                0x1000b648                divmod_s32s32_savestate
 .text.__wrap___aeabi_uidiv
                0x1000b664       0x4c CMakeFiles/main.dir/C_/VSARM/sdk/pico/pico-sdk/src/rp2_common/pico_divider/divider.S.obj
                0x1000b664                __wrap___aeabi_uidiv
                0x1000b664                __wrap___aeabi_uidivmod
                0x1000b664                div_u32u32
                0x1000b664                divmod_u32u32
                0x1000b66c                divmod_u32u32_unsafe
                0x1000b694                divmod_u32u32_savestate
 .text.__wrap___aeabi_ldiv
                0x1000b6b0      0x434 CMakeFiles/main.dir/C_/VSARM/sdk/pico/pico-sdk/src/rp2_common/pico_divider/divider.S.obj
                0x1000b6b0                div_s64s64
                0x1000b6b0                divmod_s64s64
                0x1000b6b0                __wrap___aeabi_ldivmod
                0x1000b6e8                divmod_u64u64
                0x1000b6e8                div_u64u64
                0x1000b6e8                __wrap___aeabi_uldivmod
                0x1000b6f8                divmod_u64u64_savestate
                0x1000b720                divmod_s64s64_unsafe
                0x1000b7a8                divmod_u64u64_unsafe
 .text.__wrap___aeabi_darithmetic
                0x1000bae4       0x80 CMakeFiles/main.dir/C_/VSARM/sdk/pico/pico-sdk/src/rp2_common/pico_double/double_aeabi.S.obj
                0x1000bae4                __wrap___aeabi_drsub
                0x1000baea                __wrap___aeabi_dsub
                0x1000bafc                __wrap___aeabi_dadd
                0x1000bb0e                __wrap___aeabi_ddiv
                0x1000bb4a                __wrap___aeabi_dmul
 .text.__wrap___aeabi_cdcmple
                0x1000bb64       0x6c CMakeFiles/main.dir/C_/VSARM/sdk/pico/pico-sdk/src/rp2_common/pico_double/double_aeabi.S.obj
                0x1000bb64                __wrap___aeabi_cdrcmple
                0x1000bb74                __wrap___aeabi_cdcmpeq
                0x1000bb74                __wrap___aeabi_cdcmple
 .text.__wrap___aeabi_dcmplt
                0x1000bbd0        0xc CMakeFiles/main.dir/C_/VSARM/sdk/pico/pico-sdk/src/rp2_common/pico_double/double_aeabi.S.obj
                0x1000bbd0                __wrap___aeabi_dcmplt
 .text.__wrap___aeabi_dcmple
                0x1000bbdc       0x10 CMakeFiles/main.dir/C_/VSARM/sdk/pico/pico-sdk/src/rp2_common/pico_double/double_aeabi.S.obj
                0x1000bbdc                __wrap___aeabi_dcmple
 .text.__wrap___aeabi_dcmpge
                0x1000bbec       0x10 CMakeFiles/main.dir/C_/VSARM/sdk/pico/pico-sdk/src/rp2_common/pico_double/double_aeabi.S.obj
                0x1000bbec                __wrap___aeabi_dcmpge
 .text.__wrap___aeabi_dcmpgt
                0x1000bbfc        0xa CMakeFiles/main.dir/C_/VSARM/sdk/pico/pico-sdk/src/rp2_common/pico_double/double_aeabi.S.obj
                0x1000bbfc                __wrap___aeabi_dcmpgt
 .text.__wrap___aeabi_dcmpun
                0x1000bc06       0x1c CMakeFiles/main.dir/C_/VSARM/sdk/pico/pico-sdk/src/rp2_common/pico_double/double_aeabi.S.obj
                0x1000bc06                __wrap___aeabi_dcmpun
 *fill*         0x1000bc22        0x2 
 .text.__wrap___aeabi_i2d
                0x1000bc24       0x38 CMakeFiles/main.dir/C_/VSARM/sdk/pico/pico-sdk/src/rp2_common/pico_double/double_aeabi.S.obj
                0x1000bc24                __wrap___aeabi_ui2d
                0x1000bc2c                __wrap___aeabi_i2d
 .text.__wrap___aeabi_d2iz
                0x1000bc5c       0x48 CMakeFiles/main.dir/C_/VSARM/sdk/pico/pico-sdk/src/rp2_common/pico_double/double_aeabi.S.obj
                0x1000bc5c                double2int_z
                0x1000bc5c                __wrap___aeabi_d2iz
 .text.__wrap___aeabi_d2uiz
                0x1000bca4       0x18 CMakeFiles/main.dir/C_/VSARM/sdk/pico/pico-sdk/src/rp2_common/pico_double/double_aeabi.S.obj
                0x1000bca4                __wrap___aeabi_d2uiz
                0x1000bca4                double2uint
 .text.__aeabi_double_init
                0x1000bcbc       0x94 CMakeFiles/main.dir/C_/VSARM/sdk/pico/pico-sdk/src/rp2_common/pico_double/double_init_rom.c.obj
                0x1000bcbc                __aeabi_double_init
 .text.double_table_shim_on_use_helper
                0x1000bd50       0x2c CMakeFiles/main.dir/C_/VSARM/sdk/pico/pico-sdk/src/rp2_common/pico_double/double_v1_rom_shim.S.obj
                0x1000bd50                double_table_shim_on_use_helper
 .text.__wrap___aeabi_dsub
                0x1000bd7c       0x10 CMakeFiles/main.dir/C_/VSARM/sdk/pico/pico-sdk/src/rp2_common/pico_double/double_v1_rom_shim.S.obj
                0x1000bd7c                drsub_shim
                0x1000bd82                dsub_shim
 .text.dadd_shim
                0x1000bd8c      0x15c CMakeFiles/main.dir/C_/VSARM/sdk/pico/pico-sdk/src/rp2_common/pico_double/double_v1_rom_shim.S.obj
                0x1000bd8c                dadd_shim
 .text.dmul_shim
                0x1000bee8      0x15c CMakeFiles/main.dir/C_/VSARM/sdk/pico/pico-sdk/src/rp2_common/pico_double/double_v1_rom_shim.S.obj
                0x1000bee8                dmul_shim
 .text.ddiv_shim
                0x1000c044      0x1b0 CMakeFiles/main.dir/C_/VSARM/sdk/pico/pico-sdk/src/rp2_common/pico_double/double_v1_rom_shim.S.obj
                0x1000c044                ddiv_shim
 .text.double2uint_shim
                0x1000c1f4        0xe CMakeFiles/main.dir/C_/VSARM/sdk/pico/pico-sdk/src/rp2_common/pico_double/double_v1_rom_shim.S.obj
                0x1000c1f4                double2uint_shim
                0x1000c1f6                double2ufix_shim
 *fill*         0x1000c202        0x2 
 .text.double2uint64_shim
                0x1000c204       0x70 CMakeFiles/main.dir/C_/VSARM/sdk/pico/pico-sdk/src/rp2_common/pico_double/double_v1_rom_shim.S.obj
                0x1000c204                double2uint64_shim
                0x1000c206                double2ufix64_shim
                0x1000c226                d2fix_a
 .text.dunpacks
                0x1000c274       0x3c CMakeFiles/main.dir/C_/VSARM/sdk/pico/pico-sdk/src/rp2_common/pico_double/double_v1_rom_shim.S.obj
                0x1000c274                dunpacks
 .text.__aeabi_lmul
                0x1000c2b0       0x32 CMakeFiles/main.dir/C_/VSARM/sdk/pico/pico-sdk/src/rp2_common/pico_int64_ops/pico_int64_ops_aeabi.S.obj
                0x1000c2b0                __wrap___aeabi_lmul
 *fill*         0x1000c2e2        0x2 
 .text.__aeabi_float_init
                0x1000c2e4       0x64 CMakeFiles/main.dir/C_/VSARM/sdk/pico/pico-sdk/src/rp2_common/pico_float/float_init_rom.c.obj
                0x1000c2e4                __aeabi_float_init
 .text.float_table_shim_on_use_helper
                0x1000c348       0x2c CMakeFiles/main.dir/C_/VSARM/sdk/pico/pico-sdk/src/rp2_common/pico_float/float_v1_rom_shim.S.obj
                0x1000c348                float_table_shim_on_use_helper
 .text          0x1000c374       0x10 CMakeFiles/main.dir/C_/VSARM/sdk/pico/pico-sdk/src/rp2_common/pico_mem_ops/mem_ops_aeabi.S.obj
                0x1000c374                __aeabi_mem_init
 .text.memset   0x1000c384        0xc CMakeFiles/main.dir/C_/VSARM/sdk/pico/pico-sdk/src/rp2_common/pico_mem_ops/mem_ops_aeabi.S.obj
                0x1000c384                __wrap_memset
 .text.memcpy   0x1000c390        0xc CMakeFiles/main.dir/C_/VSARM/sdk/pico/pico-sdk/src/rp2_common/pico_mem_ops/mem_ops_aeabi.S.obj
                0x1000c390                __wrap_memcpy
                0x1000c390                __wrap___aeabi_memcpy
 .text.stdio_out_chars_no_crlf
                0x1000c39c       0x10 CMakeFiles/main.dir/C_/VSARM/sdk/pico/pico-sdk/src/rp2_common/pico_stdio/stdio.c.obj
 .text.stdio_out_chars_crlf
                0x1000c3ac       0xb4 CMakeFiles/main.dir/C_/VSARM/sdk/pico/pico-sdk/src/rp2_common/pico_stdio/stdio.c.obj
 .text.stdio_put_string.isra.0
                0x1000c460       0xfc CMakeFiles/main.dir/C_/VSARM/sdk/pico/pico-sdk/src/rp2_common/pico_stdio/stdio.c.obj
 .text.__wrap_putchar
                0x1000c55c       0xa0 CMakeFiles/main.dir/C_/VSARM/sdk/pico/pico-sdk/src/rp2_common/pico_stdio/stdio.c.obj
                0x1000c55c                __wrap_putchar
 .text.__wrap_puts
                0x1000c5fc       0x3c CMakeFiles/main.dir/C_/VSARM/sdk/pico/pico-sdk/src/rp2_common/pico_stdio/stdio.c.obj
                0x1000c5fc                __wrap_puts
 .text.stdio_set_driver_enabled
                0x1000c638       0x3c CMakeFiles/main.dir/C_/VSARM/sdk/pico/pico-sdk/src/rp2_common/pico_stdio/stdio.c.obj
                0x1000c638                stdio_set_driver_enabled
 .text.stdio_init_all
                0x1000c674        0x8 CMakeFiles/main.dir/C_/VSARM/sdk/pico/pico-sdk/src/rp2_common/pico_stdio/stdio.c.obj
                0x1000c674                stdio_init_all
 .text.stdio_uart_out_chars
                0x1000c67c       0x4c CMakeFiles/main.dir/C_/VSARM/sdk/pico/pico-sdk/src/rp2_common/pico_stdio_uart/stdio_uart.c.obj
 .text.stdio_uart_in_chars
                0x1000c6c8       0x38 CMakeFiles/main.dir/C_/VSARM/sdk/pico/pico-sdk/src/rp2_common/pico_stdio_uart/stdio_uart.c.obj
                0x1000c6c8                stdio_uart_in_chars
 .text.stdio_uart_init
                0x1000c700       0x48 CMakeFiles/main.dir/C_/VSARM/sdk/pico/pico-sdk/src/rp2_common/pico_stdio_uart/stdio_uart.c.obj
                0x1000c700                stdio_uart_init
 .text.stdio_uart_init_full
                0x1000c748       0x38 CMakeFiles/main.dir/C_/VSARM/sdk/pico/pico-sdk/src/rp2_common/pico_stdio_uart/stdio_uart.c.obj
                0x1000c748                stdio_uart_init_full
 .text.spi_init
                0x1000c780       0xf8 CMakeFiles/main.dir/C_/VSARM/sdk/pico/pico-sdk/src/rp2_common/hardware_spi/spi.c.obj
                0x1000c780                spi_init
 .text.spi_set_baudrate
                0x1000c878       0x94 CMakeFiles/main.dir/C_/VSARM/sdk/pico/pico-sdk/src/rp2_common/hardware_spi/spi.c.obj
                0x1000c878                spi_set_baudrate
 .text.core1_trampoline
                0x1000c90c        0x4 CMakeFiles/main.dir/C_/VSARM/sdk/pico/pico-sdk/src/rp2_common/pico_multicore/multicore.c.obj
 .text.core1_wrapper
                0x1000c910        0xc CMakeFiles/main.dir/C_/VSARM/sdk/pico/pico-sdk/src/rp2_common/pico_multicore/multicore.c.obj
                0x1000c910                core1_wrapper
 .text.multicore_fifo_push_timeout_us
                0x1000c91c       0x64 CMakeFiles/main.dir/C_/VSARM/sdk/pico/pico-sdk/src/rp2_common/pico_multicore/multicore.c.obj
                0x1000c91c                multicore_fifo_push_timeout_us
 .text.multicore_fifo_pop_timeout_us
                0x1000c980       0x78 CMakeFiles/main.dir/C_/VSARM/sdk/pico/pico-sdk/src/rp2_common/pico_multicore/multicore.c.obj
                0x1000c980                multicore_fifo_pop_timeout_us
 .text.multicore_reset_core1
                0x1000c9f8       0x24 CMakeFiles/main.dir/C_/VSARM/sdk/pico/pico-sdk/src/rp2_common/pico_multicore/multicore.c.obj
                0x1000c9f8                multicore_reset_core1
 .text.multicore_launch_core1_raw
                0x1000ca1c       0x84 CMakeFiles/main.dir/C_/VSARM/sdk/pico/pico-sdk/src/rp2_common/pico_multicore/multicore.c.obj
                0x1000ca1c                multicore_launch_core1_raw
 .text.multicore_launch_core1
                0x1000caa0       0x4c CMakeFiles/main.dir/C_/VSARM/sdk/pico/pico-sdk/src/rp2_common/pico_multicore/multicore.c.obj
                0x1000caa0                multicore_launch_core1
 .text.LCD_Init
                0x1000caec     0x177c lib\screen\lcd\liblcd.a(LCD_Driver.c.obj)
                0x1000caec                LCD_Init
 .text.LCD_SetWindow
                0x1000e268      0x258 lib\screen\lcd\liblcd.a(LCD_Driver.c.obj)
                0x1000e268                LCD_SetWindow
 .text.LCD_SetColor
                0x1000e4c0       0x40 lib\screen\lcd\liblcd.a(LCD_Driver.c.obj)
                0x1000e4c0                LCD_SetColor
 .text.TP_Read_ADC_Average
                0x1000e500      0x108 lib\screen\lcd\liblcd.a(LCD_Touch.c.obj)
 .text.TP_Init  0x1000e608       0x28 lib\screen\lcd\liblcd.a(LCD_Touch.c.obj)
                0x1000e608                TP_Init
 .text.TP_Touch
                0x1000e630      0x13c lib\screen\lcd\liblcd.a(LCD_Touch.c.obj)
                0x1000e630                TP_Touch
 .text.DEV_Digital_Write
                0x1000e76c       0x14 lib\screen\config\libconfig.a(DEV_Config.c.obj)
                0x1000e76c                DEV_Digital_Write
 .text.DEV_Digital_Read
                0x1000e780       0x10 lib\screen\config\libconfig.a(DEV_Config.c.obj)
                0x1000e780                DEV_Digital_Read
 .text.System_Init
                0x1000e790       0xa8 lib\screen\config\libconfig.a(DEV_Config.c.obj)
                0x1000e790                System_Init
 .text.SPI4W_Write_Byte
                0x1000e838       0x24 lib\screen\config\libconfig.a(DEV_Config.c.obj)
                0x1000e838                SPI4W_Write_Byte
 .text.SPI4W_Read_Byte
                0x1000e85c       0x20 lib\screen\config\libconfig.a(DEV_Config.c.obj)
                0x1000e85c                SPI4W_Read_Byte
 .text.Driver_Delay_ms
                0x1000e87c        0x8 lib\screen\config\libconfig.a(DEV_Config.c.obj)
                0x1000e87c                Driver_Delay_ms
 .text.Driver_Delay_us
                0x1000e884        0x4 lib\screen\config\libconfig.a(DEV_Config.c.obj)
                0x1000e884                Driver_Delay_us
 .text.__errno  0x1000e888        0xc c:/vsarm/armgcc/112202~1.02/bin/../lib/gcc/arm-none-eabi/11.2.1/thumb/v6-m/nofp\libc.a(lib_a-errno.o)
                0x1000e888                __errno
 .text.rand     0x1000e894       0x34 c:/vsarm/armgcc/112202~1.02/bin/../lib/gcc/arm-none-eabi/11.2.1/thumb/v6-m/nofp\libc.a(lib_a-rand.o)
                0x1000e894                rand
 .text.strcat   0x1000e8c8       0x4c c:/vsarm/armgcc/112202~1.02/bin/../lib/gcc/arm-none-eabi/11.2.1/thumb/v6-m/nofp\libc.a(lib_a-strcat.o)
                0x1000e8c8                strcat
 .text          0x1000e914       0x88 c:/vsarm/armgcc/112202~1.02/bin/../lib/gcc/arm-none-eabi/11.2.1/thumb/v6-m/nofp\libc.a(lib_a-strcmp.o)
                0x1000e914                strcmp
 .text.strcpy   0x1000e99c       0x10 c:/vsarm/armgcc/112202~1.02/bin/../lib/gcc/arm-none-eabi/11.2.1/thumb/v6-m/nofp\libc.a(lib_a-strcpy.o)
                0x1000e99c                strcpy
 .text.strlen   0x1000e9ac       0x5c c:/vsarm/armgcc/112202~1.02/bin/../lib/gcc/arm-none-eabi/11.2.1/thumb/v6-m/nofp\libc.a(lib_a-strlen-stub.o)
                0x1000e9ac                strlen
 .text.strsep   0x1000ea08       0x10 c:/vsarm/armgcc/112202~1.02/bin/../lib/gcc/arm-none-eabi/11.2.1/thumb/v6-m/nofp\libc.a(lib_a-strsep.o)
                0x1000ea08                strsep
 .text.__strtok_r
                0x1000ea18       0x6c c:/vsarm/armgcc/112202~1.02/bin/../lib/gcc/arm-none-eabi/11.2.1/thumb/v6-m/nofp\libc.a(lib_a-strtok_r.o)
                0x1000ea18                __strtok_r
 .text._strtol_l.constprop.0
                0x1000ea84      0x16c c:/vsarm/armgcc/112202~1.02/bin/../lib/gcc/arm-none-eabi/11.2.1/thumb/v6-m/nofp\libc.a(lib_a-strtol.o)
 .text.strtol   0x1000ebf0       0x18 c:/vsarm/armgcc/112202~1.02/bin/../lib/gcc/arm-none-eabi/11.2.1/thumb/v6-m/nofp\libc.a(lib_a-strtol.o)
                0x1000ebf0                strtol
 *(.fini)
 .fini          0x1000ec08        0x4 c:/vsarm/armgcc/112202~1.02/bin/../lib/gcc/arm-none-eabi/11.2.1/thumb/v6-m/nofp/crti.o
                0x1000ec08                _fini
 *fill*         0x1000ec0c        0x4 
 .fini.__stub   0x1000ec10       0xa0 linker stubs
 *crtbegin.o(.ctors)
 *crtbegin?.o(.ctors)
 *(EXCLUDE_FILE(*crtend.o *crtend?.o) .ctors)
 *(SORT_BY_NAME(.ctors.*))
 *(.ctors)
 *crtbegin.o(.dtors)
 *crtbegin?.o(.dtors)
 *(EXCLUDE_FILE(*crtend.o *crtend?.o) .dtors)
 *(SORT_BY_NAME(.dtors.*))
 *(.dtors)
 *(.eh_frame*)
 .eh_frame      0x1000ecb0        0x0 c:/vsarm/armgcc/112202~1.02/bin/../lib/gcc/arm-none-eabi/11.2.1/thumb/v6-m/nofp/crtbegin.o
                0x1000ecb0                . = ALIGN (0x4)

.glue_7         0x1000ecb0        0x0
 .glue_7        0x1000ecb0        0x0 linker stubs

.glue_7t        0x1000ecb0        0x0
 .glue_7t       0x1000ecb0        0x0 linker stubs

.vfp11_veneer   0x1000ecb0        0x0
 .vfp11_veneer  0x1000ecb0        0x0 linker stubs

.v4_bx          0x1000ecb0        0x0
 .v4_bx         0x1000ecb0        0x0 linker stubs

.iplt           0x1000ecb0        0x0
 .iplt          0x1000ecb0        0x0 c:/vsarm/armgcc/112202~1.02/bin/../lib/gcc/arm-none-eabi/11.2.1/thumb/v6-m/nofp/crtbegin.o

.rodata         0x1000ecb0    0x10ccc
 *(EXCLUDE_FILE(*libm.a: *libc.a:*lib_a-mem*.o *libgcc.a:) .rodata*)
 .rodata.A_FWD_HELP
                0x1000ecb0       0x20 CMakeFiles/main.dir/main.c.obj
 .rodata.A_BCK_HELP
                0x1000ecd0       0x24 CMakeFiles/main.dir/main.c.obj
 .rodata.A_LABEL_MENU_RELEASEDSHORT.str1.4
                0x1000ecf4        0x5 CMakeFiles/main.dir/main.c.obj
 *fill*         0x1000ecf9        0x3 
 .rodata.parseCSV.str1.4
                0x1000ecfc        0x2 CMakeFiles/main.dir/main.c.obj
 *fill*         0x1000ecfe        0x2 
 .rodata.parseFunction.str1.4
                0x1000ed00       0x38 CMakeFiles/main.dir/main.c.obj
 .rodata.S_MENU.str1.4
                0x1000ed38       0x11 CMakeFiles/main.dir/main.c.obj
 *fill*         0x1000ed49        0x3 
 .rodata.S_SYSTEM.str1.4
                0x1000ed4c       0x1f CMakeFiles/main.dir/main.c.obj
 *fill*         0x1000ed6b        0x1 
 .rodata.S_SNAKE.str1.4
                0x1000ed6c       0x59 CMakeFiles/main.dir/main.c.obj
 *fill*         0x1000edc5        0x3 
 .rodata.presetHelp.str1.4
                0x1000edc8       0x4d CMakeFiles/main.dir/main.c.obj
 *fill*         0x1000ee15        0x3 
 .rodata.presetHelp
                0x1000ee18       0x18 CMakeFiles/main.dir/main.c.obj
 .rodata.S_PRESET.str1.4
                0x1000ee30       0x17 CMakeFiles/main.dir/main.c.obj
 *fill*         0x1000ee47        0x1 
 .rodata.loadScreens.str1.4
                0x1000ee48      0x138 CMakeFiles/main.dir/main.c.obj
 .rodata.updateFactoryFlash.str1.4
                0x1000ef80       0x16 CMakeFiles/main.dir/main.c.obj
 *fill*         0x1000ef96        0x2 
 .rodata.updateUserFlash.str1.4
                0x1000ef98        0x9 CMakeFiles/main.dir/main.c.obj
 *fill*         0x1000efa1        0x3 
 .rodata.writeFactoryFlashToUserFlash.str1.4
                0x1000efa4       0x16 CMakeFiles/main.dir/main.c.obj
 *fill*         0x1000efba        0x2 
 .rodata.writeSysexConfigToUserFlash.str1.4
                0x1000efbc       0x11 CMakeFiles/main.dir/main.c.obj
 *fill*         0x1000efcd        0x3 
 .rodata.sendSysexConfig.str1.4
                0x1000efd0        0x6 CMakeFiles/main.dir/main.c.obj
 *fill*         0x1000efd6        0x2 
 .rodata        0x1000efd8       0xe4 CMakeFiles/main.dir/main.c.obj
 .rodata.CSWTCH.282
                0x1000f0bc        0xc CMakeFiles/main.dir/main.c.obj
 .rodata.str1.4
                0x1000f0c8       0x1b CMakeFiles/main.dir/lib/tusb/usb_descriptors.c.obj
 *fill*         0x1000f0e3        0x1 
 .rodata.__compound_literal.0
                0x1000f0e4        0x2 CMakeFiles/main.dir/lib/tusb/usb_descriptors.c.obj
 *fill*         0x1000f0e6        0x2 
 .rodata.desc_device
                0x1000f0e8       0x12 CMakeFiles/main.dir/lib/tusb/usb_descriptors.c.obj
                0x1000f0e8                desc_device
 *fill*         0x1000f0fa        0x2 
 .rodata.desc_fs_configuration
                0x1000f0fc       0x65 CMakeFiles/main.dir/lib/tusb/usb_descriptors.c.obj
                0x1000f0fc                desc_fs_configuration
 *fill*         0x1000f161        0x3 
 .rodata.dcd_rp2040_irq.str1.4
                0x1000f164       0x14 CMakeFiles/main.dir/C_/VSARM/sdk/pico/pico-sdk/lib/tinyusb/src/portable/raspberrypi/rp2040/dcd_rp2040.c.obj
 .rodata._hw_endpoint_buffer_control_update32.part.0.isra.0.str1.4
                0x1000f178       0x1f CMakeFiles/main.dir/C_/VSARM/sdk/pico/pico-sdk/lib/tinyusb/src/portable/raspberrypi/rp2040/rp2040_usb.c.obj
 *fill*         0x1000f197        0x1 
 .rodata.hw_endpoint_xfer_continue.str1.4
                0x1000f198       0x29 CMakeFiles/main.dir/C_/VSARM/sdk/pico/pico-sdk/lib/tinyusb/src/portable/raspberrypi/rp2040/rp2040_usb.c.obj
 .rodata.str1.4
                0x1000f1c1       0x29 CMakeFiles/main.dir/C_/VSARM/sdk/pico/pico-sdk/lib/tinyusb/src/portable/raspberrypi/rp2040/rp2040_usb.c.obj
                                  0x7 (size before relaxing)
 *fill*         0x1000f1c1        0x3 
 .rodata.tud_task
                0x1000f1c4       0x8c CMakeFiles/main.dir/C_/VSARM/sdk/pico/pico-sdk/lib/tinyusb/src/device/usbd.c.obj
 .rodata._usbd_driver
                0x1000f250       0x18 CMakeFiles/main.dir/C_/VSARM/sdk/pico/pico-sdk/lib/tinyusb/src/device/usbd.c.obj
 .rodata.spin_lock_claim_unused.str1.4
                0x1000f268       0x1b CMakeFiles/main.dir/C_/VSARM/sdk/pico/pico-sdk/src/rp2_common/hardware_sync/sync.c.obj
 *fill*         0x1000f283        0x1 
 .rodata.hardware_alarm_claim.str1.4
                0x1000f284       0x22 CMakeFiles/main.dir/C_/VSARM/sdk/pico/pico-sdk/src/rp2_common/hardware_timer/timer.c.obj
 *fill*         0x1000f2a6        0x2 
 .rodata.str1.4
                0x1000f2a8        0x4 CMakeFiles/main.dir/C_/VSARM/sdk/pico/pico-sdk/lib/tinyusb/hw/bsp/rp2040/family.c.obj
 .rodata.__bi_121.0
                0x1000f2ac        0xc CMakeFiles/main.dir/C_/VSARM/sdk/pico/pico-sdk/lib/tinyusb/hw/bsp/rp2040/family.c.obj
 .rodata.__bi_131.1
                0x1000f2b8        0x8 CMakeFiles/main.dir/C_/VSARM/sdk/pico/pico-sdk/lib/tinyusb/hw/bsp/rp2040/family.c.obj
 .rodata.panic.str1.4
                0x1000f2c0       0x12 CMakeFiles/main.dir/C_/VSARM/sdk/pico/pico-sdk/src/rp2_common/pico_runtime/runtime.c.obj
 *fill*         0x1000f2d2        0x2 
 .rodata.hard_assertion_failure.str1.4
                0x1000f2d4        0xc CMakeFiles/main.dir/C_/VSARM/sdk/pico/pico-sdk/src/rp2_common/pico_runtime/runtime.c.obj
 .rodata._ftoa.str1.4
                0x1000f2e0       0x15 CMakeFiles/main.dir/C_/VSARM/sdk/pico/pico-sdk/src/rp2_common/pico_printf/printf.c.obj
 *fill*         0x1000f2f5        0x3 
 .rodata._vsnprintf
                0x1000f2f8      0x19c CMakeFiles/main.dir/C_/VSARM/sdk/pico/pico-sdk/src/rp2_common/pico_printf/printf.c.obj
 *fill*         0x1000f494        0x4 
 .rodata.pow10.0
                0x1000f498       0x50 CMakeFiles/main.dir/C_/VSARM/sdk/pico/pico-sdk/src/rp2_common/pico_printf/printf.c.obj
 .rodata.str1.4
                0x1000f4e8       0x3c CMakeFiles/main.dir/C_/VSARM/sdk/pico/pico-sdk/src/rp2_common/pico_standard_link/binary_info.c.obj
 .rodata.__bi_44
                0x1000f524        0xc CMakeFiles/main.dir/C_/VSARM/sdk/pico/pico-sdk/src/rp2_common/pico_standard_link/binary_info.c.obj
 .rodata.__bi_75
                0x1000f530        0xc CMakeFiles/main.dir/C_/VSARM/sdk/pico/pico-sdk/src/rp2_common/pico_standard_link/binary_info.c.obj
 .rodata.__bi_81
                0x1000f53c        0xc CMakeFiles/main.dir/C_/VSARM/sdk/pico/pico-sdk/src/rp2_common/pico_standard_link/binary_info.c.obj
 .rodata.crlf_str.0
                0x1000f548        0x2 CMakeFiles/main.dir/C_/VSARM/sdk/pico/pico-sdk/src/rp2_common/pico_stdio/stdio.c.obj
 *fill*         0x1000f54a        0x2 
 .rodata.str1.4
                0x1000f54c       0x2c CMakeFiles/main.dir/C_/VSARM/sdk/pico/pico-sdk/src/rp2_common/pico_stdio_uart/stdio_uart.c.obj
 .rodata.__bi_28.4
                0x1000f578        0xc CMakeFiles/main.dir/C_/VSARM/sdk/pico/pico-sdk/src/rp2_common/pico_stdio_uart/stdio_uart.c.obj
 .rodata.__bi_29.5
                0x1000f584        0x8 CMakeFiles/main.dir/C_/VSARM/sdk/pico/pico-sdk/src/rp2_common/pico_stdio_uart/stdio_uart.c.obj
 .rodata        0x1000f58c     0x5480 lib\screen\font\libfont.a(Font104x60.c.obj)
                0x1000f58c                Font104x60_Table
 .rodata        0x10014a0c      0xed8 lib\screen\font\libfont.a(font20x12.c.obj)
                0x10014a0c                Font20x12_Table
 .rodata        0x100158e4     0x2166 lib\screen\font\libfont.a(font30x17.c.obj)
                0x100158e4                Font30x17_Table
 *fill*         0x10017a4a        0x2 
 .rodata        0x10017a4c     0x7e2c lib\screen\font\libfont.a(font68x39.c.obj)
                0x10017a4c                Font68x39_Table
 .rodata._ctype_
                0x1001f878      0x101 c:/vsarm/armgcc/112202~1.02/bin/../lib/gcc/arm-none-eabi/11.2.1/thumb/v6-m/nofp\libc.a(lib_a-ctype_.o)
                0x1001f878                _ctype_
                0x1001f97c                . = ALIGN (0x4)
 *fill*         0x1001f979        0x3 
 *(SORT_BY_ALIGNMENT(SORT_BY_NAME(.flashdata*)))
                0x1001f97c                . = ALIGN (0x4)

.rel.dyn        0x1001f97c        0x0
 .rel.iplt      0x1001f97c        0x0 c:/vsarm/armgcc/112202~1.02/bin/../lib/gcc/arm-none-eabi/11.2.1/thumb/v6-m/nofp/crtbegin.o

.ARM.extab
 *(.ARM.extab* .gnu.linkonce.armextab.*)
                0x1001f97c                __exidx_start = .

.ARM.exidx
 *(.ARM.exidx* .gnu.linkonce.armexidx.*)
                0x1001f97c                __exidx_end = .
                0x1001f97c                . = ALIGN (0x4)
                0x1001f97c                __binary_info_start = .

.binary_info    0x1001f97c       0x2c
 *(.binary_info.keep.*)
 .binary_info.keep.__bi_ptr121
                0x1001f97c        0x4 CMakeFiles/main.dir/C_/VSARM/sdk/pico/pico-sdk/lib/tinyusb/hw/bsp/rp2040/family.c.obj
 .binary_info.keep.__bi_ptr131
                0x1001f980        0x4 CMakeFiles/main.dir/C_/VSARM/sdk/pico/pico-sdk/lib/tinyusb/hw/bsp/rp2040/family.c.obj
 .binary_info.keep.__bi_ptr22
                0x1001f984        0x4 CMakeFiles/main.dir/C_/VSARM/sdk/pico/pico-sdk/src/rp2_common/pico_standard_link/binary_info.c.obj
 .binary_info.keep.__bi_ptr30
                0x1001f988        0x4 CMakeFiles/main.dir/C_/VSARM/sdk/pico/pico-sdk/src/rp2_common/pico_standard_link/binary_info.c.obj
 .binary_info.keep.__bi_ptr38
                0x1001f98c        0x4 CMakeFiles/main.dir/C_/VSARM/sdk/pico/pico-sdk/src/rp2_common/pico_standard_link/binary_info.c.obj
 .binary_info.keep.__bi_ptr44
                0x1001f990        0x4 CMakeFiles/main.dir/C_/VSARM/sdk/pico/pico-sdk/src/rp2_common/pico_standard_link/binary_info.c.obj
 .binary_info.keep.__bi_ptr50
                0x1001f994        0x4 CMakeFiles/main.dir/C_/VSARM/sdk/pico/pico-sdk/src/rp2_common/pico_standard_link/binary_info.c.obj
 .binary_info.keep.__bi_ptr75
                0x1001f998        0x4 CMakeFiles/main.dir/C_/VSARM/sdk/pico/pico-sdk/src/rp2_common/pico_standard_link/binary_info.c.obj
 .binary_info.keep.__bi_ptr81
                0x1001f99c        0x4 CMakeFiles/main.dir/C_/VSARM/sdk/pico/pico-sdk/src/rp2_common/pico_standard_link/binary_info.c.obj
 *(.binary_info.*)
 .binary_info.__bi_ptr28
                0x1001f9a0        0x4 CMakeFiles/main.dir/C_/VSARM/sdk/pico/pico-sdk/src/rp2_common/pico_stdio_uart/stdio_uart.c.obj
 .binary_info.__bi_ptr29
                0x1001f9a4        0x4 CMakeFiles/main.dir/C_/VSARM/sdk/pico/pico-sdk/src/rp2_common/pico_stdio_uart/stdio_uart.c.obj
                0x1001f9a8                __binary_info_end = .
                0x1001f9a8                . = ALIGN (0x4)
                0x1001f9a8                __etext = .

.ram_vector_table
                0x20000000       0xc0
 *(.ram_vector_table)
 .ram_vector_table
                0x20000000       0xc0 CMakeFiles/main.dir/C_/VSARM/sdk/pico/pico-sdk/src/rp2_common/pico_runtime/runtime.c.obj
                0x20000000                ram_vector_table

.data           0x200000c0    0x213f4 load address 0x1001f9a8
                0x200000c0                __data_start__ = .
 *(vtable)
 *(.time_critical*)
 .time_critical.mutex_enter_blocking
                0x200000c0       0x48 CMakeFiles/main.dir/C_/VSARM/sdk/pico/pico-sdk/src/common/pico_sync/mutex.c.obj
                0x200000c0                mutex_enter_blocking
 .time_critical.mutex_try_enter
                0x20000108       0x44 CMakeFiles/main.dir/C_/VSARM/sdk/pico/pico-sdk/src/common/pico_sync/mutex.c.obj
                0x20000108                mutex_try_enter
 .time_critical.mutex_enter_timeout_ms
                0x2000014c       0xa0 CMakeFiles/main.dir/C_/VSARM/sdk/pico/pico-sdk/src/common/pico_sync/mutex.c.obj
                0x2000014c                mutex_enter_timeout_ms
 .time_critical.mutex_exit
                0x200001ec       0x28 CMakeFiles/main.dir/C_/VSARM/sdk/pico/pico-sdk/src/common/pico_sync/mutex.c.obj
                0x200001ec                mutex_exit
 .time_critical.spi_write_read_blocking
                0x20000214       0x74 CMakeFiles/main.dir/C_/VSARM/sdk/pico/pico-sdk/src/rp2_common/hardware_spi/spi.c.obj
                0x20000214                spi_write_read_blocking
 .time_critical.flash_init_boot2_copyout
                0x20000288       0x30 CMakeFiles/main.dir/C_/VSARM/sdk/pico/pico-sdk/src/rp2_common/hardware_flash/flash.c.obj
 .time_critical.flash_enable_xip_via_boot2
                0x200002b8       0x10 CMakeFiles/main.dir/C_/VSARM/sdk/pico/pico-sdk/src/rp2_common/hardware_flash/flash.c.obj
 .time_critical.flash_range_erase
                0x200002c8       0x80 CMakeFiles/main.dir/C_/VSARM/sdk/pico/pico-sdk/src/rp2_common/hardware_flash/flash.c.obj
                0x200002c8                flash_range_erase
 .time_critical.flash_range_program
                0x20000348       0x80 CMakeFiles/main.dir/C_/VSARM/sdk/pico/pico-sdk/src/rp2_common/hardware_flash/flash.c.obj
                0x20000348                flash_range_program
 *(.text*)
 .text          0x200003c8        0x4 c:/vsarm/armgcc/112202~1.02/bin/../lib/gcc/arm-none-eabi/11.2.1/thumb/v6-m/nofp\libgcc.a(_dvmd_tls.o)
                0x200003c8                __aeabi_idiv0
                0x200003c8                __aeabi_ldiv0
 .text.memmove  0x200003cc       0xac c:/vsarm/armgcc/112202~1.02/bin/../lib/gcc/arm-none-eabi/11.2.1/thumb/v6-m/nofp\libc.a(lib_a-memmove.o)
                0x200003cc                memmove
 .text.memmove.__stub
                0x20000478       0x40 linker stubs
                0x200004b8                . = ALIGN (0x4)
 *(.rodata*)
                0x200004b8                . = ALIGN (0x4)
 *(.data*)
 .data.B_BCK_HELP
                0x200004b8       0x34 CMakeFiles/main.dir/main.c.obj
 .data.B_BCK_PRESET
                0x200004ec       0x34 CMakeFiles/main.dir/main.c.obj
 .data.B_BPM_BIG_HELP
                0x20000520       0x34 CMakeFiles/main.dir/main.c.obj
 .data.B_BPM_HELP
                0x20000554       0x34 CMakeFiles/main.dir/main.c.obj
 .data.B_BPM_MINUSONE
                0x20000588       0x34 CMakeFiles/main.dir/main.c.obj
 .data.B_BPM_MINUSTEN
                0x200005bc       0x34 CMakeFiles/main.dir/main.c.obj
 .data.B_BPM_PLUSONE
                0x200005f0       0x34 CMakeFiles/main.dir/main.c.obj
 .data.B_BPM_PLUSTEN
                0x20000624       0x34 CMakeFiles/main.dir/main.c.obj
 .data.B_FWD_HELP
                0x20000658       0x34 CMakeFiles/main.dir/main.c.obj
 .data.B_FWD_PRESET
                0x2000068c       0x34 CMakeFiles/main.dir/main.c.obj
 .data.B_LABEL_MENU
                0x200006c0       0x34 CMakeFiles/main.dir/main.c.obj
 .data.B_LABEL_STATIC
                0x200006f4       0x34 CMakeFiles/main.dir/main.c.obj
 .data.B_LS0_HELP
                0x20000728       0x34 CMakeFiles/main.dir/main.c.obj
 .data.B_LS1_HELP
                0x2000075c       0x34 CMakeFiles/main.dir/main.c.obj
 .data.B_LS1_SML_HELP
                0x20000790       0x34 CMakeFiles/main.dir/main.c.obj
 .data.B_LS2_HELP
                0x200007c4       0x34 CMakeFiles/main.dir/main.c.obj
 .data.B_LS2_SML_HELP
                0x200007f8       0x34 CMakeFiles/main.dir/main.c.obj
 .data.B_RS0_HELP
                0x2000082c       0x34 CMakeFiles/main.dir/main.c.obj
 .data.B_RS1_HELP
                0x20000860       0x34 CMakeFiles/main.dir/main.c.obj
 .data.B_RS1_SML_HELP
                0x20000894       0x34 CMakeFiles/main.dir/main.c.obj
 .data.B_RS2_HELP
                0x200008c8       0x34 CMakeFiles/main.dir/main.c.obj
 .data.B_RS2_SML_HELP
                0x200008fc       0x34 CMakeFiles/main.dir/main.c.obj
 .data.B_SCROLL_DN_PRESET
                0x20000930       0x34 CMakeFiles/main.dir/main.c.obj
 .data.B_SCROLL_UP_PRESET
                0x20000964       0x34 CMakeFiles/main.dir/main.c.obj
 .data.B_SELECT_1
                0x20000998       0x34 CMakeFiles/main.dir/main.c.obj
 .data.B_SELECT_2
                0x200009cc       0x34 CMakeFiles/main.dir/main.c.obj
 .data.B_SELECT_3
                0x20000a00       0x34 CMakeFiles/main.dir/main.c.obj
 .data.B_SELECT_4
                0x20000a34       0x34 CMakeFiles/main.dir/main.c.obj
 .data.B_SELECT_5
                0x20000a68       0x34 CMakeFiles/main.dir/main.c.obj
 .data.B_SELECT_6
                0x20000a9c       0x34 CMakeFiles/main.dir/main.c.obj
 .data.B_SELECT_7
                0x20000ad0       0x34 CMakeFiles/main.dir/main.c.obj
 .data.B_SELECT_8
                0x20000b04       0x34 CMakeFiles/main.dir/main.c.obj
 .data.B_SYSTEM_FACTORY_RESET
                0x20000b38       0x34 CMakeFiles/main.dir/main.c.obj
 .data.B_SYSTEM_FACTORY_RESET_CONFIRM
                0x20000b6c       0x34 CMakeFiles/main.dir/main.c.obj
 .data.B_SYSTEM_FIRMWARE_LOAD
                0x20000ba0       0x34 CMakeFiles/main.dir/main.c.obj
 .data.B_SYSTEM_FIRMWARE_SHOW
                0x20000bd4       0x34 CMakeFiles/main.dir/main.c.obj
 .data.B_SYSTEM_SYSEX_RECV
                0x20000c08       0x34 CMakeFiles/main.dir/main.c.obj
 .data.B_SYSTEM_SYSEX_RECV_START
                0x20000c3c       0x34 CMakeFiles/main.dir/main.c.obj
 .data.B_SYSTEM_SYSEX_SEND
                0x20000c70       0x34 CMakeFiles/main.dir/main.c.obj
 .data.B_SYSTEM_SYSEX_SEND_START
                0x20000ca4       0x34 CMakeFiles/main.dir/main.c.obj
 .data.FACTORY_FLASH
                0x20000cd8        0x4 CMakeFiles/main.dir/main.c.obj
                0x20000cd8                FACTORY_FLASH
 .data.FACTORY_VERSION
                0x20000cdc        0x5 CMakeFiles/main.dir/main.c.obj
 *fill*         0x20000ce1        0x3 
 .data.FIRMWARE_VERSION
                0x20000ce4        0x5 CMakeFiles/main.dir/main.c.obj
 *fill*         0x20000ce9        0x7 
 .data.MIDI_CLOCK_TIMER_US
                0x20000cf0        0x8 CMakeFiles/main.dir/main.c.obj
 .data.MIDI_LEFT
                0x20000cf8        0x8 CMakeFiles/main.dir/main.c.obj
                0x20000cf8                MIDI_LEFT
 .data.MIDI_RIGHT
                0x20000d00        0x8 CMakeFiles/main.dir/main.c.obj
                0x20000d00                MIDI_RIGHT
 .data.MIDI_USB
                0x20000d08        0x8 CMakeFiles/main.dir/main.c.obj
                0x20000d08                MIDI_USB
 .data.PRESETS_TEXT
                0x20000d10    0x20000 CMakeFiles/main.dir/main.c.obj
 .data.SWITCH_LS0
                0x20020d10       0x50 CMakeFiles/main.dir/main.c.obj
                0x20020d10                SWITCH_LS0
 .data.SWITCH_LS1
                0x20020d60       0x50 CMakeFiles/main.dir/main.c.obj
                0x20020d60                SWITCH_LS1
 .data.SWITCH_LS2
                0x20020db0       0x50 CMakeFiles/main.dir/main.c.obj
                0x20020db0                SWITCH_LS2
 .data.SWITCH_RS0
                0x20020e00       0x50 CMakeFiles/main.dir/main.c.obj
                0x20020e00                SWITCH_RS0
 .data.SWITCH_RS1
                0x20020e50       0x50 CMakeFiles/main.dir/main.c.obj
                0x20020e50                SWITCH_RS1
 .data.SWITCH_RS2
                0x20020ea0       0x50 CMakeFiles/main.dir/main.c.obj
                0x20020ea0                SWITCH_RS2
 .data.SWITCH_TOUCH
                0x20020ef0       0x50 CMakeFiles/main.dir/main.c.obj
                0x20020ef0                SWITCH_TOUCH
 .data.SYNC_1   0x20020f40        0x8 CMakeFiles/main.dir/main.c.obj
                0x20020f40                SYNC_1
 .data.SYNC_2   0x20020f48        0x8 CMakeFiles/main.dir/main.c.obj
                0x20020f48                SYNC_2
 .data.USER_FLASH
                0x20020f50        0x4 CMakeFiles/main.dir/main.c.obj
                0x20020f50                USER_FLASH
 .data.string_desc_arr
                0x20020f54       0x10 CMakeFiles/main.dir/lib/tusb/usb_descriptors.c.obj
                0x20020f54                string_desc_arr
 .data.ep_dir_string
                0x20020f64        0x8 CMakeFiles/main.dir/C_/VSARM/sdk/pico/pico-sdk/lib/tinyusb/src/portable/raspberrypi/rp2040/rp2040_usb.c.obj
                0x20020f64                ep_dir_string
 .data._usbd_qdef
                0x20020f6c       0x24 CMakeFiles/main.dir/C_/VSARM/sdk/pico/pico-sdk/lib/tinyusb/src/device/usbd.c.obj
                0x20020f6c                _usbd_qdef
 .data          0x20020f90       0x48 CMakeFiles/main.dir/C_/VSARM/sdk/pico/pico-sdk/src/rp2_common/hardware_irq/irq_handler_chain.S.obj
                0x20020f90                irq_handler_chain_slots
                0x20020fc0                irq_handler_chain_first_slot
                0x20020fca                irq_handler_chain_remove_tail
 .data.striped_spin_lock_num
                0x20020fd8        0x1 CMakeFiles/main.dir/C_/VSARM/sdk/pico/pico-sdk/src/rp2_common/hardware_sync/sync.c.obj
 *fill*         0x20020fd9        0x3 
 .data.default_alarm_pool
                0x20020fdc       0x18 CMakeFiles/main.dir/C_/VSARM/sdk/pico/pico-sdk/src/common/pico_time/time.c.obj
 .data.default_alarm_pool_heap
                0x20020ff4       0x10 CMakeFiles/main.dir/C_/VSARM/sdk/pico/pico-sdk/src/common/pico_time/time.c.obj
 *fill*         0x20021004        0xc 
 .data.aeabi_bits_funcs
                0x20021010       0x10 CMakeFiles/main.dir/C_/VSARM/sdk/pico/pico-sdk/src/rp2_common/pico_bit_ops/bit_ops_aeabi.S.obj
                0x20021010                aeabi_bits_funcs
                0x20021020                aeabi_bits_funcs_end
 .data.aeabi_mem_funcs
                0x20021020       0x10 CMakeFiles/main.dir/C_/VSARM/sdk/pico/pico-sdk/src/rp2_common/pico_mem_ops/mem_ops_aeabi.S.obj
                0x20021020                aeabi_mem_funcs
                0x20021030                aeabi_mem_funcs_end
 .data.stdio_uart
                0x20021030       0x14 CMakeFiles/main.dir/C_/VSARM/sdk/pico/pico-sdk/src/rp2_common/pico_stdio_uart/stdio_uart.c.obj
                0x20021030                stdio_uart
 .data          0x20021044        0x8 lib\screen\font\libfont.a(Font104x60.c.obj)
                0x20021044                Font104x60
 .data          0x2002104c        0x8 lib\screen\font\libfont.a(font20x12.c.obj)
                0x2002104c                Font20x12
 .data          0x20021054        0x8 lib\screen\font\libfont.a(font30x17.c.obj)
                0x20021054                Font30x17
 .data          0x2002105c        0x8 lib\screen\font\libfont.a(font68x39.c.obj)
                0x2002105c                Font68x39
 .data._impure_ptr
                0x20021064        0x4 c:/vsarm/armgcc/112202~1.02/bin/../lib/gcc/arm-none-eabi/11.2.1/thumb/v6-m/nofp\libc.a(lib_a-impure.o)
                0x20021064                _impure_ptr
 .data.impure_data
                0x20021068      0x428 c:/vsarm/armgcc/112202~1.02/bin/../lib/gcc/arm-none-eabi/11.2.1/thumb/v6-m/nofp\libc.a(lib_a-impure.o)
                0x20021490                . = ALIGN (0x4)
 *(.after_data.*)
                0x20021490                . = ALIGN (0x4)
                0x20021490                PROVIDE (__mutex_array_start = .)
 *(SORT_BY_NAME(.mutex_array.*))
 *(.mutex_array)
 .mutex_array   0x20021490        0x8 CMakeFiles/main.dir/C_/VSARM/sdk/pico/pico-sdk/src/rp2_common/pico_malloc/pico_malloc.c.obj
 .mutex_array   0x20021498        0x8 CMakeFiles/main.dir/C_/VSARM/sdk/pico/pico-sdk/src/rp2_common/pico_stdio/stdio.c.obj
                0x200214a0                PROVIDE (__mutex_array_end = .)
                0x200214a0                . = ALIGN (0x4)
                0x200214a0                PROVIDE (__preinit_array_start = .)
 *(SORT_BY_NAME(.preinit_array.*))
 .preinit_array.00001
                0x200214a0        0x4 CMakeFiles/main.dir/C_/VSARM/sdk/pico/pico-sdk/src/rp2_common/pico_mem_ops/mem_ops_aeabi.S.obj
 .preinit_array.00010
                0x200214a4        0x4 CMakeFiles/main.dir/C_/VSARM/sdk/pico/pico-sdk/src/rp2_common/pico_bit_ops/bit_ops_aeabi.S.obj
 .preinit_array.00020
                0x200214a8        0x4 CMakeFiles/main.dir/C_/VSARM/sdk/pico/pico-sdk/src/rp2_common/pico_double/double_aeabi.S.obj
 .preinit_array.00020
                0x200214ac        0x4 CMakeFiles/main.dir/C_/VSARM/sdk/pico/pico-sdk/src/rp2_common/pico_float/float_aeabi.S.obj
 *(.preinit_array)
                0x200214b0                PROVIDE (__preinit_array_end = .)
                0x200214b0                . = ALIGN (0x4)
                0x200214b0                PROVIDE (__init_array_start = .)
 *(SORT_BY_NAME(.init_array.*))
 *(.init_array)
 .init_array    0x200214b0        0x4 c:/vsarm/armgcc/112202~1.02/bin/../lib/gcc/arm-none-eabi/11.2.1/thumb/v6-m/nofp/crtbegin.o
                0x200214b4                PROVIDE (__init_array_end = .)
                0x200214b4                . = ALIGN (0x4)
                [!provide]                PROVIDE (__fini_array_start = .)
 *(SORT_BY_NAME(.fini_array.*))
 *(.fini_array)
                [!provide]                PROVIDE (__fini_array_end = .)
 *(.jcr)
                0x200214b4                . = ALIGN (0x4)
                0x200214b4                __data_end__ = .

.tm_clone_table
                0x200214b4        0x0 load address 0x10040d9c
 .tm_clone_table
                0x200214b4        0x0 c:/vsarm/armgcc/112202~1.02/bin/../lib/gcc/arm-none-eabi/11.2.1/thumb/v6-m/nofp/crtbegin.o
 .tm_clone_table
                0x200214b4        0x0 c:/vsarm/armgcc/112202~1.02/bin/../lib/gcc/arm-none-eabi/11.2.1/thumb/v6-m/nofp/crtend.o

.igot.plt       0x200214b4        0x0 load address 0x10040d9c
 .igot.plt      0x200214b4        0x0 c:/vsarm/armgcc/112202~1.02/bin/../lib/gcc/arm-none-eabi/11.2.1/thumb/v6-m/nofp/crtbegin.o

.uninitialized_data
                0x200214b4        0x0 load address 0x10040d9c
                0x200214b4                . = ALIGN (0x4)
 *(.uninitialized_data*)

.scratch_x      0x20040000        0x0 load address 0x10040d9c
                0x20040000                __scratch_x_start__ = .
 *(.scratch_x.*)
                0x20040000                . = ALIGN (0x4)
                0x20040000                __scratch_x_end__ = .
                0x10040d9c                __scratch_x_source__ = LOADADDR (.scratch_x)

.scratch_y      0x20041000        0x0 load address 0x10040d9c
                0x20041000                __scratch_y_start__ = .
 *(.scratch_y.*)
                0x20041000                . = ALIGN (0x4)
                0x20041000                __scratch_y_end__ = .
                0x10040d9c                __scratch_y_source__ = LOADADDR (.scratch_y)

.bss            0x200214b8     0x7368
                0x200214b8                . = ALIGN (0x4)
                0x200214b8                __bss_start__ = .
 *(SORT_BY_ALIGNMENT(SORT_BY_NAME(.bss*)))
 .bss.MIDI_CLOCK_COUNTER
                0x200214b8        0x8 CMakeFiles/main.dir/main.c.obj
 .bss.MIDI_CLOCK_TIMER
                0x200214c0       0x18 CMakeFiles/main.dir/main.c.obj
 .bss.default_alarm_pool_entries
                0x200214d8      0x100 CMakeFiles/main.dir/C_/VSARM/sdk/pico/pico-sdk/src/common/pico_time/time.c.obj
 .bss.sd_table  0x200215d8      0x100 CMakeFiles/main.dir/C_/VSARM/sdk/pico/pico-sdk/src/rp2_common/pico_double/double_init_rom.c.obj
                0x200215d8                sd_table
 .bss.sf_table  0x200216d8      0x100 CMakeFiles/main.dir/C_/VSARM/sdk/pico/pico-sdk/src/rp2_common/pico_float/float_init_rom.c.obj
                0x200216d8                sf_table
 .bss.BPM_BUFFER
                0x200217d8     0x24f8 CMakeFiles/main.dir/main.c.obj
 .bss.CURR_VIEW
                0x20023cd0       0x10 CMakeFiles/main.dir/main.c.obj
 .bss.MIDI_SYSEX_INDEX
                0x20023ce0        0x4 CMakeFiles/main.dir/main.c.obj
 .bss.PRESETS_DEFAULT
                0x20023ce4        0x4 CMakeFiles/main.dir/main.c.obj
 .bss.PRESETS_VERSION
                0x20023ce8        0x4 CMakeFiles/main.dir/main.c.obj
 .bss.SCREENS   0x20023cec     0x4200 CMakeFiles/main.dir/main.c.obj
 .bss.USER_VAR  0x20027eec        0x8 CMakeFiles/main.dir/main.c.obj
 .bss._app_driver
                0x20027ef4        0x4 CMakeFiles/main.dir/C_/VSARM/sdk/pico/pico-sdk/lib/tinyusb/src/device/usbd.c.obj
 .bss._ctrl_xfer
                0x20027ef8       0x14 CMakeFiles/main.dir/C_/VSARM/sdk/pico/pico-sdk/lib/tinyusb/src/device/usbd_control.c.obj
 .bss._desc_str
                0x20027f0c       0x40 CMakeFiles/main.dir/lib/tusb/usb_descriptors.c.obj
 .bss._midid_itf
                0x20027f4c      0x158 CMakeFiles/main.dir/C_/VSARM/sdk/pico/pico-sdk/lib/tinyusb/src/class/midi/midi_device.c.obj
                0x20027f4c                _midid_itf
 .bss._ubsd_mutexdef
                0x200280a4        0x8 CMakeFiles/main.dir/C_/VSARM/sdk/pico/pico-sdk/lib/tinyusb/src/device/usbd.c.obj
 .bss._usbd_ctrl_buf
                0x200280ac       0x40 CMakeFiles/main.dir/C_/VSARM/sdk/pico/pico-sdk/lib/tinyusb/src/device/usbd_control.c.obj
 .bss._usbd_dev
                0x200280ec       0x53 CMakeFiles/main.dir/C_/VSARM/sdk/pico/pico-sdk/lib/tinyusb/src/device/usbd.c.obj
 *fill*         0x2002813f        0x1 
 .bss._usbd_mutex
                0x20028140        0x4 CMakeFiles/main.dir/C_/VSARM/sdk/pico/pico-sdk/lib/tinyusb/src/device/usbd.c.obj
 .bss._usbd_q   0x20028144        0x4 CMakeFiles/main.dir/C_/VSARM/sdk/pico/pico-sdk/lib/tinyusb/src/device/usbd.c.obj
 .bss._usbd_qdef_buf
                0x20028148       0xc0 CMakeFiles/main.dir/C_/VSARM/sdk/pico/pico-sdk/lib/tinyusb/src/device/usbd.c.obj
                0x20028148                _usbd_qdef_buf
 .bss.alarm_callbacks