Archive member included to satisfy reference by file (symbol)

lib\screen\lcd\liblcd.a(LCD_Driver.c.obj)
                              CMakeFiles/main.dir/main.c.obj (LCD_Init)
lib\screen\lcd\liblcd.a(LCD_Touch.c.obj)
                              CMakeFiles/main.dir/main.c.obj (TP_Init)
lib\screen\font\libfont.a(Font104x60.c.obj)
                              CMakeFiles/main.dir/main.c.obj (Font104x60)
lib\screen\font\libfont.a(font20x12.c.obj)
                              CMakeFiles/main.dir/main.c.obj (Font20x12)
lib\screen\font\libfont.a(font30x17.c.obj)
                              CMakeFiles/main.dir/main.c.obj (Font30x17)
lib\screen\font\libfont.a(font68x39.c.obj)
                              CMakeFiles/main.dir/main.c.obj (Font68x39)
lib\screen\config\libconfig.a(DEV_Config.c.obj)
                              lib\screen\lcd\liblcd.a(LCD_Driver.c.obj) (DEV_Digital_Write)
c:/vsarm/armgcc/112202~1.02/bin/../lib/gcc/arm-none-eabi/11.2.1/thumb/v6-m/nofp\libgcc.a(_dvmd_tls.o)
                              CMakeFiles/main.dir/C_/Program_Files/Raspberry_Pi/Pico_SDK_v1.5.1/pico-sdk/src/rp2_common/pico_divider/divider.S.obj (__aeabi_idiv0)
c:/vsarm/armgcc/112202~1.02/bin/../lib/gcc/arm-none-eabi/11.2.1/thumb/v6-m/nofp\libc.a(lib_a-calloc.o)
                              CMakeFiles/main.dir/C_/Program_Files/Raspberry_Pi/Pico_SDK_v1.5.1/pico-sdk/src/rp2_common/pico_malloc/pico_malloc.c.obj (calloc)
c:/vsarm/armgcc/112202~1.02/bin/../lib/gcc/arm-none-eabi/11.2.1/thumb/v6-m/nofp\libc.a(lib_a-callocr.o)
                              c:/vsarm/armgcc/112202~1.02/bin/../lib/gcc/arm-none-eabi/11.2.1/thumb/v6-m/nofp\libc.a(lib_a-calloc.o) (_calloc_r)
c:/vsarm/armgcc/112202~1.02/bin/../lib/gcc/arm-none-eabi/11.2.1/thumb/v6-m/nofp\libc.a(lib_a-errno.o)
                              c:/vsarm/armgcc/112202~1.02/bin/../lib/gcc/arm-none-eabi/11.2.1/thumb/v6-m/nofp\libc.a(lib_a-callocr.o) (__errno)
c:/vsarm/armgcc/112202~1.02/bin/../lib/gcc/arm-none-eabi/11.2.1/thumb/v6-m/nofp\libc.a(lib_a-impure.o)
                              c:/vsarm/armgcc/112202~1.02/bin/../lib/gcc/arm-none-eabi/11.2.1/thumb/v6-m/nofp\libc.a(lib_a-calloc.o) (_impure_ptr)
c:/vsarm/armgcc/112202~1.02/bin/../lib/gcc/arm-none-eabi/11.2.1/thumb/v6-m/nofp\libc.a(lib_a-init.o)
                              c:/vsarm/armgcc/112202~1.02/bin/../lib/gcc/arm-none-eabi/11.2.1/thumb/v6-m/nofp/crt0.o (__libc_init_array)
c:/vsarm/armgcc/112202~1.02/bin/../lib/gcc/arm-none-eabi/11.2.1/thumb/v6-m/nofp\libc.a(lib_a-malloc.o)
                              CMakeFiles/main.dir/C_/Program_Files/Raspberry_Pi/Pico_SDK_v1.5.1/pico-sdk/src/rp2_common/pico_malloc/pico_malloc.c.obj (malloc)
c:/vsarm/armgcc/112202~1.02/bin/../lib/gcc/arm-none-eabi/11.2.1/thumb/v6-m/nofp\libc.a(lib_a-mallocr.o)
                              c:/vsarm/armgcc/112202~1.02/bin/../lib/gcc/arm-none-eabi/11.2.1/thumb/v6-m/nofp\libc.a(lib_a-callocr.o) (_malloc_r)
c:/vsarm/armgcc/112202~1.02/bin/../lib/gcc/arm-none-eabi/11.2.1/thumb/v6-m/nofp\libc.a(lib_a-memmove.o)
                              CMakeFiles/main.dir/main.c.obj (memmove)
c:/vsarm/armgcc/112202~1.02/bin/../lib/gcc/arm-none-eabi/11.2.1/thumb/v6-m/nofp\libc.a(lib_a-mlock.o)
                              c:/vsarm/armgcc/112202~1.02/bin/../lib/gcc/arm-none-eabi/11.2.1/thumb/v6-m/nofp\libc.a(lib_a-mallocr.o) (__malloc_lock)
c:/vsarm/armgcc/112202~1.02/bin/../lib/gcc/arm-none-eabi/11.2.1/thumb/v6-m/nofp\libc.a(lib_a-rand.o)
                              CMakeFiles/main.dir/main.c.obj (rand)
c:/vsarm/armgcc/112202~1.02/bin/../lib/gcc/arm-none-eabi/11.2.1/thumb/v6-m/nofp\libc.a(lib_a-realloc.o)
                              CMakeFiles/main.dir/C_/Program_Files/Raspberry_Pi/Pico_SDK_v1.5.1/pico-sdk/src/rp2_common/pico_malloc/pico_malloc.c.obj (realloc)
c:/vsarm/armgcc/112202~1.02/bin/../lib/gcc/arm-none-eabi/11.2.1/thumb/v6-m/nofp\libc.a(lib_a-reallocr.o)
                              c:/vsarm/armgcc/112202~1.02/bin/../lib/gcc/arm-none-eabi/11.2.1/thumb/v6-m/nofp\libc.a(lib_a-realloc.o) (_realloc_r)
c:/vsarm/armgcc/112202~1.02/bin/../lib/gcc/arm-none-eabi/11.2.1/thumb/v6-m/nofp\libc.a(lib_a-sbrkr.o)
                              c:/vsarm/armgcc/112202~1.02/bin/../lib/gcc/arm-none-eabi/11.2.1/thumb/v6-m/nofp\libc.a(lib_a-mallocr.o) (_sbrk_r)
c:/vsarm/armgcc/112202~1.02/bin/../lib/gcc/arm-none-eabi/11.2.1/thumb/v6-m/nofp\libc.a(lib_a-strcat.o)
                              CMakeFiles/main.dir/main.c.obj (strcat)
c:/vsarm/armgcc/112202~1.02/bin/../lib/gcc/arm-none-eabi/11.2.1/thumb/v6-m/nofp\libc.a(lib_a-strcmp.o)
                              CMakeFiles/main.dir/main.c.obj (strcmp)
c:/vsarm/armgcc/112202~1.02/bin/../lib/gcc/arm-none-eabi/11.2.1/thumb/v6-m/nofp\libc.a(lib_a-strcpy.o)
                              CMakeFiles/main.dir/main.c.obj (strcpy)
c:/vsarm/armgcc/112202~1.02/bin/../lib/gcc/arm-none-eabi/11.2.1/thumb/v6-m/nofp\libc.a(lib_a-strlen-stub.o)
                              CMakeFiles/main.dir/lib/tusb/usb_descriptors.c.obj (strlen)
[...]
Memory Configuration

Name             Origin             Length             Attributes
FLASH            0x10000000         0x00200000         xr
RAM              0x20000000         0x00040000         xrw
SCRATCH_X        0x20040000         0x00001000         xrw
SCRATCH_Y        0x20041000         0x00001000         xrw
*default*        0x00000000         0xffffffff

Linker script and memory map

LOAD c:/vsarm/armgcc/112202~1.02/bin/../lib/gcc/arm-none-eabi/11.2.1/thumb/v6-m/nofp/crti.o
LOAD c:/vsarm/armgcc/112202~1.02/bin/../lib/gcc/arm-none-eabi/11.2.1/thumb/v6-m/nofp/crtbegin.o
LOAD c:/vsarm/armgcc/112202~1.02/bin/../lib/gcc/arm-none-eabi/11.2.1/thumb/v6-m/nofp/crt0.o

.flash_begin    0x10000000        0x0
                0x10000000                __flash_binary_start = .

.boot2          0x10000000      0x100
                0x10000000                __boot2_start__ = .
 *(.boot2)
 .boot2         0x10000000      0x100 C:\Users\Rynhardt\AppData\Local\Temp\cc0GNEjN.o
                0x10000100                __boot2_end__ = .
                0x00000001                ASSERT (((__boot2_end__ - __boot2_start__) == 0x100), ERROR: Pico second stage bootloader must be 256 bytes in size)

.text           0x10000100     0xe930
                0x10000100                __logical_binary_start = .
 *(.vectors)
 .vectors       0x10000100       0xd4 CMakeFiles/main.dir/C_/Program_Files/Raspberry_Pi/Pico_SDK_v1.5.1/pico-sdk/src/rp2_common/pico_standard_link/crt0.S.obj
                0x10000100                __VECTOR_TABLE
                0x10000100                __vectors
                0x100001c0                isr_invalid
                0x100001c0                __default_isrs_start
                0x100001c2                isr_nmi
                0x100001c4                isr_hardfault
                0x100001c6                isr_svcall
                0x100001c8                isr_pendsv
                0x100001ca                isr_systick
                0x100001cc                isr_irq23
                0x100001cc                isr_irq18
                0x100001cc                isr_irq11
                0x100001cc                isr_irq28
                0x100001cc                isr_irq19
                0x100001cc                isr_irq0
                0x100001cc                isr_irq6
                0x100001cc                isr_irq5
                0x100001cc                isr_irq12
                0x100001cc                isr_irq22
                0x100001cc                isr_irq31
                0x100001cc                isr_irq17
                0x100001cc                isr_irq27
                0x100001cc                isr_irq30
                0x100001cc                isr_irq2
                0x100001cc                isr_irq10
                0x100001cc                isr_irq8
                0x100001cc                isr_irq24
                0x100001cc                isr_irq1
                0x100001cc                isr_irq7
                0x100001cc                isr_irq21
                0x100001cc                isr_irq20
                0x100001cc                isr_irq15
                0x100001cc                isr_irq25
                0x100001cc                isr_irq13
                0x100001cc                __unhandled_user_irq
                0x100001cc                isr_irq4
                0x100001cc                isr_irq16
                0x100001cc                isr_irq29
                0x100001cc                isr_irq26
                0x100001cc                __default_isrs_end
                0x100001cc                isr_irq3
                0x100001cc                isr_irq14
                0x100001cc                isr_irq9
                0x100001d2                unhandled_user_irq_num_in_r0
 *(.binary_info_header)
 .binary_info_header
                0x100001d4       0x14 CMakeFiles/main.dir/C_/Program_Files/Raspberry_Pi/Pico_SDK_v1.5.1/pico-sdk/src/rp2_common/pico_standard_link/crt0.S.obj
                0x100001e8                __binary_info_header_end = .
 *(.reset)
 .reset         0x100001e8       0xa0 CMakeFiles/main.dir/C_/Program_Files/Raspberry_Pi/Pico_SDK_v1.5.1/pico-sdk/src/rp2_common/pico_standard_link/crt0.S.obj
                0x100001e8                _entry_point
 .reset         0x10000288       0x30 CMakeFiles/main.dir/C_/Program_Files/Raspberry_Pi/Pico_SDK_v1.5.1/pico-sdk/src/rp2_common/pico_standard_link/binary_info.c.obj
 *(.init)
 .init          0x100002b8        0x4 c:/vsarm/armgcc/112202~1.02/bin/../lib/gcc/arm-none-eabi/11.2.1/thumb/v6-m/nofp/crti.o
                0x100002b8                _init
 *(EXCLUDE_FILE(*libm.a: *libc.a:*lib_a-mem*.o *libgcc.a:) .text*)
 .text.register_tm_clones
                0x100002bc       0x28 c:/vsarm/armgcc/112202~1.02/bin/../lib/gcc/arm-none-eabi/11.2.1/thumb/v6-m/nofp/crtbegin.o
 .text.frame_dummy
                0x100002e4       0x24 c:/vsarm/armgcc/112202~1.02/bin/../lib/gcc/arm-none-eabi/11.2.1/thumb/v6-m/nofp/crtbegin.o
 .text.stateSwitchLS0
                0x10000308       0x18 CMakeFiles/main.dir/main.c.obj
                0x10000308                stateSwitchLS0
 .text.stateSwitchLS1
                0x10000320       0x18 CMakeFiles/main.dir/main.c.obj
                0x10000320                stateSwitchLS1
 .text.stateSwitchLS2
                0x10000338       0x18 CMakeFiles/main.dir/main.c.obj
                0x10000338                stateSwitchLS2
 .text.stateSwitchRS0
                0x10000350       0x18 CMakeFiles/main.dir/main.c.obj
                0x10000350                stateSwitchRS0
 .text.stateSwitchRS1
                0x10000368       0x18 CMakeFiles/main.dir/main.c.obj
                0x10000368                stateSwitchRS1
 .text.stateSwitchRS2
                0x10000380       0x18 CMakeFiles/main.dir/main.c.obj
                0x10000380                stateSwitchRS2
 .text.midiSendUart0
                0x10000398       0x24 CMakeFiles/main.dir/main.c.obj
                0x10000398                midiSendUart0
 .text.midiSendUart1
                0x100003bc       0x24 CMakeFiles/main.dir/main.c.obj
                0x100003bc                midiSendUart1
 .text.pulseSync1
                0x100003e0        0xc CMakeFiles/main.dir/main.c.obj
                0x100003e0                pulseSync1
 .text.pulseSync2
                0x100003ec        0xc CMakeFiles/main.dir/main.c.obj
                0x100003ec                pulseSync2
 .text.A_FWD_HELP
                0x100003f8       0x54 CMakeFiles/main.dir/main.c.obj
                0x100003f8                A_FWD_HELP
 .text.A_BCK_HELP
                0x1000044c       0x54 CMakeFiles/main.dir/main.c.obj
                0x1000044c                A_BCK_HELP
 .text.A_SCROLL_UP_PRESET
                0x100004a0       0x18 CMakeFiles/main.dir/main.c.obj
                0x100004a0                A_SCROLL_UP_PRESET
 .text.A_SCROLL_DN_PRESET
                0x100004b8       0x14 CMakeFiles/main.dir/main.c.obj
                0x100004b8                A_SCROLL_DN_PRESET
 .text.A_LABEL_MENU_TIMEDOUT
                0x100004cc       0x30 CMakeFiles/main.dir/main.c.obj
                0x100004cc                A_LABEL_MENU_TIMEDOUT
 .text.A_BPM_HELP
                0x100004fc       0x14 CMakeFiles/main.dir/main.c.obj
                0x100004fc                A_BPM_HELP
 .text.A_BPM_BIG_HELP
                0x10000510       0x14 CMakeFiles/main.dir/main.c.obj
                0x10000510                A_BPM_BIG_HELP
 .text.A_LS0_HELP
                0x10000524       0x30 CMakeFiles/main.dir/main.c.obj
                0x10000524                A_LS0_HELP
 .text.A_LS1_HELP
                0x10000554       0x30 CMakeFiles/main.dir/main.c.obj
                0x10000554                A_LS1_HELP
 .text.A_LS2_HELP
                0x10000584       0x30 CMakeFiles/main.dir/main.c.obj
                0x10000584                A_LS2_HELP
 .text.A_RS0_HELP
                0x100005b4       0x30 CMakeFiles/main.dir/main.c.obj
                0x100005b4                A_RS0_HELP
 .text.A_RS1_HELP
                0x100005e4       0x30 CMakeFiles/main.dir/main.c.obj
                0x100005e4                A_RS1_HELP
 .text.A_RS2_HELP
                0x10000614       0x30 CMakeFiles/main.dir/main.c.obj
                0x10000614                A_RS2_HELP
 .text.A_BPM_PLUSONE
                0x10000644       0x14 CMakeFiles/main.dir/main.c.obj
                0x10000644                A_BPM_PLUSONE
 .text.A_BPM_PLUSTEN
                0x10000658       0x14 CMakeFiles/main.dir/main.c.obj
                0x10000658                A_BPM_PLUSTEN
 .text.A_BPM_MINUSONE
                0x1000066c       0x14 CMakeFiles/main.dir/main.c.obj
                0x1000066c                A_BPM_MINUSONE
 .text.A_BPM_MINUSTEN
                0x10000680       0x14 CMakeFiles/main.dir/main.c.obj
                0x10000680                A_BPM_MINUSTEN
 .text.initSwitchTouch
                0x10000694        0xc CMakeFiles/main.dir/main.c.obj
                0x10000694                initSwitchTouch
 .text.stateSwitchTouch
                0x100006a0       0x2c CMakeFiles/main.dir/main.c.obj
                0x100006a0                stateSwitchTouch
 .text.initSync1
                0x100006cc       0x14 CMakeFiles/main.dir/main.c.obj
                0x100006cc                initSync1
 .text.initSync2
                0x100006e0       0x14 CMakeFiles/main.dir/main.c.obj
                0x100006e0                initSync2
 .text.midiInitUart0
                0x100006f4       0x1c CMakeFiles/main.dir/main.c.obj
                0x100006f4                midiInitUart0
 .text.midiInitUart1
                0x10000710       0x1c CMakeFiles/main.dir/main.c.obj
                0x10000710                midiInitUart1
 .text.midiInitUsb
                0x1000072c        0xc CMakeFiles/main.dir/main.c.obj
                0x1000072c                midiInitUsb
 .text.midiSendUsb
                0x10000738       0x10 CMakeFiles/main.dir/main.c.obj
                0x10000738                midiSendUsb
 .text.checkButtons.constprop.1
                0x10000748       0xa8 CMakeFiles/main.dir/main.c.obj
 .text.checkButtons.constprop.2
                0x100007f0       0x80 CMakeFiles/main.dir/main.c.obj
 .text.A_LS1_SML_HELP
                0x10000870       0x30 CMakeFiles/main.dir/main.c.obj
                0x10000870                A_LS1_SML_HELP
 .text.A_LS2_SML_HELP
                0x100008a0       0x30 CMakeFiles/main.dir/main.c.obj
                0x100008a0                A_LS2_SML_HELP
 .text.A_RS1_SML_HELP
                0x100008d0       0x30 CMakeFiles/main.dir/main.c.obj
                0x100008d0                A_RS1_SML_HELP
 .text.A_RS2_SML_HELP
                0x10000900       0x30 CMakeFiles/main.dir/main.c.obj
                0x10000900                A_RS2_SML_HELP
 .text.initSwitchLS0
                0x10000930       0x24 CMakeFiles/main.dir/main.c.obj
                0x10000930                initSwitchLS0
 .text.initSwitchLS1
                0x10000954       0x24 CMakeFiles/main.dir/main.c.obj
                0x10000954                initSwitchLS1
 .text.initSwitchLS2
                0x10000978       0x24 CMakeFiles/main.dir/main.c.obj
                0x10000978                initSwitchLS2
 .text.initSwitchRS0
                0x1000099c       0x24 CMakeFiles/main.dir/main.c.obj
                0x1000099c                initSwitchRS0
 .text.initSwitchRS1
                0x100009c0       0x24 CMakeFiles/main.dir/main.c.obj
                0x100009c0                initSwitchRS1
 .text.initSwitchRS2
                0x100009e4       0x24 CMakeFiles/main.dir/main.c.obj
                0x100009e4                initSwitchRS2
 .text.drawStringBuffer.constprop.0
                0x10000a08      0x3f8 CMakeFiles/main.dir/main.c.obj
 .text.A_SELECT_5
                0x10000e00       0x44 CMakeFiles/main.dir/main.c.obj
                0x10000e00                A_SELECT_5
 .text.A_SELECT_6
                0x10000e44       0x44 CMakeFiles/main.dir/main.c.obj
                0x10000e44                A_SELECT_6
 .text.A_SELECT_7
                0x10000e88       0x44 CMakeFiles/main.dir/main.c.obj
                0x10000e88                A_SELECT_7
 .text.A_SELECT_8
                0x10000ecc       0x44 CMakeFiles/main.dir/main.c.obj
                0x10000ecc                A_SELECT_8
 .text.A_SELECT_1
                0x10000f10       0x44 CMakeFiles/main.dir/main.c.obj
                0x10000f10                A_SELECT_1
 .text.A_SELECT_2
                0x10000f54       0x44 CMakeFiles/main.dir/main.c.obj
                0x10000f54                A_SELECT_2
 .text.A_SELECT_3
                0x10000f98       0x44 CMakeFiles/main.dir/main.c.obj
                0x10000f98                A_SELECT_3
 .text.A_SELECT_4
                0x10000fdc       0x44 CMakeFiles/main.dir/main.c.obj
                0x10000fdc                A_SELECT_4
 .text.A_LABEL_MENU_RELEASEDSHORT
                0x10001020       0x48 CMakeFiles/main.dir/main.c.obj
                0x10001020                A_LABEL_MENU_RELEASEDSHORT
 .text.drawString.constprop.3
                0x10001068      0x194 CMakeFiles/main.dir/main.c.obj
 .text.drawString.constprop.2
                0x100011fc      0x194 CMakeFiles/main.dir/main.c.obj
 .text.A_BCK_PRESET
                0x10001390       0x74 CMakeFiles/main.dir/main.c.obj
                0x10001390                A_BCK_PRESET
 .text.A_FWD_PRESET
                0x10001404       0x80 CMakeFiles/main.dir/main.c.obj
                0x10001404                A_FWD_PRESET
 .text.drawString.constprop.0
                0x10001484      0x3ac CMakeFiles/main.dir/main.c.obj
 .text.drawString.constprop.1
                0x10001830      0x3b4 CMakeFiles/main.dir/main.c.obj
 .text.drawString.constprop.4
                0x10001be4      0x484 CMakeFiles/main.dir/main.c.obj
 .text.checkSwitchLS0
                0x10002068      0x134 CMakeFiles/main.dir/main.c.obj
                0x10002068                checkSwitchLS0
 .text.checkSwitchRS0
                0x1000219c      0x134 CMakeFiles/main.dir/main.c.obj
                0x1000219c                checkSwitchRS0
 .text.checkSwitchRS1
                0x100022d0      0x134 CMakeFiles/main.dir/main.c.obj
                0x100022d0                checkSwitchRS1
 .text.checkSwitchTouch
                0x10002404      0x134 CMakeFiles/main.dir/main.c.obj
                0x10002404                checkSwitchTouch
 .text.checkSwitchRS2
                0x10002538      0x134 CMakeFiles/main.dir/main.c.obj
                0x10002538                checkSwitchRS2
 .text.checkSwitchLS1
                0x1000266c      0x134 CMakeFiles/main.dir/main.c.obj
                0x1000266c                checkSwitchLS1
 .text.checkSwitchLS2
                0x100027a0      0x134 CMakeFiles/main.dir/main.c.obj
                0x100027a0                checkSwitchLS2
 .text.setCurrScreenIndex
                0x100028d4       0x40 CMakeFiles/main.dir/main.c.obj
                0x100028d4                setCurrScreenIndex
 .text.tud_mount_cb
                0x10002914        0x4 CMakeFiles/main.dir/main.c.obj
                0x10002914                tud_mount_cb
 .text.tud_umount_cb
                0x10002918        0x4 CMakeFiles/main.dir/main.c.obj
                0x10002918                tud_umount_cb
 .text.tud_suspend_cb
                0x1000291c        0x4 CMakeFiles/main.dir/main.c.obj
                0x1000291c                tud_suspend_cb
 .text.tud_resume_cb
                0x10002920        0x4 CMakeFiles/main.dir/main.c.obj
                0x10002920                tud_resume_cb
 .text.recvMidiSysex
                0x10002924      0x144 CMakeFiles/main.dir/main.c.obj
                0x10002924                recvMidiSysex
 .text.sendMidiSysex
                0x10002a68       0xc4 CMakeFiles/main.dir/main.c.obj
                0x10002a68                sendMidiSysex
 .text.parseValue
                0x10002b2c      0x12c CMakeFiles/main.dir/main.c.obj
                0x10002b2c                parseValue
 .text.midiClock
                0x10002c58       0x3c CMakeFiles/main.dir/main.c.obj
                0x10002c58                midiClock
 .text.parseFunction
                0x10002c94      0x460 CMakeFiles/main.dir/main.c.obj
                0x10002c94                parseFunction
 .text.checkSwitches
                0x100030f4      0x424 CMakeFiles/main.dir/main.c.obj
                0x100030f4                checkSwitches
 .text.main_core1
                0x10003518      0x37c CMakeFiles/main.dir/main.c.obj
                0x10003518                main_core1
 .text.drawRoundCorners
                0x10003894      0x2d8 CMakeFiles/main.dir/main.c.obj
                0x10003894                drawRoundCorners
 .text.drawRoundedRectangle
                0x10003b6c      0x17c CMakeFiles/main.dir/main.c.obj
                0x10003b6c                drawRoundedRectangle
 .text.drawButton
                0x10003ce8       0x9c CMakeFiles/main.dir/main.c.obj
                0x10003ce8                drawButton
 .text.S_MENU   0x10003d84      0x1c8 CMakeFiles/main.dir/main.c.obj
                0x10003d84                S_MENU
 .text.S_SYSTEM
                0x10003f4c      0x200 CMakeFiles/main.dir/main.c.obj
                0x10003f4c                S_SYSTEM
 .text.S_SNAKE  0x1000414c      0x534 CMakeFiles/main.dir/main.c.obj
                0x1000414c                S_SNAKE
 .text.showLogo
                0x10004680      0x370 CMakeFiles/main.dir/main.c.obj
                0x10004680                showLogo
 .text.confirmButton
                0x100049f0      0x100 CMakeFiles/main.dir/main.c.obj
                0x100049f0                confirmButton
 .text.A_SYSTEM_SYSEX_SEND
                0x10004af0       0x10 CMakeFiles/main.dir/main.c.obj
                0x10004af0                A_SYSTEM_SYSEX_SEND
 .text.A_SYSTEM_SYSEX_RECV
                0x10004b00       0x10 CMakeFiles/main.dir/main.c.obj
                0x10004b00                A_SYSTEM_SYSEX_RECV
 .text.A_SYSTEM_FACTORY_RESET
                0x10004b10       0x4c CMakeFiles/main.dir/main.c.obj
                0x10004b10                A_SYSTEM_FACTORY_RESET
 .text.A_SYSTEM_FIRMWARE_SHOW
                0x10004b5c       0x10 CMakeFiles/main.dir/main.c.obj
                0x10004b5c                A_SYSTEM_FIRMWARE_SHOW
 .text.breakLines
                0x10004b6c       0xd8 CMakeFiles/main.dir/main.c.obj
                0x10004b6c                breakLines
 .text.presetHelp
                0x10004c44      0x1e8 CMakeFiles/main.dir/main.c.obj
                0x10004c44                presetHelp
 .text.S_PRESET
                0x10004e2c      0x580 CMakeFiles/main.dir/main.c.obj
                0x10004e2c                S_PRESET
 .text.loadScreens
                0x100053ac      0x734 CMakeFiles/main.dir/main.c.obj
                0x100053ac                loadScreens
 .text.updateFactoryFlash
                0x10005ae0      0x100 CMakeFiles/main.dir/main.c.obj
                0x10005ae0                updateFactoryFlash
 .text.updateUserFlash
                0x10005be0       0x7c CMakeFiles/main.dir/main.c.obj
                0x10005be0                updateUserFlash
 .text.writeFactoryFlashToUserFlash
                0x10005c5c       0xa8 CMakeFiles/main.dir/main.c.obj
                0x10005c5c                writeFactoryFlashToUserFlash
 .text.A_SYSTEM_FACTORY_RESET_CONFIRM
                0x10005d04        0x8 CMakeFiles/main.dir/main.c.obj
                0x10005d04                A_SYSTEM_FACTORY_RESET_CONFIRM
 .text.writeSysexConfigToUserFlash
                0x10005d0c      0x174 CMakeFiles/main.dir/main.c.obj
                0x10005d0c                writeSysexConfigToUserFlash
 .text.A_SYSTEM_SYSEX_RECV_START
                0x10005e80        0x8 CMakeFiles/main.dir/main.c.obj
                0x10005e80                A_SYSTEM_SYSEX_RECV_START
 .text.sendSysexConfig
                0x10005e88      0x110 CMakeFiles/main.dir/main.c.obj
                0x10005e88                sendSysexConfig
 .text.A_SYSTEM_SYSEX_SEND_START
                0x10005f98        0x8 CMakeFiles/main.dir/main.c.obj
                0x10005f98                A_SYSTEM_SYSEX_SEND_START
 .text.loadFirmware
                0x10005fa0       0x3c CMakeFiles/main.dir/main.c.obj
                0x10005fa0                loadFirmware
 .text.A_SYSTEM_FIRMWARE_LOAD
                0x10005fdc        0x8 CMakeFiles/main.dir/main.c.obj
                0x10005fdc                A_SYSTEM_FIRMWARE_LOAD
 .text.startup.main
                0x10005fe4       0x8c CMakeFiles/main.dir/main.c.obj
                0x10005fe4                main
 .text.tud_descriptor_device_cb
                0x10006070        0x8 CMakeFiles/main.dir/lib/tusb/usb_descriptors.c.obj
                0x10006070                tud_descriptor_device_cb
 .text.tud_descriptor_configuration_cb
                0x10006078        0x8 CMakeFiles/main.dir/lib/tusb/usb_descriptors.c.obj
                0x10006078                tud_descriptor_configuration_cb
 .text.tud_descriptor_string_cb
                0x10006080       0x80 CMakeFiles/main.dir/lib/tusb/usb_descriptors.c.obj
                0x10006080                tud_descriptor_string_cb
 .text.dcd_int_enable
                0x10006100        0xc CMakeFiles/main.dir/C_/Program_Files/Raspberry_Pi/Pico_SDK_v1.5.1/pico-sdk/lib/tinyusb/src/portable/raspberrypi/rp2040/dcd_rp2040.c.obj
                0x10006100                dcd_int_enable
 .text.dcd_set_address
                0x1000610c       0x14 CMakeFiles/main.dir/C_/Program_Files/Raspberry_Pi/Pico_SDK_v1.5.1/pico-sdk/lib/tinyusb/src/portable/raspberrypi/rp2040/dcd_rp2040.c.obj
                0x1000610c                dcd_set_address
 .text.dcd_connect
                0x10006120       0x10 CMakeFiles/main.dir/C_/Program_Files/Raspberry_Pi/Pico_SDK_v1.5.1/pico-sdk/lib/tinyusb/src/portable/raspberrypi/rp2040/dcd_rp2040.c.obj
                0x10006120                dcd_connect
 .text.dcd_init
                0x10006130       0x98 CMakeFiles/main.dir/C_/Program_Files/Raspberry_Pi/Pico_SDK_v1.5.1/pico-sdk/lib/tinyusb/src/portable/raspberrypi/rp2040/dcd_rp2040.c.obj
                0x10006130                dcd_init
 .text.dcd_edpt0_status_complete
                0x100061c8       0x1c CMakeFiles/main.dir/C_/Program_Files/Raspberry_Pi/Pico_SDK_v1.5.1/pico-sdk/lib/tinyusb/src/portable/raspberrypi/rp2040/dcd_rp2040.c.obj
                0x100061c8                dcd_edpt0_status_complete
 .text.dcd_edpt_open
                0x100061e4      0x108 CMakeFiles/main.dir/C_/Program_Files/Raspberry_Pi/Pico_SDK_v1.5.1/pico-sdk/lib/tinyusb/src/portable/raspberrypi/rp2040/dcd_rp2040.c.obj
                0x100061e4                dcd_edpt_open
 .text.dcd_edpt_close_all
                0x100062ec        0x8 CMakeFiles/main.dir/C_/Program_Files/Raspberry_Pi/Pico_SDK_v1.5.1/pico-sdk/lib/tinyusb/src/portable/raspberrypi/rp2040/dcd_rp2040.c.obj
                0x100062ec                dcd_edpt_close_all
 .text.dcd_edpt_xfer
                0x100062f4       0x24 CMakeFiles/main.dir/C_/Program_Files/Raspberry_Pi/Pico_SDK_v1.5.1/pico-sdk/lib/tinyusb/src/portable/raspberrypi/rp2040/dcd_rp2040.c.obj
                0x100062f4                dcd_edpt_xfer
 .text.dcd_edpt_stall
                0x10006318       0x38 CMakeFiles/main.dir/C_/Program_Files/Raspberry_Pi/Pico_SDK_v1.5.1/pico-sdk/lib/tinyusb/src/portable/raspberrypi/rp2040/dcd_rp2040.c.obj
                0x10006318                dcd_edpt_stall
 .text.dcd_edpt_clear_stall
                0x10006350       0x30 CMakeFiles/main.dir/C_/Program_Files/Raspberry_Pi/Pico_SDK_v1.5.1/pico-sdk/lib/tinyusb/src/portable/raspberrypi/rp2040/dcd_rp2040.c.obj
                0x10006350                dcd_edpt_clear_stall
 .text.rp2040_usb_init
                0x10006380       0x4c CMakeFiles/main.dir/C_/Program_Files/Raspberry_Pi/Pico_SDK_v1.5.1/pico-sdk/lib/tinyusb/src/portable/raspberrypi/rp2040/rp2040_usb.c.obj
                0x10006380                rp2040_usb_init
 .text.hw_endpoint_xfer_start
                0x100063cc       0x50 CMakeFiles/main.dir/C_/Program_Files/Raspberry_Pi/Pico_SDK_v1.5.1/pico-sdk/lib/tinyusb/src/portable/raspberrypi/rp2040/rp2040_usb.c.obj
                0x100063cc                hw_endpoint_xfer_start
 .text.tud_inited
                0x1000641c       0x14 CMakeFiles/main.dir/C_/Program_Files/Raspberry_Pi/Pico_SDK_v1.5.1/pico-sdk/lib/tinyusb/src/device/usbd.c.obj
                0x1000641c                tud_inited
 .text.tud_init
                0x10006430       0xe0 CMakeFiles/main.dir/C_/Program_Files/Raspberry_Pi/Pico_SDK_v1.5.1/pico-sdk/lib/tinyusb/src/device/usbd.c.obj
                0x10006430                tud_init
 .text.tud_task_event_ready
                0x10006510       0x20 CMakeFiles/main.dir/C_/Program_Files/Raspberry_Pi/Pico_SDK_v1.5.1/pico-sdk/lib/tinyusb/src/device/usbd.c.obj
                0x10006510                tud_task_event_ready
 .text.tud_task_ext
                0x10006530      0x8a8 CMakeFiles/main.dir/C_/Program_Files/Raspberry_Pi/Pico_SDK_v1.5.1/pico-sdk/lib/tinyusb/src/device/usbd.c.obj
                0x10006530                tud_task_ext
 .text.usbd_edpt_open
                0x10006dd8       0x34 CMakeFiles/main.dir/C_/Program_Files/Raspberry_Pi/Pico_SDK_v1.5.1/pico-sdk/lib/tinyusb/src/device/usbd.c.obj
                0x10006dd8                usbd_edpt_open
 .text.usbd_edpt_claim
                0x10006e0c       0x28 CMakeFiles/main.dir/C_/Program_Files/Raspberry_Pi/Pico_SDK_v1.5.1/pico-sdk/lib/tinyusb/src/device/usbd.c.obj
                0x10006e0c                usbd_edpt_claim
 .text.usbd_edpt_release
                0x10006e34       0x28 CMakeFiles/main.dir/C_/Program_Files/Raspberry_Pi/Pico_SDK_v1.5.1/pico-sdk/lib/tinyusb/src/device/usbd.c.obj
                0x10006e34                usbd_edpt_release
 .text.usbd_edpt_xfer
                0x10006e5c       0x4c CMakeFiles/main.dir/C_/Program_Files/Raspberry_Pi/Pico_SDK_v1.5.1/pico-sdk/lib/tinyusb/src/device/usbd.c.obj
                0x10006e5c                usbd_edpt_xfer
 .text.tud_control_status
                0x10006ea8       0x2c CMakeFiles/main.dir/C_/Program_Files/Raspberry_Pi/Pico_SDK_v1.5.1/pico-sdk/lib/tinyusb/src/device/usbd_control.c.obj
                0x10006ea8                tud_control_status
 .text.tud_control_xfer
                0x10006ed4       0xac CMakeFiles/main.dir/C_/Program_Files/Raspberry_Pi/Pico_SDK_v1.5.1/pico-sdk/lib/tinyusb/src/device/usbd_control.c.obj
                0x10006ed4                tud_control_xfer
 .text.usbd_control_reset
                0x10006f80       0x14 CMakeFiles/main.dir/C_/Program_Files/Raspberry_Pi/Pico_SDK_v1.5.1/pico-sdk/lib/tinyusb/src/device/usbd_control.c.obj
                0x10006f80                usbd_control_reset
 .text.usbd_control_set_complete_callback
                0x10006f94        0xc CMakeFiles/main.dir/C_/Program_Files/Raspberry_Pi/Pico_SDK_v1.5.1/pico-sdk/lib/tinyusb/src/device/usbd_control.c.obj
                0x10006f94                usbd_control_set_complete_callback
 .text.usbd_control_set_request
                0x10006fa0       0x1c CMakeFiles/main.dir/C_/Program_Files/Raspberry_Pi/Pico_SDK_v1.5.1/pico-sdk/lib/tinyusb/src/device/usbd_control.c.obj
                0x10006fa0                usbd_control_set_request
 .text.usbd_control_xfer_cb
                0x10006fbc       0xf4 CMakeFiles/main.dir/C_/Program_Files/Raspberry_Pi/Pico_SDK_v1.5.1/pico-sdk/lib/tinyusb/src/device/usbd_control.c.obj
                0x10006fbc                usbd_control_xfer_cb
 .text.tud_midi_n_available
                0x100070b0       0x2c CMakeFiles/main.dir/C_/Program_Files/Raspberry_Pi/Pico_SDK_v1.5.1/pico-sdk/lib/tinyusb/src/class/midi/midi_device.c.obj
                0x100070b0                tud_midi_n_available
 .text.tud_midi_n_packet_read
                0x100070dc       0x80 CMakeFiles/main.dir/C_/Program_Files/Raspberry_Pi/Pico_SDK_v1.5.1/pico-sdk/lib/tinyusb/src/class/midi/midi_device.c.obj
                0x100070dc                tud_midi_n_packet_read
 .text.tud_midi_n_stream_write
                0x1000715c      0x1e8 CMakeFiles/main.dir/C_/Program_Files/Raspberry_Pi/Pico_SDK_v1.5.1/pico-sdk/lib/tinyusb/src/class/midi/midi_device.c.obj
                0x1000715c                tud_midi_n_stream_write
 .text.midid_init
                0x10007344       0x5c CMakeFiles/main.dir/C_/Program_Files/Raspberry_Pi/Pico_SDK_v1.5.1/pico-sdk/lib/tinyusb/src/class/midi/midi_device.c.obj
                0x10007344                midid_init
 .text.midid_reset
                0x100073a0       0x24 CMakeFiles/main.dir/C_/Program_Files/Raspberry_Pi/Pico_SDK_v1.5.1/pico-sdk/lib/tinyusb/src/class/midi/midi_device.c.obj
                0x100073a0                midid_reset
 .text.midid_open
                0x100073c4      0x124 CMakeFiles/main.dir/C_/Program_Files/Raspberry_Pi/Pico_SDK_v1.5.1/pico-sdk/lib/tinyusb/src/class/midi/midi_device.c.obj
                0x100073c4                midid_open
 .text.midid_control_xfer_cb
                0x100074e8        0x4 CMakeFiles/main.dir/C_/Program_Files/Raspberry_Pi/Pico_SDK_v1.5.1/pico-sdk/lib/tinyusb/src/class/midi/midi_device.c.obj
                0x100074e8                midid_control_xfer_cb
 .text.midid_xfer_cb
                0x100074ec      0x108 CMakeFiles/main.dir/C_/Program_Files/Raspberry_Pi/Pico_SDK_v1.5.1/pico-sdk/lib/tinyusb/src/class/midi/midi_device.c.obj
                0x100074ec                midid_xfer_cb
 .text.tusb_init
                0x100075f4        0xc CMakeFiles/main.dir/C_/Program_Files/Raspberry_Pi/Pico_SDK_v1.5.1/pico-sdk/lib/tinyusb/src/tusb.c.obj
                0x100075f4                tusb_init
 .text.tusb_inited
                0x10007600        0x8 CMakeFiles/main.dir/C_/Program_Files/Raspberry_Pi/Pico_SDK_v1.5.1/pico-sdk/lib/tinyusb/src/tusb.c.obj
                0x10007600                tusb_inited
 .text.tu_edpt_claim
                0x10007608       0x50 CMakeFiles/main.dir/C_/Program_Files/Raspberry_Pi/Pico_SDK_v1.5.1/pico-sdk/lib/tinyusb/src/tusb.c.obj
                0x10007608                tu_edpt_claim
 .text.tu_edpt_release
                0x10007658       0x38 CMakeFiles/main.dir/C_/Program_Files/Raspberry_Pi/Pico_SDK_v1.5.1/pico-sdk/lib/tinyusb/src/tusb.c.obj
                0x10007658                tu_edpt_release
 .text.tu_edpt_validate
                0x10007690       0x74 CMakeFiles/main.dir/C_/Program_Files/Raspberry_Pi/Pico_SDK_v1.5.1/pico-sdk/lib/tinyusb/src/tusb.c.obj
                0x10007690                tu_edpt_validate
 .text.tu_edpt_bind_driver
                0x10007704       0x34 CMakeFiles/main.dir/C_/Program_Files/Raspberry_Pi/Pico_SDK_v1.5.1/pico-sdk/lib/tinyusb/src/tusb.c.obj
                0x10007704                tu_edpt_bind_driver
 .text.tu_fifo_config
                0x10007738       0x70 CMakeFiles/main.dir/C_/Program_Files/Raspberry_Pi/Pico_SDK_v1.5.1/pico-sdk/lib/tinyusb/src/common/tusb_fifo.c.obj
                0x10007738                tu_fifo_config
 .text.tu_fifo_count
                0x100077a8       0x2c CMakeFiles/main.dir/C_/Program_Files/Raspberry_Pi/Pico_SDK_v1.5.1/pico-sdk/lib/tinyusb/src/common/tusb_fifo.c.obj
                0x100077a8                tu_fifo_count
 .text.tu_fifo_empty
                0x100077d4       0x10 CMakeFiles/main.dir/C_/Program_Files/Raspberry_Pi/Pico_SDK_v1.5.1/pico-sdk/lib/tinyusb/src/common/tusb_fifo.c.obj
                0x100077d4                tu_fifo_empty
 .text.tu_fifo_remaining
                0x100077e4       0x2c CMakeFiles/main.dir/C_/Program_Files/Raspberry_Pi/Pico_SDK_v1.5.1/pico-sdk/lib/tinyusb/src/common/tusb_fifo.c.obj
                0x100077e4                tu_fifo_remaining
 .text.tu_fifo_read
                0x10007810       0xa0 CMakeFiles/main.dir/C_/Program_Files/Raspberry_Pi/Pico_SDK_v1.5.1/pico-sdk/lib/tinyusb/src/common/tusb_fifo.c.obj
                0x10007810                tu_fifo_read
 .text.tu_fifo_read_n
                0x100078b0       0xe8 CMakeFiles/main.dir/C_/Program_Files/Raspberry_Pi/Pico_SDK_v1.5.1/pico-sdk/lib/tinyusb/src/common/tusb_fifo.c.obj
                0x100078b0                tu_fifo_read_n
 .text.tu_fifo_write
                0x10007998       0x88 CMakeFiles/main.dir/C_/Program_Files/Raspberry_Pi/Pico_SDK_v1.5.1/pico-sdk/lib/tinyusb/src/common/tusb_fifo.c.obj
                0x10007998                tu_fifo_write
 .text.tu_fifo_write_n
                0x10007a20      0x160 CMakeFiles/main.dir/C_/Program_Files/Raspberry_Pi/Pico_SDK_v1.5.1/pico-sdk/lib/tinyusb/src/common/tusb_fifo.c.obj
                0x10007a20                tu_fifo_write_n
 .text.tu_fifo_clear
                0x10007b80       0x40 CMakeFiles/main.dir/C_/Program_Files/Raspberry_Pi/Pico_SDK_v1.5.1/pico-sdk/lib/tinyusb/src/common/tusb_fifo.c.obj
                0x10007b80                tu_fifo_clear
 .text.irq_set_enabled
                0x10007bc0       0x24 CMakeFiles/main.dir/C_/Program_Files/Raspberry_Pi/Pico_SDK_v1.5.1/pico-sdk/src/rp2_common/hardware_irq/irq.c.obj
                0x10007bc0                irq_set_enabled
 .text.irq_is_enabled
                0x10007be4       0x18 CMakeFiles/main.dir/C_/Program_Files/Raspberry_Pi/Pico_SDK_v1.5.1/pico-sdk/src/rp2_common/hardware_irq/irq.c.obj
                0x10007be4                irq_is_enabled
 .text.irq_get_vtable_handler
                0x10007bfc       0x10 CMakeFiles/main.dir/C_/Program_Files/Raspberry_Pi/Pico_SDK_v1.5.1/pico-sdk/src/rp2_common/hardware_irq/irq.c.obj
                0x10007bfc                irq_get_vtable_handler
 .text.irq_set_exclusive_handler
                0x10007c0c       0x54 CMakeFiles/main.dir/C_/Program_Files/Raspberry_Pi/Pico_SDK_v1.5.1/pico-sdk/src/rp2_common/hardware_irq/irq.c.obj
                0x10007c0c                irq_set_exclusive_handler
 .text.irq_add_shared_handler
                0x10007c60      0x1e4 CMakeFiles/main.dir/C_/Program_Files/Raspberry_Pi/Pico_SDK_v1.5.1/pico-sdk/src/rp2_common/hardware_irq/irq.c.obj
                0x10007c60                irq_add_shared_handler
 .text.irq_remove_handler
                0x10007e44      0x1b0 CMakeFiles/main.dir/C_/Program_Files/Raspberry_Pi/Pico_SDK_v1.5.1/pico-sdk/src/rp2_common/hardware_irq/irq.c.obj
                0x10007e44                irq_remove_handler
 .text.irq_add_tail_to_free_list
                0x10007ff4       0xb4 CMakeFiles/main.dir/C_/Program_Files/Raspberry_Pi/Pico_SDK_v1.5.1/pico-sdk/src/rp2_common/hardware_irq/irq.c.obj
                0x10007ff4                irq_add_tail_to_free_list
 .text.irq_init_priorities
                0x100080a8       0x24 CMakeFiles/main.dir/C_/Program_Files/Raspberry_Pi/Pico_SDK_v1.5.1/pico-sdk/src/rp2_common/hardware_irq/irq.c.obj
                0x100080a8                irq_init_priorities
 .text.running_on_fpga
                0x100080cc       0x10 CMakeFiles/main.dir/C_/Program_Files/Raspberry_Pi/Pico_SDK_v1.5.1/pico-sdk/src/rp2_common/pico_platform/platform.c.obj
                0x100080cc                running_on_fpga
 .text.hw_claim_or_assert
                0x100080dc       0x44 CMakeFiles/main.dir/C_/Program_Files/Raspberry_Pi/Pico_SDK_v1.5.1/pico-sdk/src/rp2_common/hardware_claim/claim.c.obj
                0x100080dc                hw_claim_or_assert
 .text.hw_claim_unused_from_range
                0x10008120       0x9c CMakeFiles/main.dir/C_/Program_Files/Raspberry_Pi/Pico_SDK_v1.5.1/pico-sdk/src/rp2_common/hardware_claim/claim.c.obj
                0x10008120                hw_claim_unused_from_range
 .text.spin_locks_reset
                0x100081bc       0x1c CMakeFiles/main.dir/C_/Program_Files/Raspberry_Pi/Pico_SDK_v1.5.1/pico-sdk/src/rp2_common/hardware_sync/sync.c.obj
                0x100081bc                spin_locks_reset
 .text.next_striped_spin_lock_num
                0x100081d8       0x18 CMakeFiles/main.dir/C_/Program_Files/Raspberry_Pi/Pico_SDK_v1.5.1/pico-sdk/src/rp2_common/hardware_sync/sync.c.obj
                0x100081d8                next_striped_spin_lock_num
 .text.spin_lock_claim_unused
                0x100081f0       0x24 CMakeFiles/main.dir/C_/Program_Files/Raspberry_Pi/Pico_SDK_v1.5.1/pico-sdk/src/rp2_common/hardware_sync/sync.c.obj
                0x100081f0                spin_lock_claim_unused
 .text.lock_init
                0x10008214       0x10 CMakeFiles/main.dir/C_/Program_Files/Raspberry_Pi/Pico_SDK_v1.5.1/pico-sdk/src/common/pico_sync/lock_core.c.obj
                0x10008214                lock_init
 .text.mutex_init
                0x10008224       0x1c CMakeFiles/main.dir/C_/Program_Files/Raspberry_Pi/Pico_SDK_v1.5.1/pico-sdk/src/common/pico_sync/mutex.c.obj
                0x10008224                mutex_init
 .text.recursive_mutex_init
                0x10008240       0x1c CMakeFiles/main.dir/C_/Program_Files/Raspberry_Pi/Pico_SDK_v1.5.1/pico-sdk/src/common/pico_sync/mutex.c.obj
                0x10008240                recursive_mutex_init
 .text.critical_section_init
                0x1000825c       0x20 CMakeFiles/main.dir/C_/Program_Files/Raspberry_Pi/Pico_SDK_v1.5.1/pico-sdk/src/common/pico_sync/critical_section.c.obj
                0x1000825c                critical_section_init
 .text.timer_pool_entry_comparator
                0x1000827c       0x34 CMakeFiles/main.dir/C_/Program_Files/Raspberry_Pi/Pico_SDK_v1.5.1/pico-sdk/src/common/pico_time/time.c.obj
                0x1000827c                timer_pool_entry_comparator
 .text.repeating_timer_callback
                0x100082b0       0x1c CMakeFiles/main.dir/C_/Program_Files/Raspberry_Pi/Pico_SDK_v1.5.1/pico-sdk/src/common/pico_time/time.c.obj
 .text.sleep_until_callback
                0x100082cc       0x30 CMakeFiles/main.dir/C_/Program_Files/Raspberry_Pi/Pico_SDK_v1.5.1/pico-sdk/src/common/pico_time/time.c.obj
 .text.add_alarm_under_lock.isra.0
                0x100082fc      0x104 CMakeFiles/main.dir/C_/Program_Files/Raspberry_Pi/Pico_SDK_v1.5.1/pico-sdk/src/common/pico_time/time.c.obj
 .text.alarm_pool_alarm_callback
                0x10008400      0x1c4 CMakeFiles/main.dir/C_/Program_Files/Raspberry_Pi/Pico_SDK_v1.5.1/pico-sdk/src/common/pico_time/time.c.obj
 .text.alarm_pool_init_default
                0x100085c4       0x6c CMakeFiles/main.dir/C_/Program_Files/Raspberry_Pi/Pico_SDK_v1.5.1/pico-sdk/src/common/pico_time/time.c.obj
                0x100085c4                alarm_pool_init_default
 .text.alarm_pool_get_default
                0x10008630        0x8 CMakeFiles/main.dir/C_/Program_Files/Raspberry_Pi/Pico_SDK_v1.5.1/pico-sdk/src/common/pico_time/time.c.obj
                0x10008630                alarm_pool_get_default
 .text.alarm_pool_add_alarm_at
                0x10008638      0x184 CMakeFiles/main.dir/C_/Program_Files/Raspberry_Pi/Pico_SDK_v1.5.1/pico-sdk/src/common/pico_time/time.c.obj
                0x10008638                alarm_pool_add_alarm_at
 .text.alarm_pool_add_repeating_timer_us
                0x100087bc      0x1f8 CMakeFiles/main.dir/C_/Program_Files/Raspberry_Pi/Pico_SDK_v1.5.1/pico-sdk/src/common/pico_time/time.c.obj
                0x100087bc                alarm_pool_add_repeating_timer_us
 .text.cancel_repeating_timer
                0x100089b4       0x98 CMakeFiles/main.dir/C_/Program_Files/Raspberry_Pi/Pico_SDK_v1.5.1/pico-sdk/src/common/pico_time/time.c.obj
                0x100089b4                cancel_repeating_timer
 .text.sleep_until
                0x10008a4c       0xc4 CMakeFiles/main.dir/C_/Program_Files/Raspberry_Pi/Pico_SDK_v1.5.1/pico-sdk/src/common/pico_time/time.c.obj
                0x10008a4c                sleep_until
 .text.sleep_ms
                0x10008b10       0x38 CMakeFiles/main.dir/C_/Program_Files/Raspberry_Pi/Pico_SDK_v1.5.1/pico-sdk/src/common/pico_time/time.c.obj
                0x10008b10                sleep_ms
 .text.best_effort_wfe_or_timeout
                0x10008b48       0xd4 CMakeFiles/main.dir/C_/Program_Files/Raspberry_Pi/Pico_SDK_v1.5.1/pico-sdk/src/common/pico_time/time.c.obj
                0x10008b48                best_effort_wfe_or_timeout
 .text.hardware_alarm_irq_handler
                0x10008c1c       0xbc CMakeFiles/main.dir/C_/Program_Files/Raspberry_Pi/Pico_SDK_v1.5.1/pico-sdk/src/rp2_common/hardware_timer/timer.c.obj
 .text.hardware_alarm_claim
                0x10008cd8       0x18 CMakeFiles/main.dir/C_/Program_Files/Raspberry_Pi/Pico_SDK_v1.5.1/pico-sdk/src/rp2_common/hardware_timer/timer.c.obj
                0x10008cd8                hardware_alarm_claim
 .text.time_us_64
                0x10008cf0       0x14 CMakeFiles/main.dir/C_/Program_Files/Raspberry_Pi/Pico_SDK_v1.5.1/pico-sdk/src/rp2_common/hardware_timer/timer.c.obj
                0x10008cf0                time_us_64
 .text.busy_wait_us
                0x10008d04       0x54 CMakeFiles/main.dir/C_/Program_Files/Raspberry_Pi/Pico_SDK_v1.5.1/pico-sdk/src/rp2_common/hardware_timer/timer.c.obj
                0x10008d04                busy_wait_us
 .text.busy_wait_ms
                0x10008d58       0x88 CMakeFiles/main.dir/C_/Program_Files/Raspberry_Pi/Pico_SDK_v1.5.1/pico-sdk/src/rp2_common/hardware_timer/timer.c.obj
                0x10008d58                busy_wait_ms
 .text.busy_wait_until
                0x10008de0       0x20 CMakeFiles/main.dir/C_/Program_Files/Raspberry_Pi/Pico_SDK_v1.5.1/pico-sdk/src/rp2_common/hardware_timer/timer.c.obj
                0x10008de0                busy_wait_until
 .text.hardware_alarm_set_callback
                0x10008e00       0x8c CMakeFiles/main.dir/C_/Program_Files/Raspberry_Pi/Pico_SDK_v1.5.1/pico-sdk/src/rp2_common/hardware_timer/timer.c.obj
                0x10008e00                hardware_alarm_set_callback
 .text.hardware_alarm_set_target
                0x10008e8c       0xd4 CMakeFiles/main.dir/C_/Program_Files/Raspberry_Pi/Pico_SDK_v1.5.1/pico-sdk/src/rp2_common/hardware_timer/timer.c.obj
                0x10008e8c                hardware_alarm_set_target
 .text.hardware_alarm_cancel
                0x10008f60       0x3c CMakeFiles/main.dir/C_/Program_Files/Raspberry_Pi/Pico_SDK_v1.5.1/pico-sdk/src/rp2_common/hardware_timer/timer.c.obj
                0x10008f60                hardware_alarm_cancel
 .text.ph_merge_nodes
                0x10008f9c       0x68 CMakeFiles/main.dir/C_/Program_Files/Raspberry_Pi/Pico_SDK_v1.5.1/pico-sdk/src/common/pico_util/pheap.c.obj
 .text.ph_post_alloc_init
                0x10009004       0x3c CMakeFiles/main.dir/C_/Program_Files/Raspberry_Pi/Pico_SDK_v1.5.1/pico-sdk/src/common/pico_util/pheap.c.obj
                0x10009004                ph_post_alloc_init
 .text.ph_merge_two_pass
                0x10009040       0x9c CMakeFiles/main.dir/C_/Program_Files/Raspberry_Pi/Pico_SDK_v1.5.1/pico-sdk/src/common/pico_util/pheap.c.obj
                0x10009040                ph_merge_two_pass
 .text.ph_remove_any_head
                0x100090dc      0x100 CMakeFiles/main.dir/C_/Program_Files/Raspberry_Pi/Pico_SDK_v1.5.1/pico-sdk/src/common/pico_util/pheap.c.obj
 .text.ph_remove_head
                0x100091dc      0x104 CMakeFiles/main.dir/C_/Program_Files/Raspberry_Pi/Pico_SDK_v1.5.1/pico-sdk/src/common/pico_util/pheap.c.obj
                0x100091dc                ph_remove_head
 .text.ph_remove_and_free_node
                0x100092e0       0x7c CMakeFiles/main.dir/C_/Program_Files/Raspberry_Pi/Pico_SDK_v1.5.1/pico-sdk/src/common/pico_util/pheap.c.obj
                0x100092e0                ph_remove_and_free_node
 .text.gpio_set_function
                0x1000935c       0x30 CMakeFiles/main.dir/C_/Program_Files/Raspberry_Pi/Pico_SDK_v1.5.1/pico-sdk/src/rp2_common/hardware_gpio/gpio.c.obj
                0x1000935c                gpio_set_function
 .text.gpio_set_pulls
                0x1000938c       0x24 CMakeFiles/main.dir/C_/Program_Files/Raspberry_Pi/Pico_SDK_v1.5.1/pico-sdk/src/rp2_common/hardware_gpio/gpio.c.obj
                0x1000938c                gpio_set_pulls
 .text.gpio_init
                0x100093b0       0x3c CMakeFiles/main.dir/C_/Program_Files/Raspberry_Pi/Pico_SDK_v1.5.1/pico-sdk/src/rp2_common/hardware_gpio/gpio.c.obj
                0x100093b0                gpio_init
 .text.board_init
                0x100093ec       0x30 CMakeFiles/main.dir/C_/Program_Files/Raspberry_Pi/Pico_SDK_v1.5.1/pico-sdk/lib/tinyusb/hw/bsp/rp2040/family.c.obj
                0x100093ec                board_init
 .text.uart_init
                0x1000941c      0x188 CMakeFiles/main.dir/C_/Program_Files/Raspberry_Pi/Pico_SDK_v1.5.1/pico-sdk/src/rp2_common/hardware_uart/uart.c.obj
                0x1000941c                uart_init
 .text.clocks_init
                0x100095a4      0x2c4 CMakeFiles/main.dir/C_/Program_Files/Raspberry_Pi/Pico_SDK_v1.5.1/pico-sdk/src/rp2_common/hardware_clocks/clocks.c.obj
                0x100095a4                clocks_init
 .text.clock_get_hz
                0x10009868        0xc CMakeFiles/main.dir/C_/Program_Files/Raspberry_Pi/Pico_SDK_v1.5.1/pico-sdk/src/rp2_common/hardware_clocks/clocks.c.obj
                0x10009868                clock_get_hz
 .text.pll_init
                0x10009874       0xa0 CMakeFiles/main.dir/C_/Program_Files/Raspberry_Pi/Pico_SDK_v1.5.1/pico-sdk/src/rp2_common/hardware_pll/pll.c.obj
                0x10009874                pll_init
 .text.watchdog_start_tick
                0x10009914       0x10 CMakeFiles/main.dir/C_/Program_Files/Raspberry_Pi/Pico_SDK_v1.5.1/pico-sdk/src/rp2_common/hardware_watchdog/watchdog.c.obj
                0x10009914                watchdog_start_tick
 .text.watchdog_update
                0x10009924       0x14 CMakeFiles/main.dir/C_/Program_Files/Raspberry_Pi/Pico_SDK_v1.5.1/pico-sdk/src/rp2_common/hardware_watchdog/watchdog.c.obj
                0x10009924                watchdog_update
 .text.watchdog_enable
                0x10009938       0x88 CMakeFiles/main.dir/C_/Program_Files/Raspberry_Pi/Pico_SDK_v1.5.1/pico-sdk/src/rp2_common/hardware_watchdog/watchdog.c.obj
                0x10009938                watchdog_enable
 .text.watchdog_reboot
                0x100099c0       0x9c CMakeFiles/main.dir/C_/Program_Files/Raspberry_Pi/Pico_SDK_v1.5.1/pico-sdk/src/rp2_common/hardware_watchdog/watchdog.c.obj
                0x100099c0                watchdog_reboot
 .text.watchdog_enable_caused_reboot
                0x10009a5c       0x24 CMakeFiles/main.dir/C_/Program_Files/Raspberry_Pi/Pico_SDK_v1.5.1/pico-sdk/src/rp2_common/hardware_watchdog/watchdog.c.obj
                0x10009a5c                watchdog_enable_caused_reboot
 .text.xosc_init
                0x10009a80       0x28 CMakeFiles/main.dir/C_/Program_Files/Raspberry_Pi/Pico_SDK_v1.5.1/pico-sdk/src/rp2_common/hardware_xosc/xosc.c.obj
                0x10009a80                xosc_init
 .text.runtime_init
                0x10009aa8       0xf0 CMakeFiles/main.dir/C_/Program_Files/Raspberry_Pi/Pico_SDK_v1.5.1/pico-sdk/src/rp2_common/pico_runtime/runtime.c.obj
                0x10009aa8                runtime_init
 .text._exit    0x10009b98        0x4 CMakeFiles/main.dir/C_/Program_Files/Raspberry_Pi/Pico_SDK_v1.5.1/pico-sdk/src/rp2_common/pico_runtime/runtime.c.obj
                0x10009b98                _exit
 .text.exit     0x10009b9c        0x8 CMakeFiles/main.dir/C_/Program_Files/Raspberry_Pi/Pico_SDK_v1.5.1/pico-sdk/src/rp2_common/pico_runtime/runtime.c.obj
                0x10009b9c                exit
 .text.panic    0x10009ba4       0x30 CMakeFiles/main.dir/C_/Program_Files/Raspberry_Pi/Pico_SDK_v1.5.1/pico-sdk/src/rp2_common/pico_runtime/runtime.c.obj
                0x10009ba4                panic
 .text.hard_assertion_failure
                0x10009bd4        0xc CMakeFiles/main.dir/C_/Program_Files/Raspberry_Pi/Pico_SDK_v1.5.1/pico-sdk/src/rp2_common/pico_runtime/runtime.c.obj
                0x10009bd4                hard_assertion_failure
 .text._out_buffer
                0x10009be0        0x8 CMakeFiles/main.dir/C_/Program_Files/Raspberry_Pi/Pico_SDK_v1.5.1/pico-sdk/src/rp2_common/pico_printf/printf.c.obj
 .text._out_null
                0x10009be8        0x4 CMakeFiles/main.dir/C_/Program_Files/Raspberry_Pi/Pico_SDK_v1.5.1/pico-sdk/src/rp2_common/pico_printf/printf.c.obj
 .text._out_rev
                0x10009bec       0x90 CMakeFiles/main.dir/C_/Program_Files/Raspberry_Pi/Pico_SDK_v1.5.1/pico-sdk/src/rp2_common/pico_printf/printf.c.obj
 .text._ntoa_format
                0x10009c7c      0x1cc CMakeFiles/main.dir/C_/Program_Files/Raspberry_Pi/Pico_SDK_v1.5.1/pico-sdk/src/rp2_common/pico_printf/printf.c.obj
 .text._out_char
                0x10009e48       0x10 CMakeFiles/main.dir/C_/Program_Files/Raspberry_Pi/Pico_SDK_v1.5.1/pico-sdk/src/rp2_common/pico_printf/printf.c.obj
 .text._etoa    0x10009e58      0x44c CMakeFiles/main.dir/C_/Program_Files/Raspberry_Pi/Pico_SDK_v1.5.1/pico-sdk/src/rp2_common/pico_printf/printf.c.obj
 .text._ftoa    0x1000a2a4      0x3d0 CMakeFiles/main.dir/C_/Program_Files/Raspberry_Pi/Pico_SDK_v1.5.1/pico-sdk/src/rp2_common/pico_printf/printf.c.obj
 .text._vsnprintf
                0x1000a674      0xabc CMakeFiles/main.dir/C_/Program_Files/Raspberry_Pi/Pico_SDK_v1.5.1/pico-sdk/src/rp2_common/pico_printf/printf.c.obj
 .text.__wrap_sprintf
                0x1000b130       0x2c CMakeFiles/main.dir/C_/Program_Files/Raspberry_Pi/Pico_SDK_v1.5.1/pico-sdk/src/rp2_common/pico_printf/printf.c.obj
                0x1000b130                __wrap_sprintf
 .text.weak_raw_vprintf
                0x1000b15c       0x30 CMakeFiles/main.dir/C_/Program_Files/Raspberry_Pi/Pico_SDK_v1.5.1/pico-sdk/src/rp2_common/pico_printf/printf.c.obj
                0x1000b15c                weak_raw_vprintf
 .text          0x1000b18c       0x10 CMakeFiles/main.dir/C_/Program_Files/Raspberry_Pi/Pico_SDK_v1.5.1/pico-sdk/src/rp2_common/pico_bit_ops/bit_ops_aeabi.S.obj
 .text.rom_func_lookup
                0x1000b19c       0x10 CMakeFiles/main.dir/C_/Program_Files/Raspberry_Pi/Pico_SDK_v1.5.1/pico-sdk/src/rp2_common/pico_bootrom/bootrom.c.obj
                0x1000b19c                rom_func_lookup
 .text.rom_data_lookup
                0x1000b1ac       0x10 CMakeFiles/main.dir/C_/Program_Files/Raspberry_Pi/Pico_SDK_v1.5.1/pico-sdk/src/rp2_common/pico_bootrom/bootrom.c.obj
                0x1000b1ac                rom_data_lookup
 .text.rom_funcs_lookup
                0x1000b1bc       0x44 CMakeFiles/main.dir/C_/Program_Files/Raspberry_Pi/Pico_SDK_v1.5.1/pico-sdk/src/rp2_common/pico_bootrom/bootrom.c.obj
                0x1000b1bc                rom_funcs_lookup
 .text.__wrap___aeabi_idiv
                0x1000b200       0x50 CMakeFiles/main.dir/C_/Program_Files/Raspberry_Pi/Pico_SDK_v1.5.1/pico-sdk/src/rp2_common/pico_divider/divider.S.obj
                0x1000b200                __wrap___aeabi_idivmod
                0x1000b200                divmod_s32s32
                0x1000b200                div_s32s32
                0x1000b200                __wrap___aeabi_idiv
                0x1000b208                divmod_s32s32_unsafe
                0x1000b234                divmod_s32s32_savestate
 .text.__wrap___aeabi_uidiv
                0x1000b250       0x4c CMakeFiles/main.dir/C_/Program_Files/Raspberry_Pi/Pico_SDK_v1.5.1/pico-sdk/src/rp2_common/pico_divider/divider.S.obj
                0x1000b250                __wrap___aeabi_uidiv
                0x1000b250                __wrap___aeabi_uidivmod
                0x1000b250                div_u32u32
                0x1000b250                divmod_u32u32
                0x1000b258                divmod_u32u32_unsafe
                0x1000b280                divmod_u32u32_savestate
 .text.__wrap___aeabi_ldiv
                0x1000b29c      0x424 CMakeFiles/main.dir/C_/Program_Files/Raspberry_Pi/Pico_SDK_v1.5.1/pico-sdk/src/rp2_common/pico_divider/divider.S.obj
                0x1000b29c                div_s64s64
                0x1000b29c                divmod_s64s64
                0x1000b29c                __wrap___aeabi_ldivmod
                0x1000b2cc                divmod_u64u64
                0x1000b2cc                div_u64u64
                0x1000b2cc                __wrap___aeabi_uldivmod
                0x1000b2dc                divmod_u64u64_savestate
                0x1000b2fc                divmod_s64s64_unsafe
                0x1000b384                divmod_u64u64_unsafe
 .text.__wrap___aeabi_darithmetic
                0x1000b6c0       0x80 CMakeFiles/main.dir/C_/Program_Files/Raspberry_Pi/Pico_SDK_v1.5.1/pico-sdk/src/rp2_common/pico_double/double_aeabi.S.obj
                0x1000b6c0                __wrap___aeabi_drsub
                0x1000b6c6                __wrap___aeabi_dsub
                0x1000b6d8                __wrap___aeabi_dadd
                0x1000b6ea                __wrap___aeabi_ddiv
                0x1000b726                __wrap___aeabi_dmul
 .text.__wrap___aeabi_cdcmple
                0x1000b740       0x6c CMakeFiles/main.dir/C_/Program_Files/Raspberry_Pi/Pico_SDK_v1.5.1/pico-sdk/src/rp2_common/pico_double/double_aeabi.S.obj
                0x1000b740                __wrap___aeabi_cdrcmple
                0x1000b750                __wrap___aeabi_cdcmpeq
                0x1000b750                __wrap___aeabi_cdcmple
 .text.__wrap___aeabi_dcmplt
                0x1000b7ac        0xc CMakeFiles/main.dir/C_/Program_Files/Raspberry_Pi/Pico_SDK_v1.5.1/pico-sdk/src/rp2_common/pico_double/double_aeabi.S.obj
                0x1000b7ac                __wrap___aeabi_dcmplt
 .text.__wrap___aeabi_dcmple
                0x1000b7b8       0x10 CMakeFiles/main.dir/C_/Program_Files/Raspberry_Pi/Pico_SDK_v1.5.1/pico-sdk/src/rp2_common/pico_double/double_aeabi.S.obj
                0x1000b7b8                __wrap___aeabi_dcmple
 .text.__wrap___aeabi_dcmpge
                0x1000b7c8       0x10 CMakeFiles/main.dir/C_/Program_Files/Raspberry_Pi/Pico_SDK_v1.5.1/pico-sdk/src/rp2_common/pico_double/double_aeabi.S.obj
                0x1000b7c8                __wrap___aeabi_dcmpge
 .text.__wrap___aeabi_dcmpgt
                0x1000b7d8        0xa CMakeFiles/main.dir/C_/Program_Files/Raspberry_Pi/Pico_SDK_v1.5.1/pico-sdk/src/rp2_common/pico_double/double_aeabi.S.obj
                0x1000b7d8                __wrap___aeabi_dcmpgt
 .text.__wrap___aeabi_dcmpun
                0x1000b7e2       0x1c CMakeFiles/main.dir/C_/Program_Files/Raspberry_Pi/Pico_SDK_v1.5.1/pico-sdk/src/rp2_common/pico_double/double_aeabi.S.obj
                0x1000b7e2                __wrap___aeabi_dcmpun
 *fill*         0x1000b7fe        0x2 
 .text.__wrap___aeabi_i2d
                0x1000b800       0x38 CMakeFiles/main.dir/C_/Program_Files/Raspberry_Pi/Pico_SDK_v1.5.1/pico-sdk/src/rp2_common/pico_double/double_aeabi.S.obj
                0x1000b800                __wrap___aeabi_ui2d
                0x1000b808                __wrap___aeabi_i2d
 .text.__wrap___aeabi_d2iz
                0x1000b838       0x48 CMakeFiles/main.dir/C_/Program_Files/Raspberry_Pi/Pico_SDK_v1.5.1/pico-sdk/src/rp2_common/pico_double/double_aeabi.S.obj
                0x1000b838                double2int_z
                0x1000b838                __wrap___aeabi_d2iz
 .text.__wrap___aeabi_d2uiz
                0x1000b880       0x18 CMakeFiles/main.dir/C_/Program_Files/Raspberry_Pi/Pico_SDK_v1.5.1/pico-sdk/src/rp2_common/pico_double/double_aeabi.S.obj
                0x1000b880                __wrap___aeabi_d2uiz
                0x1000b880                double2uint
 .text.__aeabi_double_init
                0x1000b898       0x94 CMakeFiles/main.dir/C_/Program_Files/Raspberry_Pi/Pico_SDK_v1.5.1/pico-sdk/src/rp2_common/pico_double/double_init_rom.c.obj
                0x1000b898                __aeabi_double_init
 .text.double_table_shim_on_use_helper
                0x1000b92c       0x2c CMakeFiles/main.dir/C_/Program_Files/Raspberry_Pi/Pico_SDK_v1.5.1/pico-sdk/src/rp2_common/pico_double/double_v1_rom_shim.S.obj
                0x1000b92c                double_table_shim_on_use_helper
 .text.__wrap___aeabi_dsub
                0x1000b958       0x10 CMakeFiles/main.dir/C_/Program_Files/Raspberry_Pi/Pico_SDK_v1.5.1/pico-sdk/src/rp2_common/pico_double/double_v1_rom_shim.S.obj
                0x1000b958                drsub_shim
                0x1000b95e                dsub_shim
 .text.dadd_shim
                0x1000b968      0x15c CMakeFiles/main.dir/C_/Program_Files/Raspberry_Pi/Pico_SDK_v1.5.1/pico-sdk/src/rp2_common/pico_double/double_v1_rom_shim.S.obj
                0x1000b968                dadd_shim
 .text.dmul_shim
                0x1000bac4      0x15c CMakeFiles/main.dir/C_/Program_Files/Raspberry_Pi/Pico_SDK_v1.5.1/pico-sdk/src/rp2_common/pico_double/double_v1_rom_shim.S.obj
                0x1000bac4                dmul_shim
 .text.ddiv_shim
                0x1000bc20      0x1b0 CMakeFiles/main.dir/C_/Program_Files/Raspberry_Pi/Pico_SDK_v1.5.1/pico-sdk/src/rp2_common/pico_double/double_v1_rom_shim.S.obj
                0x1000bc20                ddiv_shim
 .text.double2uint_shim
                0x1000bdd0        0xe CMakeFiles/main.dir/C_/Program_Files/Raspberry_Pi/Pico_SDK_v1.5.1/pico-sdk/src/rp2_common/pico_double/double_v1_rom_shim.S.obj
                0x1000bdd0                double2uint_shim
                0x1000bdd2                double2ufix_shim
 *fill*         0x1000bdde        0x2 
 .text.double2uint64_shim
                0x1000bde0       0x70 CMakeFiles/main.dir/C_/Program_Files/Raspberry_Pi/Pico_SDK_v1.5.1/pico-sdk/src/rp2_common/pico_double/double_v1_rom_shim.S.obj
                0x1000bde0                double2uint64_shim
                0x1000bde2                double2ufix64_shim
                0x1000be02                d2fix_a
 .text.dunpacks
                0x1000be50       0x3c CMakeFiles/main.dir/C_/Program_Files/Raspberry_Pi/Pico_SDK_v1.5.1/pico-sdk/src/rp2_common/pico_double/double_v1_rom_shim.S.obj
                0x1000be50                dunpacks
 .text.__aeabi_lmul
                0x1000be8c       0x32 CMakeFiles/main.dir/C_/Program_Files/Raspberry_Pi/Pico_SDK_v1.5.1/pico-sdk/src/rp2_common/pico_int64_ops/pico_int64_ops_aeabi.S.obj
                0x1000be8c                __wrap___aeabi_lmul
 *fill*         0x1000bebe        0x2 
 .text.__aeabi_float_init
                0x1000bec0       0x64 CMakeFiles/main.dir/C_/Program_Files/Raspberry_Pi/Pico_SDK_v1.5.1/pico-sdk/src/rp2_common/pico_float/float_init_rom.c.obj
                0x1000bec0                __aeabi_float_init
 .text.float_table_shim_on_use_helper
                0x1000bf24       0x2c CMakeFiles/main.dir/C_/Program_Files/Raspberry_Pi/Pico_SDK_v1.5.1/pico-sdk/src/rp2_common/pico_float/float_v1_rom_shim.S.obj
                0x1000bf24                float_table_shim_on_use_helper
 .text          0x1000bf50       0x10 CMakeFiles/main.dir/C_/Program_Files/Raspberry_Pi/Pico_SDK_v1.5.1/pico-sdk/src/rp2_common/pico_mem_ops/mem_ops_aeabi.S.obj
                0x1000bf50                __aeabi_mem_init
 .text.memset   0x1000bf60        0xc CMakeFiles/main.dir/C_/Program_Files/Raspberry_Pi/Pico_SDK_v1.5.1/pico-sdk/src/rp2_common/pico_mem_ops/mem_ops_aeabi.S.obj
                0x1000bf60                __wrap_memset
 .text.memcpy   0x1000bf6c        0xc CMakeFiles/main.dir/C_/Program_Files/Raspberry_Pi/Pico_SDK_v1.5.1/pico-sdk/src/rp2_common/pico_mem_ops/mem_ops_aeabi.S.obj
                0x1000bf6c                __wrap_memcpy
                0x1000bf6c                __wrap___aeabi_memcpy
 .text.stdio_out_chars_no_crlf
                0x1000bf78       0x10 CMakeFiles/main.dir/C_/Program_Files/Raspberry_Pi/Pico_SDK_v1.5.1/pico-sdk/src/rp2_common/pico_stdio/stdio.c.obj
 .text.stdio_out_chars_crlf
                0x1000bf88       0xb4 CMakeFiles/main.dir/C_/Program_Files/Raspberry_Pi/Pico_SDK_v1.5.1/pico-sdk/src/rp2_common/pico_stdio/stdio.c.obj
 .text.stdio_put_string.isra.0
                0x1000c03c      0x100 CMakeFiles/main.dir/C_/Program_Files/Raspberry_Pi/Pico_SDK_v1.5.1/pico-sdk/src/rp2_common/pico_stdio/stdio.c.obj
 .text.__wrap_putchar
                0x1000c13c       0x98 CMakeFiles/main.dir/C_/Program_Files/Raspberry_Pi/Pico_SDK_v1.5.1/pico-sdk/src/rp2_common/pico_stdio/stdio.c.obj
                0x1000c13c                __wrap_putchar
 .text.__wrap_puts
                0x1000c1d4       0x3c CMakeFiles/main.dir/C_/Program_Files/Raspberry_Pi/Pico_SDK_v1.5.1/pico-sdk/src/rp2_common/pico_stdio/stdio.c.obj
                0x1000c1d4                __wrap_puts
 .text.stdio_set_driver_enabled
                0x1000c210       0x30 CMakeFiles/main.dir/C_/Program_Files/Raspberry_Pi/Pico_SDK_v1.5.1/pico-sdk/src/rp2_common/pico_stdio/stdio.c.obj
                0x1000c210                stdio_set_driver_enabled
 .text.stdio_init_all
                0x1000c240        0xc CMakeFiles/main.dir/C_/Program_Files/Raspberry_Pi/Pico_SDK_v1.5.1/pico-sdk/src/rp2_common/pico_stdio/stdio.c.obj
                0x1000c240                stdio_init_all
 .text.stdio_uart_out_chars
                0x1000c24c       0x4c CMakeFiles/main.dir/C_/Program_Files/Raspberry_Pi/Pico_SDK_v1.5.1/pico-sdk/src/rp2_common/pico_stdio_uart/stdio_uart.c.obj
 .text.stdio_uart_in_chars
                0x1000c298       0x84 CMakeFiles/main.dir/C_/Program_Files/Raspberry_Pi/Pico_SDK_v1.5.1/pico-sdk/src/rp2_common/pico_stdio_uart/stdio_uart.c.obj
                0x1000c298                stdio_uart_in_chars
 .text.on_uart_rx
                0x1000c31c       0x28 CMakeFiles/main.dir/C_/Program_Files/Raspberry_Pi/Pico_SDK_v1.5.1/pico-sdk/src/rp2_common/pico_stdio_uart/stdio_uart.c.obj
 .text.stdio_uart_set_chars_available_callback
                0x1000c344       0x8c CMakeFiles/main.dir/C_/Program_Files/Raspberry_Pi/Pico_SDK_v1.5.1/pico-sdk/src/rp2_common/pico_stdio_uart/stdio_uart.c.obj
 .text.stdio_uart_init
                0x1000c3d0       0x48 CMakeFiles/main.dir/C_/Program_Files/Raspberry_Pi/Pico_SDK_v1.5.1/pico-sdk/src/rp2_common/pico_stdio_uart/stdio_uart.c.obj
                0x1000c3d0                stdio_uart_init
 .text.stdio_uart_init_full
                0x1000c418       0x3c CMakeFiles/main.dir/C_/Program_Files/Raspberry_Pi/Pico_SDK_v1.5.1/pico-sdk/src/rp2_common/pico_stdio_uart/stdio_uart.c.obj
                0x1000c418                stdio_uart_init_full
 .text.spi_init
                0x1000c454      0x138 CMakeFiles/main.dir/C_/Program_Files/Raspberry_Pi/Pico_SDK_v1.5.1/pico-sdk/src/rp2_common/hardware_spi/spi.c.obj
                0x1000c454                spi_init
 .text.spi_set_baudrate
                0x1000c58c       0xc0 CMakeFiles/main.dir/C_/Program_Files/Raspberry_Pi/Pico_SDK_v1.5.1/pico-sdk/src/rp2_common/hardware_spi/spi.c.obj
                0x1000c58c                spi_set_baudrate
 .text.core1_trampoline
                0x1000c64c        0x4 CMakeFiles/main.dir/C_/Program_Files/Raspberry_Pi/Pico_SDK_v1.5.1/pico-sdk/src/rp2_common/pico_multicore/multicore.c.obj
 .text.core1_wrapper
                0x1000c650        0xc CMakeFiles/main.dir/C_/Program_Files/Raspberry_Pi/Pico_SDK_v1.5.1/pico-sdk/src/rp2_common/pico_multicore/multicore.c.obj
                0x1000c650                core1_wrapper
 .text.multicore_fifo_push_timeout_us
                0x1000c65c       0x5c CMakeFiles/main.dir/C_/Program_Files/Raspberry_Pi/Pico_SDK_v1.5.1/pico-sdk/src/rp2_common/pico_multicore/multicore.c.obj
                0x1000c65c                multicore_fifo_push_timeout_us
 .text.multicore_fifo_pop_timeout_us
                0x1000c6b8       0x70 CMakeFiles/main.dir/C_/Program_Files/Raspberry_Pi/Pico_SDK_v1.5.1/pico-sdk/src/rp2_common/pico_multicore/multicore.c.obj
                0x1000c6b8                multicore_fifo_pop_timeout_us
 .text.multicore_reset_core1
                0x1000c728       0x24 CMakeFiles/main.dir/C_/Program_Files/Raspberry_Pi/Pico_SDK_v1.5.1/pico-sdk/src/rp2_common/pico_multicore/multicore.c.obj
                0x1000c728                multicore_reset_core1
 .text.multicore_launch_core1_raw
                0x1000c74c       0x84 CMakeFiles/main.dir/C_/Program_Files/Raspberry_Pi/Pico_SDK_v1.5.1/pico-sdk/src/rp2_common/pico_multicore/multicore.c.obj
                0x1000c74c                multicore_launch_core1_raw
 .text.multicore_launch_core1
                0x1000c7d0       0x4c CMakeFiles/main.dir/C_/Program_Files/Raspberry_Pi/Pico_SDK_v1.5.1/pico-sdk/src/rp2_common/pico_multicore/multicore.c.obj
                0x1000c7d0                multicore_launch_core1
 .text.LCD_Init
                0x1000c81c     0x177c lib\screen\lcd\liblcd.a(LCD_Driver.c.obj)
                0x1000c81c                LCD_Init
 .text.LCD_SetWindow
                0x1000df98      0x258 lib\screen\lcd\liblcd.a(LCD_Driver.c.obj)
                0x1000df98                LCD_SetWindow
 .text.LCD_SetColor
                0x1000e1f0       0x40 lib\screen\lcd\liblcd.a(LCD_Driver.c.obj)
                0x1000e1f0                LCD_SetColor
 .text.TP_Read_ADC_Average
                0x1000e230      0x108 lib\screen\lcd\liblcd.a(LCD_Touch.c.obj)
 .text.TP_Init  0x1000e338       0x28 lib\screen\lcd\liblcd.a(LCD_Touch.c.obj)
                0x1000e338                TP_Init
 .text.TP_Touch
                0x1000e360      0x13c lib\screen\lcd\liblcd.a(LCD_Touch.c.obj)
                0x1000e360                TP_Touch
 .text.DEV_Digital_Write
                0x1000e49c       0x14 lib\screen\config\libconfig.a(DEV_Config.c.obj)
                0x1000e49c                DEV_Digital_Write
 .text.DEV_Digital_Read
                0x1000e4b0       0x10 lib\screen\config\libconfig.a(DEV_Config.c.obj)
                0x1000e4b0                DEV_Digital_Read
 .text.System_Init
                0x1000e4c0       0xa8 lib\screen\config\libconfig.a(DEV_Config.c.obj)
                0x1000e4c0                System_Init
 .text.SPI4W_Write_Byte
                0x1000e568       0x24 lib\screen\config\libconfig.a(DEV_Config.c.obj)
                0x1000e568                SPI4W_Write_Byte
 .text.SPI4W_Read_Byte
                0x1000e58c       0x20 lib\screen\config\libconfig.a(DEV_Config.c.obj)
                0x1000e58c                SPI4W_Read_Byte
 .text.Driver_Delay_ms
                0x1000e5ac        0x8 lib\screen\config\libconfig.a(DEV_Config.c.obj)
                0x1000e5ac                Driver_Delay_ms
 .text.Driver_Delay_us
                0x1000e5b4        0x4 lib\screen\config\libconfig.a(DEV_Config.c.obj)
                0x1000e5b4                Driver_Delay_us
 .text.__errno  0x1000e5b8        0xc c:/vsarm/armgcc/112202~1.02/bin/../lib/gcc/arm-none-eabi/11.2.1/thumb/v6-m/nofp\libc.a(lib_a-errno.o)
                0x1000e5b8                __errno
 .text.rand     0x1000e5c4       0x34 c:/vsarm/armgcc/112202~1.02/bin/../lib/gcc/arm-none-eabi/11.2.1/thumb/v6-m/nofp\libc.a(lib_a-rand.o)
                0x1000e5c4                rand
 .text.strcat   0x1000e5f8       0x4c c:/vsarm/armgcc/112202~1.02/bin/../lib/gcc/arm-none-eabi/11.2.1/thumb/v6-m/nofp\libc.a(lib_a-strcat.o)
                0x1000e5f8                strcat
 .text          0x1000e644       0x88 c:/vsarm/armgcc/112202~1.02/bin/../lib/gcc/arm-none-eabi/11.2.1/thumb/v6-m/nofp\libc.a(lib_a-strcmp.o)
                0x1000e644                strcmp
 .text.strcpy   0x1000e6cc       0x10 c:/vsarm/armgcc/112202~1.02/bin/../lib/gcc/arm-none-eabi/11.2.1/thumb/v6-m/nofp\libc.a(lib_a-strcpy.o)
                0x1000e6cc                strcpy
 .text.strlen   0x1000e6dc       0x5c c:/vsarm/armgcc/112202~1.02/bin/../lib/gcc/arm-none-eabi/11.2.1/thumb/v6-m/nofp\libc.a(lib_a-strlen-stub.o)
                0x1000e6dc                strlen
 .text.strsep   0x1000e738       0x10 c:/vsarm/armgcc/112202~1.02/bin/../lib/gcc/arm-none-eabi/11.2.1/thumb/v6-m/nofp\libc.a(lib_a-strsep.o)
                0x1000e738                strsep
 .text.__strtok_r
                0x1000e748       0x6c c:/vsarm/armgcc/112202~1.02/bin/../lib/gcc/arm-none-eabi/11.2.1/thumb/v6-m/nofp\libc.a(lib_a-strtok_r.o)
                0x1000e748                __strtok_r
 .text._strtol_l.constprop.0
                0x1000e7b4      0x16c c:/vsarm/armgcc/112202~1.02/bin/../lib/gcc/arm-none-eabi/11.2.1/thumb/v6-m/nofp\libc.a(lib_a-strtol.o)
 .text.strtol   0x1000e920       0x18 c:/vsarm/armgcc/112202~1.02/bin/../lib/gcc/arm-none-eabi/11.2.1/thumb/v6-m/nofp\libc.a(lib_a-strtol.o)
                0x1000e920                strtol
 *(.fini)
 .fini          0x1000e938        0x4 c:/vsarm/armgcc/112202~1.02/bin/../lib/gcc/arm-none-eabi/11.2.1/thumb/v6-m/nofp/crti.o
                0x1000e938                _fini
 *fill*         0x1000e93c        0x4 
 .fini.__stub   0x1000e940       0xf0 linker stubs
 *crtbegin.o(.ctors)
 *crtbegin?.o(.ctors)
 *(EXCLUDE_FILE(*crtend.o *crtend?.o) .ctors)
 *(SORT_BY_NAME(.ctors.*))
 *(.ctors)
 *crtbegin.o(.dtors)
 *crtbegin?.o(.dtors)
 *(EXCLUDE_FILE(*crtend.o *crtend?.o) .dtors)
 *(SORT_BY_NAME(.dtors.*))
 *(.dtors)
 *(.eh_frame*)
 .eh_frame      0x1000ea30        0x0 c:/vsarm/armgcc/112202~1.02/bin/../lib/gcc/arm-none-eabi/11.2.1/thumb/v6-m/nofp/crtbegin.o
                0x1000ea30                . = ALIGN (0x4)

.glue_7         0x1000ea30        0x0
 .glue_7        0x1000ea30        0x0 linker stubs

.glue_7t        0x1000ea30        0x0
 .glue_7t       0x1000ea30        0x0 linker stubs

.vfp11_veneer   0x1000ea30        0x0
 .vfp11_veneer  0x1000ea30        0x0 linker stubs

.v4_bx          0x1000ea30        0x0
 .v4_bx         0x1000ea30        0x0 linker stubs

.iplt           0x1000ea30        0x0
 .iplt          0x1000ea30        0x0 c:/vsarm/armgcc/112202~1.02/bin/../lib/gcc/arm-none-eabi/11.2.1/thumb/v6-m/nofp/crtbegin.o

.rodata         0x1000ea30    0x10ccc
 *(EXCLUDE_FILE(*libm.a: *libc.a:*lib_a-mem*.o *libgcc.a:) .rodata*)
 .rodata.A_FWD_HELP
                0x1000ea30       0x20 CMakeFiles/main.dir/main.c.obj
 .rodata.A_BCK_HELP
                0x1000ea50       0x24 CMakeFiles/main.dir/main.c.obj
 .rodata.A_LABEL_MENU_RELEASEDSHORT.str1.4
                0x1000ea74        0x5 CMakeFiles/main.dir/main.c.obj
 *fill*         0x1000ea79        0x3 
 .rodata.parseCSV.str1.4
                0x1000ea7c        0x2 CMakeFiles/main.dir/main.c.obj
 *fill*         0x1000ea7e        0x2 
 .rodata.parseFunction.str1.4
                0x1000ea80       0x38 CMakeFiles/main.dir/main.c.obj
 .rodata.S_MENU.str1.4
                0x1000eab8       0x11 CMakeFiles/main.dir/main.c.obj
 *fill*         0x1000eac9        0x3 
 .rodata.S_SYSTEM.str1.4
                0x1000eacc       0x1f CMakeFiles/main.dir/main.c.obj
 *fill*         0x1000eaeb        0x1 
 .rodata.S_SNAKE.str1.4
                0x1000eaec       0x59 CMakeFiles/main.dir/main.c.obj
 *fill*         0x1000eb45        0x3 
 .rodata.presetHelp.str1.4
                0x1000eb48       0x4d CMakeFiles/main.dir/main.c.obj
 *fill*         0x1000eb95        0x3 
 .rodata.presetHelp
                0x1000eb98       0x18 CMakeFiles/main.dir/main.c.obj
 .rodata.S_PRESET.str1.4
                0x1000ebb0       0x17 CMakeFiles/main.dir/main.c.obj
 *fill*         0x1000ebc7        0x1 
 .rodata.loadScreens.str1.4
                0x1000ebc8      0x138 CMakeFiles/main.dir/main.c.obj
 .rodata.updateFactoryFlash.str1.4
                0x1000ed00       0x16 CMakeFiles/main.dir/main.c.obj
 *fill*         0x1000ed16        0x2 
 .rodata.updateUserFlash.str1.4
                0x1000ed18        0x9 CMakeFiles/main.dir/main.c.obj
 *fill*         0x1000ed21        0x3 
 .rodata.writeFactoryFlashToUserFlash.str1.4
                0x1000ed24       0x16 CMakeFiles/main.dir/main.c.obj
 *fill*         0x1000ed3a        0x2 
 .rodata.writeSysexConfigToUserFlash.str1.4
                0x1000ed3c       0x11 CMakeFiles/main.dir/main.c.obj
 *fill*         0x1000ed4d        0x3 
 .rodata.sendSysexConfig.str1.4
                0x1000ed50        0x6 CMakeFiles/main.dir/main.c.obj
 *fill*         0x1000ed56        0x2 
 .rodata        0x1000ed58       0xe4 CMakeFiles/main.dir/main.c.obj
 .rodata.CSWTCH.283
                0x1000ee3c        0xc CMakeFiles/main.dir/main.c.obj
 .rodata.str1.4
                0x1000ee48       0x1b CMakeFiles/main.dir/lib/tusb/usb_descriptors.c.obj
 *fill*         0x1000ee63        0x1 
 .rodata.__compound_literal.0
                0x1000ee64        0x2 CMakeFiles/main.dir/lib/tusb/usb_descriptors.c.obj
 *fill*         0x1000ee66        0x2 
 .rodata.desc_device
                0x1000ee68       0x12 CMakeFiles/main.dir/lib/tusb/usb_descriptors.c.obj
                0x1000ee68                desc_device
 *fill*         0x1000ee7a        0x2 
 .rodata.desc_fs_configuration
                0x1000ee7c       0x65 CMakeFiles/main.dir/lib/tusb/usb_descriptors.c.obj
                0x1000ee7c                desc_fs_configuration
 *fill*         0x1000eee1        0x3 
 .rodata.str1.4
                0x1000eee4       0x14 CMakeFiles/main.dir/C_/Program_Files/Raspberry_Pi/Pico_SDK_v1.5.1/pico-sdk/lib/tinyusb/src/portable/raspberrypi/rp2040/dcd_rp2040.c.obj
 .rodata.str1.4
                0x1000eef8       0x49 CMakeFiles/main.dir/C_/Program_Files/Raspberry_Pi/Pico_SDK_v1.5.1/pico-sdk/lib/tinyusb/src/portable/raspberrypi/rp2040/rp2040_usb.c.obj
                                 0x53 (size before relaxing)
 *fill*         0x1000ef41        0x3 
 .rodata.tud_task_ext
                0x1000ef44       0x8c CMakeFiles/main.dir/C_/Program_Files/Raspberry_Pi/Pico_SDK_v1.5.1/pico-sdk/lib/tinyusb/src/device/usbd.c.obj
 .rodata._usbd_driver
                0x1000efd0       0x18 CMakeFiles/main.dir/C_/Program_Files/Raspberry_Pi/Pico_SDK_v1.5.1/pico-sdk/lib/tinyusb/src/device/usbd.c.obj
 .rodata.spin_lock_claim_unused.str1.4
                0x1000efe8       0x1b CMakeFiles/main.dir/C_/Program_Files/Raspberry_Pi/Pico_SDK_v1.5.1/pico-sdk/src/rp2_common/hardware_sync/sync.c.obj
 *fill*         0x1000f003        0x1 
 .rodata.hardware_alarm_claim.str1.4
                0x1000f004       0x22 CMakeFiles/main.dir/C_/Program_Files/Raspberry_Pi/Pico_SDK_v1.5.1/pico-sdk/src/rp2_common/hardware_timer/timer.c.obj
 *fill*         0x1000f026        0x2 
 .rodata.str1.4
                0x1000f028        0x4 CMakeFiles/main.dir/C_/Program_Files/Raspberry_Pi/Pico_SDK_v1.5.1/pico-sdk/lib/tinyusb/hw/bsp/rp2040/family.c.obj
 .rodata.__bi_142.0
                0x1000f02c        0xc CMakeFiles/main.dir/C_/Program_Files/Raspberry_Pi/Pico_SDK_v1.5.1/pico-sdk/lib/tinyusb/hw/bsp/rp2040/family.c.obj
 .rodata.__bi_152.1
                0x1000f038        0x8 CMakeFiles/main.dir/C_/Program_Files/Raspberry_Pi/Pico_SDK_v1.5.1/pico-sdk/lib/tinyusb/hw/bsp/rp2040/family.c.obj
 .rodata.panic.str1.4
                0x1000f040       0x12 CMakeFiles/main.dir/C_/Program_Files/Raspberry_Pi/Pico_SDK_v1.5.1/pico-sdk/src/rp2_common/pico_runtime/runtime.c.obj
 *fill*         0x1000f052        0x2 
 .rodata.hard_assertion_failure.str1.4
                0x1000f054        0xc CMakeFiles/main.dir/C_/Program_Files/Raspberry_Pi/Pico_SDK_v1.5.1/pico-sdk/src/rp2_common/pico_runtime/runtime.c.obj
 .rodata._ftoa.str1.4
                0x1000f060       0x15 CMakeFiles/main.dir/C_/Program_Files/Raspberry_Pi/Pico_SDK_v1.5.1/pico-sdk/src/rp2_common/pico_printf/printf.c.obj
 *fill*         0x1000f075        0x3 
 .rodata._vsnprintf
                0x1000f078      0x19c CMakeFiles/main.dir/C_/Program_Files/Raspberry_Pi/Pico_SDK_v1.5.1/pico-sdk/src/rp2_common/pico_printf/printf.c.obj
 *fill*         0x1000f214        0x4 
 .rodata.pow10.0
                0x1000f218       0x50 CMakeFiles/main.dir/C_/Program_Files/Raspberry_Pi/Pico_SDK_v1.5.1/pico-sdk/src/rp2_common/pico_printf/printf.c.obj
 .rodata.str1.4
                0x1000f268       0x3c CMakeFiles/main.dir/C_/Program_Files/Raspberry_Pi/Pico_SDK_v1.5.1/pico-sdk/src/rp2_common/pico_standard_link/binary_info.c.obj
 .rodata.__bi_44
                0x1000f2a4        0xc CMakeFiles/main.dir/C_/Program_Files/Raspberry_Pi/Pico_SDK_v1.5.1/pico-sdk/src/rp2_common/pico_standard_link/binary_info.c.obj
 .rodata.__bi_75
                0x1000f2b0        0xc CMakeFiles/main.dir/C_/Program_Files/Raspberry_Pi/Pico_SDK_v1.5.1/pico-sdk/src/rp2_common/pico_standard_link/binary_info.c.obj
 .rodata.__bi_81
                0x1000f2bc        0xc CMakeFiles/main.dir/C_/Program_Files/Raspberry_Pi/Pico_SDK_v1.5.1/pico-sdk/src/rp2_common/pico_standard_link/binary_info.c.obj
 .rodata.crlf_str.0
                0x1000f2c8        0x2 CMakeFiles/main.dir/C_/Program_Files/Raspberry_Pi/Pico_SDK_v1.5.1/pico-sdk/src/rp2_common/pico_stdio/stdio.c.obj
 *fill*         0x1000f2ca        0x2 
 .rodata.str1.4
                0x1000f2cc       0x2c CMakeFiles/main.dir/C_/Program_Files/Raspberry_Pi/Pico_SDK_v1.5.1/pico-sdk/src/rp2_common/pico_stdio_uart/stdio_uart.c.obj
 .rodata.__bi_33.4
                0x1000f2f8        0xc CMakeFiles/main.dir/C_/Program_Files/Raspberry_Pi/Pico_SDK_v1.5.1/pico-sdk/src/rp2_common/pico_stdio_uart/stdio_uart.c.obj
 .rodata.__bi_34.5
                0x1000f304        0x8 CMakeFiles/main.dir/C_/Program_Files/Raspberry_Pi/Pico_SDK_v1.5.1/pico-sdk/src/rp2_common/pico_stdio_uart/stdio_uart.c.obj
 .rodata        0x1000f30c     0x5480 lib\screen\font\libfont.a(Font104x60.c.obj)
                0x1000f30c                Font104x60_Table
 .rodata        0x1001478c      0xed8 lib\screen\font\libfont.a(font20x12.c.obj)
                0x1001478c                Font20x12_Table
 .rodata        0x10015664     0x2166 lib\screen\font\libfont.a(font30x17.c.obj)
                0x10015664                Font30x17_Table
 *fill*         0x100177ca        0x2 
 .rodata        0x100177cc     0x7e2c lib\screen\font\libfont.a(font68x39.c.obj)
                0x100177cc                Font68x39_Table
 .rodata._ctype_
                0x1001f5f8      0x101 c:/vsarm/armgcc/112202~1.02/bin/../lib/gcc/arm-none-eabi/11.2.1/thumb/v6-m/nofp\libc.a(lib_a-ctype_.o)
                0x1001f5f8                _ctype_
                0x1001f6fc                . = ALIGN (0x4)
 *fill*         0x1001f6f9        0x3 
 *(SORT_BY_ALIGNMENT(SORT_BY_NAME(.flashdata*)))
                0x1001f6fc                . = ALIGN (0x4)

.ARM.extab
 *(.ARM.extab* .gnu.linkonce.armextab.*)
                0x1001f6fc                __exidx_start = .

.ARM.exidx
 *(.ARM.exidx* .gnu.linkonce.armexidx.*)
                0x1001f6fc                __exidx_end = .
                0x1001f6fc                . = ALIGN (0x4)
                0x1001f6fc                __binary_info_start = .

.binary_info    0x1001f6fc       0x2c
 *(.binary_info.keep.*)
 .binary_info.keep.__bi_ptr142
                0x1001f6fc        0x4 CMakeFiles/main.dir/C_/Program_Files/Raspberry_Pi/Pico_SDK_v1.5.1/pico-sdk/lib/tinyusb/hw/bsp/rp2040/family.c.obj
 .binary_info.keep.__bi_ptr152
                0x1001f700        0x4 CMakeFiles/main.dir/C_/Program_Files/Raspberry_Pi/Pico_SDK_v1.5.1/pico-sdk/lib/tinyusb/hw/bsp/rp2040/family.c.obj
 .binary_info.keep.__bi_ptr22
                0x1001f704        0x4 CMakeFiles/main.dir/C_/Program_Files/Raspberry_Pi/Pico_SDK_v1.5.1/pico-sdk/src/rp2_common/pico_standard_link/binary_info.c.obj
 .binary_info.keep.__bi_ptr30
                0x1001f708        0x4 CMakeFiles/main.dir/C_/Program_Files/Raspberry_Pi/Pico_SDK_v1.5.1/pico-sdk/src/rp2_common/pico_standard_link/binary_info.c.obj
 .binary_info.keep.__bi_ptr38
                0x1001f70c        0x4 CMakeFiles/main.dir/C_/Program_Files/Raspberry_Pi/Pico_SDK_v1.5.1/pico-sdk/src/rp2_common/pico_standard_link/binary_info.c.obj
 .binary_info.keep.__bi_ptr44
                0x1001f710        0x4 CMakeFiles/main.dir/C_/Program_Files/Raspberry_Pi/Pico_SDK_v1.5.1/pico-sdk/src/rp2_common/pico_standard_link/binary_info.c.obj
 .binary_info.keep.__bi_ptr50
                0x1001f714        0x4 CMakeFiles/main.dir/C_/Program_Files/Raspberry_Pi/Pico_SDK_v1.5.1/pico-sdk/src/rp2_common/pico_standard_link/binary_info.c.obj
 .binary_info.keep.__bi_ptr75
                0x1001f718        0x4 CMakeFiles/main.dir/C_/Program_Files/Raspberry_Pi/Pico_SDK_v1.5.1/pico-sdk/src/rp2_common/pico_standard_link/binary_info.c.obj
 .binary_info.keep.__bi_ptr81
                0x1001f71c        0x4 CMakeFiles/main.dir/C_/Program_Files/Raspberry_Pi/Pico_SDK_v1.5.1/pico-sdk/src/rp2_common/pico_standard_link/binary_info.c.obj
 *(.binary_info.*)
 .binary_info.__bi_ptr33
                0x1001f720        0x4 CMakeFiles/main.dir/C_/Program_Files/Raspberry_Pi/Pico_SDK_v1.5.1/pico-sdk/src/rp2_common/pico_stdio_uart/stdio_uart.c.obj
 .binary_info.__bi_ptr34
                0x1001f724        0x4 CMakeFiles/main.dir/C_/Program_Files/Raspberry_Pi/Pico_SDK_v1.5.1/pico-sdk/src/rp2_common/pico_stdio_uart/stdio_uart.c.obj
                0x1001f728                __binary_info_end = .

.rel.dyn        0x1001f728        0x0
 .rel.iplt      0x1001f728        0x0 c:/vsarm/armgcc/112202~1.02/bin/../lib/gcc/arm-none-eabi/11.2.1/thumb/v6-m/nofp/crtbegin.o
                0x1001f728                . = ALIGN (0x4)

.ram_vector_table
                0x20000000       0xc0
 *(.ram_vector_table)
 .ram_vector_table
                0x20000000       0xc0 CMakeFiles/main.dir/C_/Program_Files/Raspberry_Pi/Pico_SDK_v1.5.1/pico-sdk/src/rp2_common/pico_runtime/runtime.c.obj
                0x20000000                ram_vector_table

.data           0x200000c0    0x21dfc load address 0x1001f728
                0x200000c0                __data_start__ = .
 *(vtable)
 *(.time_critical*)
 .time_critical.reset_non_control_endpoints
                0x200000c0       0x68 CMakeFiles/main.dir/C_/Program_Files/Raspberry_Pi/Pico_SDK_v1.5.1/pico-sdk/lib/tinyusb/src/portable/raspberrypi/rp2040/dcd_rp2040.c.obj
 .time_critical.hw_handle_buff_status
                0x20000128       0xa8 CMakeFiles/main.dir/C_/Program_Files/Raspberry_Pi/Pico_SDK_v1.5.1/pico-sdk/lib/tinyusb/src/portable/raspberrypi/rp2040/dcd_rp2040.c.obj
 .time_critical.dcd_rp2040_irq
                0x200001d0      0x4f4 CMakeFiles/main.dir/C_/Program_Files/Raspberry_Pi/Pico_SDK_v1.5.1/pico-sdk/lib/tinyusb/src/portable/raspberrypi/rp2040/dcd_rp2040.c.obj
 .time_critical.e15_is_bulkin_ep
                0x200006c4       0x28 CMakeFiles/main.dir/C_/Program_Files/Raspberry_Pi/Pico_SDK_v1.5.1/pico-sdk/lib/tinyusb/src/portable/raspberrypi/rp2040/rp2040_usb.c.obj
 .time_critical.e15_is_critical_frame_period
                0x200006ec       0x34 CMakeFiles/main.dir/C_/Program_Files/Raspberry_Pi/Pico_SDK_v1.5.1/pico-sdk/lib/tinyusb/src/portable/raspberrypi/rp2040/rp2040_usb.c.obj
 .time_critical.prepare_ep_buffer
                0x20000720       0x6c CMakeFiles/main.dir/C_/Program_Files/Raspberry_Pi/Pico_SDK_v1.5.1/pico-sdk/lib/tinyusb/src/portable/raspberrypi/rp2040/rp2040_usb.c.obj
 .time_critical.sync_ep_buffer
                0x2000078c       0x48 CMakeFiles/main.dir/C_/Program_Files/Raspberry_Pi/Pico_SDK_v1.5.1/pico-sdk/lib/tinyusb/src/portable/raspberrypi/rp2040/rp2040_usb.c.obj
 .time_critical._hw_endpoint_xfer_sync
                0x200007d4       0x28 CMakeFiles/main.dir/C_/Program_Files/Raspberry_Pi/Pico_SDK_v1.5.1/pico-sdk/lib/tinyusb/src/portable/raspberrypi/rp2040/rp2040_usb.c.obj
 .time_critical.hw_endpoint_reset_transfer
                0x200007fc        0xc CMakeFiles/main.dir/C_/Program_Files/Raspberry_Pi/Pico_SDK_v1.5.1/pico-sdk/lib/tinyusb/src/portable/raspberrypi/rp2040/rp2040_usb.c.obj
                0x200007fc                hw_endpoint_reset_transfer
 .time_critical._hw_endpoint_buffer_control_update32
                0x20000808       0x58 CMakeFiles/main.dir/C_/Program_Files/Raspberry_Pi/Pico_SDK_v1.5.1/pico-sdk/lib/tinyusb/src/portable/raspberrypi/rp2040/rp2040_usb.c.obj
                0x20000808                _hw_endpoint_buffer_control_update32
 .time_critical.hw_endpoint_start_next_buffer
                0x20000860       0x6c CMakeFiles/main.dir/C_/Program_Files/Raspberry_Pi/Pico_SDK_v1.5.1/pico-sdk/lib/tinyusb/src/portable/raspberrypi/rp2040/rp2040_usb.c.obj
                0x20000860                hw_endpoint_start_next_buffer
 .time_critical.hw_endpoint_xfer_continue
                0x200008cc       0x50 CMakeFiles/main.dir/C_/Program_Files/Raspberry_Pi/Pico_SDK_v1.5.1/pico-sdk/lib/tinyusb/src/portable/raspberrypi/rp2040/rp2040_usb.c.obj
                0x200008cc                hw_endpoint_xfer_continue
 .time_critical.tinyusb
                0x2000091c      0x16c CMakeFiles/main.dir/C_/Program_Files/Raspberry_Pi/Pico_SDK_v1.5.1/pico-sdk/lib/tinyusb/src/device/usbd.c.obj
                0x2000091c                dcd_event_handler
 .time_critical.mutex_try_enter_block_until
                0x20000a88       0x9c CMakeFiles/main.dir/C_/Program_Files/Raspberry_Pi/Pico_SDK_v1.5.1/pico-sdk/src/common/pico_sync/mutex.c.obj
                0x20000a88                mutex_try_enter_block_until
 .time_critical.mutex_enter_timeout_ms
                0x20000b24       0x90 CMakeFiles/main.dir/C_/Program_Files/Raspberry_Pi/Pico_SDK_v1.5.1/pico-sdk/src/common/pico_sync/mutex.c.obj
                0x20000b24                mutex_enter_timeout_ms
 .time_critical.mutex_exit
                0x20000bb4       0x28 CMakeFiles/main.dir/C_/Program_Files/Raspberry_Pi/Pico_SDK_v1.5.1/pico-sdk/src/common/pico_sync/mutex.c.obj
                0x20000bb4                mutex_exit
 .time_critical.spi_write_read_blocking
                0x20000bdc       0x74 CMakeFiles/main.dir/C_/Program_Files/Raspberry_Pi/Pico_SDK_v1.5.1/pico-sdk/src/rp2_common/hardware_spi/spi.c.obj
                0x20000bdc                spi_write_read_blocking
 .time_critical.flash_init_boot2_copyout
                0x20000c50       0x30 CMakeFiles/main.dir/C_/Program_Files/Raspberry_Pi/Pico_SDK_v1.5.1/pico-sdk/src/rp2_common/hardware_flash/flash.c.obj
 .time_critical.flash_enable_xip_via_boot2
                0x20000c80       0x10 CMakeFiles/main.dir/C_/Program_Files/Raspberry_Pi/Pico_SDK_v1.5.1/pico-sdk/src/rp2_common/hardware_flash/flash.c.obj
 .time_critical.flash_range_erase
                0x20000c90       0x80 CMakeFiles/main.dir/C_/Program_Files/Raspberry_Pi/Pico_SDK_v1.5.1/pico-sdk/src/rp2_common/hardware_flash/flash.c.obj
                0x20000c90                flash_range_erase
 .time_critical.flash_range_program
                0x20000d10       0x80 CMakeFiles/main.dir/C_/Program_Files/Raspberry_Pi/Pico_SDK_v1.5.1/pico-sdk/src/rp2_common/hardware_flash/flash.c.obj
                0x20000d10                flash_range_program
 *(.text*)
 .text          0x20000d90        0x4 c:/vsarm/armgcc/112202~1.02/bin/../lib/gcc/arm-none-eabi/11.2.1/thumb/v6-m/nofp\libgcc.a(_dvmd_tls.o)
                0x20000d90                __aeabi_idiv0
                0x20000d90                __aeabi_ldiv0
 .text.memmove  0x20000d94       0xac c:/vsarm/armgcc/112202~1.02/bin/../lib/gcc/arm-none-eabi/11.2.1/thumb/v6-m/nofp\libc.a(lib_a-memmove.o)
                0x20000d94                memmove
 .text.memmove.__stub
                0x20000e40       0x80 linker stubs
                0x20000ec0                . = ALIGN (0x4)
 *(.rodata*)
                0x20000ec0                . = ALIGN (0x4)
 *(.data*)
 .data.B_BCK_HELP
                0x20000ec0       0x34 CMakeFiles/main.dir/main.c.obj
 .data.B_BCK_PRESET
                0x20000ef4       0x34 CMakeFiles/main.dir/main.c.obj
 .data.B_BPM_BIG_HELP
                0x20000f28       0x34 CMakeFiles/main.dir/main.c.obj
 .data.B_BPM_HELP
                0x20000f5c       0x34 CMakeFiles/main.dir/main.c.obj
 .data.B_BPM_MINUSONE
                0x20000f90       0x34 CMakeFiles/main.dir/main.c.obj
 .data.B_BPM_MINUSTEN
                0x20000fc4       0x34 CMakeFiles/main.dir/main.c.obj
 .data.B_BPM_PLUSONE
                0x20000ff8       0x34 CMakeFiles/main.dir/main.c.obj
 .data.B_BPM_PLUSTEN
                0x2000102c       0x34 CMakeFiles/main.dir/main.c.obj
 .data.B_FWD_HELP
                0x20001060       0x34 CMakeFiles/main.dir/main.c.obj
 .data.B_FWD_PRESET
                0x20001094       0x34 CMakeFiles/main.dir/main.c.obj
 .data.B_LABEL_MENU
                0x200010c8       0x34 CMakeFiles/main.dir/main.c.obj
 .data.B_LABEL_STATIC
                0x200010fc       0x34 CMakeFiles/main.dir/main.c.obj
 .data.B_LS0_HELP
                0x20001130       0x34 CMakeFiles/main.dir/main.c.obj
 .data.B_LS1_HELP
                0x20001164       0x34 CMakeFiles/main.dir/main.c.obj
 .data.B_LS1_SML_HELP
                0x20001198       0x34 CMakeFiles/main.dir/main.c.obj
 .data.B_LS2_HELP
                0x200011cc       0x34 CMakeFiles/main.dir/main.c.obj
 .data.B_LS2_SML_HELP
                0x20001200       0x34 CMakeFiles/main.dir/main.c.obj
 .data.B_RS0_HELP
                0x20001234       0x34 CMakeFiles/main.dir/main.c.obj
 .data.B_RS1_HELP
                0x20001268       0x34 CMakeFiles/main.dir/main.c.obj
 .data.B_RS1_SML_HELP
                0x2000129c       0x34 CMakeFiles/main.dir/main.c.obj
 .data.B_RS2_HELP
                0x200012d0       0x34 CMakeFiles/main.dir/main.c.obj
 .data.B_RS2_SML_HELP
                0x20001304       0x34 CMakeFiles/main.dir/main.c.obj
 .data.B_SCROLL_DN_PRESET
                0x20001338       0x34 CMakeFiles/main.dir/main.c.obj
 .data.B_SCROLL_UP_PRESET
                0x2000136c       0x34 CMakeFiles/main.dir/main.c.obj
 .data.B_SELECT_1
                0x200013a0       0x34 CMakeFiles/main.dir/main.c.obj
 .data.B_SELECT_2
                0x200013d4       0x34 CMakeFiles/main.dir/main.c.obj
 .data.B_SELECT_3
                0x20001408       0x34 CMakeFiles/main.dir/main.c.obj
 .data.B_SELECT_4
                0x2000143c       0x34 CMakeFiles/main.dir/main.c.obj
 .data.B_SELECT_5
                0x20001470       0x34 CMakeFiles/main.dir/main.c.obj
 .data.B_SELECT_6
                0x200014a4       0x34 CMakeFiles/main.dir/main.c.obj
 .data.B_SELECT_7
                0x200014d8       0x34 CMakeFiles/main.dir/main.c.obj
 .data.B_SELECT_8
                0x2000150c       0x34 CMakeFiles/main.dir/main.c.obj
 .data.B_SYSTEM_FACTORY_RESET
                0x20001540       0x34 CMakeFiles/main.dir/main.c.obj
 .data.B_SYSTEM_FACTORY_RESET_CONFIRM
                0x20001574       0x34 CMakeFiles/main.dir/main.c.obj
 .data.B_SYSTEM_FIRMWARE_LOAD
                0x200015a8       0x34 CMakeFiles/main.dir/main.c.obj
 .data.B_SYSTEM_FIRMWARE_SHOW
                0x200015dc       0x34 CMakeFiles/main.dir/main.c.obj
 .data.B_SYSTEM_SYSEX_RECV
                0x20001610       0x34 CMakeFiles/main.dir/main.c.obj
 .data.B_SYSTEM_SYSEX_RECV_START
                0x20001644       0x34 CMakeFiles/main.dir/main.c.obj
 .data.B_SYSTEM_SYSEX_SEND
                0x20001678       0x34 CMakeFiles/main.dir/main.c.obj
 .data.B_SYSTEM_SYSEX_SEND_START
                0x200016ac       0x34 CMakeFiles/main.dir/main.c.obj
 .data.FACTORY_FLASH
                0x200016e0        0x4 CMakeFiles/main.dir/main.c.obj
                0x200016e0                FACTORY_FLASH
 .data.FACTORY_VERSION
                0x200016e4        0x5 CMakeFiles/main.dir/main.c.obj
 *fill*         0x200016e9        0x3 
 .data.FIRMWARE_VERSION
                0x200016ec        0x5 CMakeFiles/main.dir/main.c.obj
 *fill*         0x200016f1        0x7 
 .data.MIDI_CLOCK_TIMER_US
                0x200016f8        0x8 CMakeFiles/main.dir/main.c.obj
 .data.MIDI_LEFT
                0x20001700        0x8 CMakeFiles/main.dir/main.c.obj
                0x20001700                MIDI_LEFT
 .data.MIDI_RIGHT
                0x20001708        0x8 CMakeFiles/main.dir/main.c.obj
                0x20001708                MIDI_RIGHT
 .data.MIDI_USB
                0x20001710        0x8 CMakeFiles/main.dir/main.c.obj
                0x20001710                MIDI_USB
 .data.PRESETS_TEXT
                0x20001718    0x20000 CMakeFiles/main.dir/main.c.obj
 .data.SWITCH_LS0
                0x20021718       0x50 CMakeFiles/main.dir/main.c.obj
                0x20021718                SWITCH_LS0
 .data.SWITCH_LS1
                0x20021768       0x50 CMakeFiles/main.dir/main.c.obj
                0x20021768                SWITCH_LS1
 .data.SWITCH_LS2
                0x200217b8       0x50 CMakeFiles/main.dir/main.c.obj
                0x200217b8                SWITCH_LS2
 .data.SWITCH_RS0
                0x20021808       0x50 CMakeFiles/main.dir/main.c.obj
                0x20021808                SWITCH_RS0
 .data.SWITCH_RS1
                0x20021858       0x50 CMakeFiles/main.dir/main.c.obj
                0x20021858                SWITCH_RS1
 .data.SWITCH_RS2
                0x200218a8       0x50 CMakeFiles/main.dir/main.c.obj
                0x200218a8                SWITCH_RS2
 .data.SWITCH_TOUCH
                0x200218f8       0x50 CMakeFiles/main.dir/main.c.obj
                0x200218f8                SWITCH_TOUCH
 .data.SYNC_1   0x20021948        0x8 CMakeFiles/main.dir/main.c.obj
                0x20021948                SYNC_1
 .data.SYNC_2   0x20021950        0x8 CMakeFiles/main.dir/main.c.obj
                0x20021950                SYNC_2
 .data.USER_FLASH
                0x20021958        0x4 CMakeFiles/main.dir/main.c.obj
                0x20021958                USER_FLASH
 .data.string_desc_arr
                0x2002195c       0x10 CMakeFiles/main.dir/lib/tusb/usb_descriptors.c.obj
                0x2002195c                string_desc_arr
 .data.ep_dir_string
                0x2002196c        0x8 CMakeFiles/main.dir/C_/Program_Files/Raspberry_Pi/Pico_SDK_v1.5.1/pico-sdk/lib/tinyusb/src/portable/raspberrypi/rp2040/rp2040_usb.c.obj
                0x2002196c                ep_dir_string
 .data._usbd_qdef
                0x20021974       0x1c CMakeFiles/main.dir/C_/Program_Files/Raspberry_Pi/Pico_SDK_v1.5.1/pico-sdk/lib/tinyusb/src/device/usbd.c.obj
                0x20021974                _usbd_qdef
 .data._usbd_rhport
                0x20021990        0x1 CMakeFiles/main.dir/C_/Program_Files/Raspberry_Pi/Pico_SDK_v1.5.1/pico-sdk/lib/tinyusb/src/device/usbd.c.obj
 *fill*         0x20021991        0x3 
 .data          0x20021994       0x48 CMakeFiles/main.dir/C_/Program_Files/Raspberry_Pi/Pico_SDK_v1.5.1/pico-sdk/src/rp2_common/hardware_irq/irq_handler_chain.S.obj
                0x20021994                irq_handler_chain_slots
                0x200219c4                irq_handler_chain_first_slot
                0x200219ce                irq_handler_chain_remove_tail
 .data.striped_spin_lock_num
                0x200219dc        0x1 CMakeFiles/main.dir/C_/Program_Files/Raspberry_Pi/Pico_SDK_v1.5.1/pico-sdk/src/rp2_common/hardware_sync/sync.c.obj
 *fill*         0x200219dd        0x3 
 .data.default_alarm_pool
                0x200219e0       0x18 CMakeFiles/main.dir/C_/Program_Files/Raspberry_Pi/Pico_SDK_v1.5.1/pico-sdk/src/common/pico_time/time.c.obj
 .data.default_alarm_pool_heap
                0x200219f8       0x10 CMakeFiles/main.dir/C_/Program_Files/Raspberry_Pi/Pico_SDK_v1.5.1/pico-sdk/src/common/pico_time/time.c.obj
 *fill*         0x20021a08        0x8 